Component: Arm Compiler for Embedded 6.24 Tool: armlink [5f371500]

==============================================================================

Section Cross References

    startup_stm32c011xx.o(RESET) refers to startup_stm32c011xx.o(STACK) for __initial_sp
    startup_stm32c011xx.o(RESET) refers to startup_stm32c011xx.o(.text) for Reset_Handler
    startup_stm32c011xx.o(RESET) refers to stm32c0xx_it.o(.text.NMI_Handler) for NMI_Handler
    startup_stm32c011xx.o(RESET) refers to stm32c0xx_it.o(.text.HardFault_Handler) for HardFault_Handler
    startup_stm32c011xx.o(RESET) refers to stm32c0xx_it.o(.text.SVC_Handler) for SVC_Handler
    startup_stm32c011xx.o(RESET) refers to stm32c0xx_it.o(.text.PendSV_Handler) for PendSV_Handler
    startup_stm32c011xx.o(RESET) refers to stm32c0xx_it.o(.text.SysTick_Handler) for SysTick_Handler
    startup_stm32c011xx.o(RESET) refers to stm32c0xx_it.o(.text.EXTI4_15_IRQHandler) for EXTI4_15_IRQHandler
    startup_stm32c011xx.o(RESET) refers to stm32c0xx_it.o(.text.TIM3_IRQHandler) for TIM3_IRQHandler
    startup_stm32c011xx.o(RESET) refers to stm32c0xx_it.o(.text.TIM14_IRQHandler) for TIM14_IRQHandler
    startup_stm32c011xx.o(RESET) refers to stm32c0xx_it.o(.text.I2C1_IRQHandler) for I2C1_IRQHandler
    startup_stm32c011xx.o(.text) refers to system_stm32c0xx.o(.text.SystemInit) for SystemInit
    startup_stm32c011xx.o(.text) refers to entry.o(.ARM.Collect$$$$00000000) for __main
    iousart.o(.text.iouart1_TXD) refers to stm32c0xx_hal_gpio.o(.text.HAL_GPIO_WritePin) for HAL_GPIO_WritePin
    iousart.o(.ARM.exidx.text.iouart1_TXD) refers to iousart.o(.text.iouart1_TXD) for [Anonymous Symbol]
    iousart.o(.text.iouart1_RXD) refers to stm32c0xx_hal_gpio.o(.text.HAL_GPIO_ReadPin) for HAL_GPIO_ReadPin
    iousart.o(.ARM.exidx.text.iouart1_RXD) refers to iousart.o(.text.iouart1_RXD) for [Anonymous Symbol]
    iousart.o(.text.iouart1_delayUs) refers to main.o(.bss.htim1) for htim1
    iousart.o(.ARM.exidx.text.iouart1_delayUs) refers to iousart.o(.text.iouart1_delayUs) for [Anonymous Symbol]
    iousart.o(.text.iouart1_SendByte) refers to stm32c0xx_hal_gpio.o(.text.HAL_GPIO_WritePin) for HAL_GPIO_WritePin
    iousart.o(.text.iouart1_SendByte) refers to main.o(.bss.htim1) for htim1
    iousart.o(.ARM.exidx.text.iouart1_SendByte) refers to iousart.o(.text.iouart1_SendByte) for [Anonymous Symbol]
    iousart.o(.text.HAL_GPIO_EXTI_Falling_Callback) refers to stm32c0xx_hal_gpio.o(.text.HAL_GPIO_ReadPin) for HAL_GPIO_ReadPin
    iousart.o(.text.HAL_GPIO_EXTI_Falling_Callback) refers to stm32c0xx_hal_tim.o(.text.HAL_TIM_Base_Start_IT) for HAL_TIM_Base_Start_IT
    iousart.o(.text.HAL_GPIO_EXTI_Falling_Callback) refers to iousart.o(.data.recvStat) for recvStat
    iousart.o(.text.HAL_GPIO_EXTI_Falling_Callback) refers to main.o(.bss.htim3) for htim3
    iousart.o(.ARM.exidx.text.HAL_GPIO_EXTI_Falling_Callback) refers to iousart.o(.text.HAL_GPIO_EXTI_Falling_Callback) for [Anonymous Symbol]
    iousart.o(.text.HAL_TIM_PeriodElapsedCallback) refers to stm32c0xx_hal_tim.o(.text.HAL_TIM_Base_Stop_IT) for HAL_TIM_Base_Stop_IT
    iousart.o(.text.HAL_TIM_PeriodElapsedCallback) refers to stm32c0xx_hal_gpio.o(.text.HAL_GPIO_ReadPin) for HAL_GPIO_ReadPin
    iousart.o(.text.HAL_TIM_PeriodElapsedCallback) refers to main.o(.bss.htim3) for htim3
    iousart.o(.text.HAL_TIM_PeriodElapsedCallback) refers to iousart.o(.data.recvStat) for recvStat
    iousart.o(.text.HAL_TIM_PeriodElapsedCallback) refers to iousart.o(.bss.recvData) for recvData
    iousart.o(.text.HAL_TIM_PeriodElapsedCallback) refers to main.o(.bss.htim14) for htim14
    iousart.o(.text.HAL_TIM_PeriodElapsedCallback) refers to main.o(.bss..L_MergedGlobals) for tim14_n
    iousart.o(.text.HAL_TIM_PeriodElapsedCallback) refers to main.o(.bss.rxData) for rxData
    iousart.o(.ARM.exidx.text.HAL_TIM_PeriodElapsedCallback) refers to iousart.o(.text.HAL_TIM_PeriodElapsedCallback) for [Anonymous Symbol]
    ads1220.o(.text.WriteOneByte) refers to stm32c0xx_hal_gpio.o(.text.HAL_GPIO_WritePin) for HAL_GPIO_WritePin
    ads1220.o(.ARM.exidx.text.WriteOneByte) refers to ads1220.o(.text.WriteOneByte) for [Anonymous Symbol]
    ads1220.o(.text.ReadOneByte) refers to stm32c0xx_hal_gpio.o(.text.HAL_GPIO_WritePin) for HAL_GPIO_WritePin
    ads1220.o(.text.ReadOneByte) refers to stm32c0xx_hal_gpio.o(.text.HAL_GPIO_ReadPin) for HAL_GPIO_ReadPin
    ads1220.o(.ARM.exidx.text.ReadOneByte) refers to ads1220.o(.text.ReadOneByte) for [Anonymous Symbol]
    ads1220.o(.text.ReadData) refers to stm32c0xx_hal_gpio.o(.text.HAL_GPIO_WritePin) for HAL_GPIO_WritePin
    ads1220.o(.text.ReadData) refers to ads1220.o(.text.WriteOneByte) for WriteOneByte
    ads1220.o(.text.ReadData) refers to ads1220.o(.text.ReadOneByte) for ReadOneByte
    ads1220.o(.ARM.exidx.text.ReadData) refers to ads1220.o(.text.ReadData) for [Anonymous Symbol]
    ads1220.o(.text.ADReset) refers to stm32c0xx_hal_gpio.o(.text.HAL_GPIO_WritePin) for HAL_GPIO_WritePin
[...]
    __arm_cp.2_5                             0x08002060   Number         4  stm32c0xx_hal_rcc.o(.text.HAL_RCC_ClockConfig)
    __arm_cp.2_6                             0x08002064   Number         4  stm32c0xx_hal_rcc.o(.text.HAL_RCC_ClockConfig)
    [Anonymous Symbol]                       0x08002068   Section        0  stm32c0xx_hal_rcc.o(.text.HAL_RCC_OscConfig)
    __arm_cp.1_0                             0x080022ac   Number         4  stm32c0xx_hal_rcc.o(.text.HAL_RCC_OscConfig)
    __arm_cp.1_1                             0x080022b0   Number         4  stm32c0xx_hal_rcc.o(.text.HAL_RCC_OscConfig)
    __arm_cp.1_2                             0x080022b4   Number         4  stm32c0xx_hal_rcc.o(.text.HAL_RCC_OscConfig)
    __arm_cp.1_3                             0x080022b8   Number         4  stm32c0xx_hal_rcc.o(.text.HAL_RCC_OscConfig)
    __arm_cp.1_4                             0x080022bc   Number         4  stm32c0xx_hal_rcc.o(.text.HAL_RCC_OscConfig)
    [Anonymous Symbol]                       0x080022c0   Section        0  stm32c0xx_hal_cortex.o(.text.HAL_SYSTICK_Config)
    __arm_cp.4_0                             0x080022e8   Number         4  stm32c0xx_hal_cortex.o(.text.HAL_SYSTICK_Config)
    __arm_cp.4_1                             0x080022ec   Number         4  stm32c0xx_hal_cortex.o(.text.HAL_SYSTICK_Config)
    __arm_cp.4_2                             0x080022f0   Number         4  stm32c0xx_hal_cortex.o(.text.HAL_SYSTICK_Config)
    [Anonymous Symbol]                       0x080022f4   Section        0  stm32c0xx_hal_tim_ex.o(.text.HAL_TIMEx_Break2Callback)
    [Anonymous Symbol]                       0x080022f6   Section        0  stm32c0xx_hal_tim_ex.o(.text.HAL_TIMEx_BreakCallback)
    [Anonymous Symbol]                       0x080022f8   Section        0  stm32c0xx_hal_tim_ex.o(.text.HAL_TIMEx_CommutCallback)
    [Anonymous Symbol]                       0x080022fc   Section        0  stm32c0xx_hal_tim_ex.o(.text.HAL_TIMEx_MasterConfigSynchronization)
    [Anonymous Symbol]                       0x08002354   Section        0  stm32c0xx_hal_tim.o(.text.HAL_TIM_Base_Init)
    __arm_cp.0_2                             0x08002410   Number         4  stm32c0xx_hal_tim.o(.text.HAL_TIM_Base_Init)
    __arm_cp.0_3                             0x08002414   Number         4  stm32c0xx_hal_tim.o(.text.HAL_TIM_Base_Init)
    __arm_cp.0_4                             0x08002418   Number         4  stm32c0xx_hal_tim.o(.text.HAL_TIM_Base_Init)
    [Anonymous Symbol]                       0x0800241c   Section        0  stm32c0xx_hal_msp.o(.text.HAL_TIM_Base_MspInit)
    __arm_cp.3_1                             0x08002490   Number         4  stm32c0xx_hal_msp.o(.text.HAL_TIM_Base_MspInit)
    __arm_cp.3_3                             0x08002494   Number         4  stm32c0xx_hal_msp.o(.text.HAL_TIM_Base_MspInit)
    [Anonymous Symbol]                       0x08002498   Section        0  stm32c0xx_hal_tim.o(.text.HAL_TIM_Base_Start_IT)
    __arm_cp.7_0                             0x080024e0   Number         4  stm32c0xx_hal_tim.o(.text.HAL_TIM_Base_Start_IT)
    __arm_cp.7_1                             0x080024e4   Number         4  stm32c0xx_hal_tim.o(.text.HAL_TIM_Base_Start_IT)
    __arm_cp.7_2                             0x080024e8   Number         4  stm32c0xx_hal_tim.o(.text.HAL_TIM_Base_Start_IT)
    [Anonymous Symbol]                       0x080024ec   Section        0  stm32c0xx_hal_tim.o(.text.HAL_TIM_Base_Stop_IT)
    __arm_cp.8_0                             0x08002520   Number         4  stm32c0xx_hal_tim.o(.text.HAL_TIM_Base_Stop_IT)
    __arm_cp.8_1                             0x08002524   Number         4  stm32c0xx_hal_tim.o(.text.HAL_TIM_Base_Stop_IT)
    [Anonymous Symbol]                       0x08002528   Section        0  stm32c0xx_hal_tim.o(.text.HAL_TIM_ConfigClockSource)
    __arm_cp.90_0                            0x0800267c   Number         4  stm32c0xx_hal_tim.o(.text.HAL_TIM_ConfigClockSource)
    __arm_cp.90_1                            0x08002680   Number         4  stm32c0xx_hal_tim.o(.text.HAL_TIM_ConfigClockSource)
    [Anonymous Symbol]                       0x08002684   Section        0  stm32c0xx_hal_tim.o(.text.HAL_TIM_IC_CaptureCallback)
    [Anonymous Symbol]                       0x08002688   Section        0  stm32c0xx_hal_tim.o(.text.HAL_TIM_IRQHandler)
    __arm_cp.67_0                            0x08002858   Number         4  stm32c0xx_hal_tim.o(.text.HAL_TIM_IRQHandler)
    [Anonymous Symbol]                       0x0800285c   Section        0  stm32c0xx_hal_tim.o(.text.HAL_TIM_OC_DelayElapsedCallback)
    [Anonymous Symbol]                       0x0800285e   Section        0  stm32c0xx_hal_tim.o(.text.HAL_TIM_PWM_PulseFinishedCallback)
    [Anonymous Symbol]                       0x08002860   Section        0  iousart.o(.text.HAL_TIM_PeriodElapsedCallback)
    __arm_cp.5_0                             0x080028d8   Number         4  iousart.o(.text.HAL_TIM_PeriodElapsedCallback)
    __arm_cp.5_1                             0x080028dc   Number         4  iousart.o(.text.HAL_TIM_PeriodElapsedCallback)
    __arm_cp.5_2                             0x080028e0   Number         4  iousart.o(.text.HAL_TIM_PeriodElapsedCallback)
    __arm_cp.5_3                             0x080028e4   Number         4  iousart.o(.text.HAL_TIM_PeriodElapsedCallback)
    __arm_cp.5_4                             0x080028e8   Number         4  iousart.o(.text.HAL_TIM_PeriodElapsedCallback)
    __arm_cp.5_5                             0x080028ec   Number         4  iousart.o(.text.HAL_TIM_PeriodElapsedCallback)
    __arm_cp.5_6                             0x080028f0   Number         4  iousart.o(.text.HAL_TIM_PeriodElapsedCallback)
    [Anonymous Symbol]                       0x080028f4   Section        0  stm32c0xx_hal_tim.o(.text.HAL_TIM_TriggerCallback)
    [Anonymous Symbol]                       0x080028f6   Section        0  stm32c0xx_it.o(.text.HardFault_Handler)
    [Anonymous Symbol]                       0x080028f8   Section        0  stm32c0xx_it.o(.text.I2C1_IRQHandler)
    __arm_cp.8_0                             0x08002918   Number         4  stm32c0xx_it.o(.text.I2C1_IRQHandler)
    I2C_DMAAbort                             0x0800291d   Thumb Code    62  stm32c0xx_hal_i2c.o(.text.I2C_DMAAbort)
    [Anonymous Symbol]                       0x0800291c   Section        0  stm32c0xx_hal_i2c.o(.text.I2C_DMAAbort)
    I2C_ITAddrCplt                           0x0800295d   Thumb Code   152  stm32c0xx_hal_i2c.o(.text.I2C_ITAddrCplt)
    [Anonymous Symbol]                       0x0800295c   Section        0  stm32c0xx_hal_i2c.o(.text.I2C_ITAddrCplt)
    __arm_cp.70_0                            0x080029f4   Number         4  stm32c0xx_hal_i2c.o(.text.I2C_ITAddrCplt)
    I2C_ITError                              0x080029f9   Thumb Code   336  stm32c0xx_hal_i2c.o(.text.I2C_ITError)
    [Anonymous Symbol]                       0x080029f8   Section        0  stm32c0xx_hal_i2c.o(.text.I2C_ITError)
    __arm_cp.52_1                            0x08002b48   Number         4  stm32c0xx_hal_i2c.o(.text.I2C_ITError)
    __arm_cp.52_2                            0x08002b4c   Number         4  stm32c0xx_hal_i2c.o(.text.I2C_ITError)
    I2C_ITSlaveCplt                          0x08002b51   Thumb Code   508  stm32c0xx_hal_i2c.o(.text.I2C_ITSlaveCplt)
    [Anonymous Symbol]                       0x08002b50   Section        0  stm32c0xx_hal_i2c.o(.text.I2C_ITSlaveCplt)
    __arm_cp.68_0                            0x08002d4c   Number         4  stm32c0xx_hal_i2c.o(.text.I2C_ITSlaveCplt)
    __arm_cp.68_1                            0x08002d50   Number         4  stm32c0xx_hal_i2c.o(.text.I2C_ITSlaveCplt)
    I2C_ITSlaveSeqCplt                       0x08002d55   Thumb Code   124  stm32c0xx_hal_i2c.o(.text.I2C_ITSlaveSeqCplt)
    [Anonymous Symbol]                       0x08002d54   Section        0  stm32c0xx_hal_i2c.o(.text.I2C_ITSlaveSeqCplt)
    I2C_Slave_ISR_IT                         0x08002dd1   Thumb Code   552  stm32c0xx_hal_i2c.o(.text.I2C_Slave_ISR_IT)
    [Anonymous Symbol]                       0x08002dd0   Section        0  stm32c0xx_hal_i2c.o(.text.I2C_Slave_ISR_IT)
    __arm_cp.16_0                            0x08002ff8   Number         4  stm32c0xx_hal_i2c.o(.text.I2C_Slave_ISR_IT)
    __arm_cp.16_1                            0x08002ffc   Number         4  stm32c0xx_hal_i2c.o(.text.I2C_Slave_ISR_IT)
    __arm_cp.16_2                            0x08003000   Number         4  stm32c0xx_hal_i2c.o(.text.I2C_Slave_ISR_IT)
    __arm_cp.16_3                            0x08003004   Number         4  stm32c0xx_hal_i2c.o(.text.I2C_Slave_ISR_IT)
    [Anonymous Symbol]                       0x08003008   Section        0  stm32c0xx_it.o(.text.NMI_Handler)
    [Anonymous Symbol]                       0x0800300a   Section        0  stm32c0xx_it.o(.text.PendSV_Handler)
    [Anonymous Symbol]                       0x0800300c   Section        0  ads1220.o(.text.ReadOneByte)
    [Anonymous Symbol]                       0x08003176   Section        0  stm32c0xx_it.o(.text.SVC_Handler)
    [Anonymous Symbol]                       0x08003178   Section        0  stm32c0xx_it.o(.text.SysTick_Handler)
    [Anonymous Symbol]                       0x08003180   Section        0  system_stm32c0xx.o(.text.SystemInit)
    __arm_cp.0_0                             0x0800318c   Number         4  system_stm32c0xx.o(.text.SystemInit)
    [Anonymous Symbol]                       0x08003190   Section        0  stm32c0xx_it.o(.text.TIM14_IRQHandler)
    __arm_cp.7_0                             0x0800319c   Number         4  stm32c0xx_it.o(.text.TIM14_IRQHandler)
    [Anonymous Symbol]                       0x080031a0   Section        0  stm32c0xx_it.o(.text.TIM3_IRQHandler)
    __arm_cp.6_0                             0x080031ac   Number         4  stm32c0xx_it.o(.text.TIM3_IRQHandler)
    [Anonymous Symbol]                       0x080031b0   Section        0  main.o(.text.USART2_printf)
    __arm_cp.1_2                             0x080036f0   Number         4  main.o(.text.USART2_printf)
    [Anonymous Symbol]                       0x080038ec   Section        0  ads1220.o(.text.WriteOneByte)
    _f_s                                     0x08003a1d   Thumb Code   788  pa_rrf.o(.text._f_s)
    [Anonymous Symbol]                       0x08003a1c   Section        0  pa_rrf.o(.text._f_s)
    __arm_cp.8_1                             0x08003d30   Number         4  pa_rrf.o(.text._f_s)
    __arm_cp.8_2                             0x08003d34   Number         4  pa_rrf.o(.text._f_s)
    _u32_s                                   0x08003d39   Thumb Code   244  pa_rrf.o(.text._u32_s)
    [Anonymous Symbol]                       0x08003d38   Section        0  pa_rrf.o(.text._u32_s)
    __arm_cp.7_0                             0x08003e2c   Number         4  pa_rrf.o(.text._u32_s)
    _wait_ok_with_adc                        0x08003e31   Thumb Code   208  pa_rrf.o(.text._wait_ok_with_adc)
    [Anonymous Symbol]                       0x08003e30   Section        0  pa_rrf.o(.text._wait_ok_with_adc)
    __arm_cp.9_0                             0x08003f00   Number         4  pa_rrf.o(.text._wait_ok_with_adc)
    __arm_cp.9_1                             0x08003f04   Number         4  pa_rrf.o(.text._wait_ok_with_adc)
    __arm_cp.9_2                             0x08003f08   Number         4  pa_rrf.o(.text._wait_ok_with_adc)
    __arm_cp.9_3                             0x08003f0c   Number         4  pa_rrf.o(.text._wait_ok_with_adc)
    __arm_cp.9_4                             0x08003f10   Number         4  pa_rrf.o(.text._wait_ok_with_adc)
    __arm_cp.9_5                             0x08003f14   Number         4  pa_rrf.o(.text._wait_ok_with_adc)
    __arm_cp.9_6                             0x08003f18   Number         4  pa_rrf.o(.text._wait_ok_with_adc)
    __arm_cp.9_7                             0x08003f1c   Number         4  pa_rrf.o(.text._wait_ok_with_adc)
    __arm_cp.9_8                             0x08003f20   Number         4  pa_rrf.o(.text._wait_ok_with_adc)
    __arm_cp.9_9                             0x08003f24   Number         4  pa_rrf.o(.text._wait_ok_with_adc)
    __arm_cp.9_10                            0x08003f28   Number         4  pa_rrf.o(.text._wait_ok_with_adc)
    config_save                              0x08003f71   Thumb Code    80  main.o(.text.config_save)
    [Anonymous Symbol]                       0x08003f70   Section        0  main.o(.text.config_save)
    __arm_cp.4_0                             0x08003fc0   Number         4  main.o(.text.config_save)
    __arm_cp.4_2                             0x08003fc4   Number         4  main.o(.text.config_save)
    [Anonymous Symbol]                       0x08003fc8   Section        0  main.o(.text.find_normal_endstop)
    __arm_cp.2_0                             0x080040fc   Number         4  main.o(.text.find_normal_endstop)
    __arm_cp.2_1                             0x08004100   Number         4  main.o(.text.find_normal_endstop)
    [Anonymous Symbol]                       0x08004104   Section        0  iousart.o(.text.iouart1_SendByte)
    __arm_cp.3_0                             0x080042dc   Number         4  iousart.o(.text.iouart1_SendByte)
    [Anonymous Symbol]                       0x080042e0   Section        0  main.o(.text.main)
    __arm_cp.14_33                           0x08004708   Number         4  main.o(.text.main)
    __arm_cp.14_34                           0x0800470c   Number         4  main.o(.text.main)
    __arm_cp.14_35                           0x08004710   Number         4  main.o(.text.main)
    __arm_cp.14_37                           0x08004718   Number         4  main.o(.text.main)
    __arm_cp.14_38                           0x0800471c   Number         4  main.o(.text.main)
    __arm_cp.14_39                           0x08004720   Number         4  main.o(.text.main)
    __arm_cp.14_40                           0x08004724   Number         4  main.o(.text.main)
    __arm_cp.14_42                           0x0800472c   Number         4  main.o(.text.main)
    __arm_cp.14_43                           0x08004730   Number         4  main.o(.text.main)
    __arm_cp.14_45                           0x08004738   Number         4  main.o(.text.main)
    __arm_cp.14_46                           0x0800473c   Number         4  main.o(.text.main)
    __arm_cp.14_3                            0x08004898   Number         4  main.o(.text.main)
    __arm_cp.14_8                            0x0800489c   Number         4  main.o(.text.main)
    __arm_cp.14_11                           0x080048a0   Number         4  main.o(.text.main)
    __arm_cp.14_14                           0x080048a4   Number         4  main.o(.text.main)
    __arm_cp.14_15                           0x080048a8   Number         4  main.o(.text.main)
    __arm_cp.14_16                           0x080048ac   Number         4  main.o(.text.main)
    __arm_cp.14_17                           0x080048b0   Number         4  main.o(.text.main)
    __arm_cp.14_18                           0x080048b4   Number         4  main.o(.text.main)
    __arm_cp.14_19                           0x080048b8   Number         4  main.o(.text.main)
    __arm_cp.14_20                           0x080048bc   Number         4  main.o(.text.main)
    __arm_cp.14_21                           0x080048c0   Number         4  main.o(.text.main)
    __arm_cp.14_22                           0x080048c4   Number         4  main.o(.text.main)
    __arm_cp.14_24                           0x080048d0   Number         4  main.o(.text.main)
    __arm_cp.14_25                           0x080048d4   Number         4  main.o(.text.main)
    __arm_cp.14_26                           0x080048d8   Number         4  main.o(.text.main)
    __arm_cp.14_28                           0x080048e4   Number         4  main.o(.text.main)
    __arm_cp.14_29                           0x080048e8   Number         4  main.o(.text.main)
    __arm_cp.14_30                           0x080048ec   Number         4  main.o(.text.main)
    __arm_cp.14_32                           0x08004900   Number         4  main.o(.text.main)
    [Anonymous Symbol]                       0x08004904   Section        0  pa_rrf.o(.text.pa_rrf_abort)
    __arm_cp.4_0                             0x08004934   Number         4  pa_rrf.o(.text.pa_rrf_abort)
    __arm_cp.4_1                             0x08004938   Number         4  pa_rrf.o(.text.pa_rrf_abort)
    [Anonymous Symbol]                       0x08004954   Section        0  pa_rrf.o(.text.pa_rrf_get_state)
    __arm_cp.2_0                             0x0800495c   Number         4  pa_rrf.o(.text.pa_rrf_get_state)
    [Anonymous Symbol]                       0x08004960   Section        0  pa_rrf.o(.text.pa_rrf_params_default)
    __arm_cp.0_0                             0x08004998   Number         4  pa_rrf.o(.text.pa_rrf_params_default)
    __arm_cp.0_1                             0x0800499c   Number         4  pa_rrf.o(.text.pa_rrf_params_default)
    __arm_cp.0_2                             0x080049a0   Number         4  pa_rrf.o(.text.pa_rrf_params_default)
    __arm_cp.0_3                             0x080049a4   Number         4  pa_rrf.o(.text.pa_rrf_params_default)
    __arm_cp.0_4                             0x080049a8   Number         4  pa_rrf.o(.text.pa_rrf_params_default)
    __arm_cp.0_5                             0x080049ac   Number         4  pa_rrf.o(.text.pa_rrf_params_default)
    __arm_cp.0_6                             0x080049b0   Number         4  pa_rrf.o(.text.pa_rrf_params_default)
    __arm_cp.0_7                             0x080049b4   Number         4  pa_rrf.o(.text.pa_rrf_params_default)
    __arm_cp.0_8                             0x080049b8   Number         4  pa_rrf.o(.text.pa_rrf_params_default)
    __arm_cp.0_9                             0x080049bc   Number         4  pa_rrf.o(.text.pa_rrf_params_default)
    [Anonymous Symbol]                       0x080049c0   Section        0  pa_rrf.o(.text.pa_rrf_parse_params)
    __arm_cp.1_0                             0x08004b10   Number         4  pa_rrf.o(.text.pa_rrf_parse_params)
    __arm_cp.1_1                             0x08004b14   Number         4  pa_rrf.o(.text.pa_rrf_parse_params)
    __arm_cp.1_2                             0x08004b18   Number         4  pa_rrf.o(.text.pa_rrf_parse_params)
    [Anonymous Symbol]                       0x08004b1c   Section        0  pa_rrf.o(.text.pa_rrf_run)
    __arm_cp.6_49                            0x08004f34   Number         4  pa_rrf.o(.text.pa_rrf_run)
    __arm_cp.6_50                            0x08004f38   Number         4  pa_rrf.o(.text.pa_rrf_run)
    __arm_cp.6_52                            0x08004f40   Number         4  pa_rrf.o(.text.pa_rrf_run)
    __arm_cp.6_55                            0x08004f4c   Number         4  pa_rrf.o(.text.pa_rrf_run)
    __arm_cp.6_56                            0x08004f50   Number         4  pa_rrf.o(.text.pa_rrf_run)
    __arm_cp.6_57                            0x08004f54   Number         4  pa_rrf.o(.text.pa_rrf_run)
    __arm_cp.6_59                            0x08004f78   Number         4  pa_rrf.o(.text.pa_rrf_run)
    __arm_cp.6_63                            0x08004f88   Number         4  pa_rrf.o(.text.pa_rrf_run)
    __arm_cp.6_68                            0x08004f9c   Number         4  pa_rrf.o(.text.pa_rrf_run)
    __arm_cp.6_69                            0x08004fa0   Number         4  pa_rrf.o(.text.pa_rrf_run)
    __arm_cp.6_70                            0x08004fa4   Number         4  pa_rrf.o(.text.pa_rrf_run)
    __arm_cp.6_71                            0x08004fa8   Number         4  pa_rrf.o(.text.pa_rrf_run)
    __arm_cp.6_73                            0x08004fb0   Number         4  pa_rrf.o(.text.pa_rrf_run)
    __arm_cp.6_74                            0x08004fb4   Number         4  pa_rrf.o(.text.pa_rrf_run)
    __arm_cp.6_75                            0x08004fb8   Number         4  pa_rrf.o(.text.pa_rrf_run)
    __arm_cp.6_76                            0x08004fbc   Number         4  pa_rrf.o(.text.pa_rrf_run)
    __arm_cp.6_85                            0x08005690   Number         4  pa_rrf.o(.text.pa_rrf_run)
    __arm_cp.6_86                            0x08005694   Number         4  pa_rrf.o(.text.pa_rrf_run)
    __arm_cp.6_87                            0x08005698   Number         4  pa_rrf.o(.text.pa_rrf_run)
    __arm_cp.6_88                            0x0800569c   Number         4  pa_rrf.o(.text.pa_rrf_run)
    __arm_cp.6_89                            0x080056a0   Number         4  pa_rrf.o(.text.pa_rrf_run)
    __arm_cp.6_91                            0x080056a8   Number         4  pa_rrf.o(.text.pa_rrf_run)
    __arm_cp.6_92                            0x080056ac   Number         4  pa_rrf.o(.text.pa_rrf_run)
    __arm_cp.6_93                            0x080056b0   Number         4  pa_rrf.o(.text.pa_rrf_run)
    __arm_cp.6_94                            0x080056b4   Number         4  pa_rrf.o(.text.pa_rrf_run)
    __arm_cp.6_99                            0x080056e4   Number         4  pa_rrf.o(.text.pa_rrf_run)
    __arm_cp.6_100                           0x080056e8   Number         4  pa_rrf.o(.text.pa_rrf_run)
    __arm_cp.6_101                           0x080056ec   Number         4  pa_rrf.o(.text.pa_rrf_run)
    __arm_cp.6_2                             0x08005934   Number         4  pa_rrf.o(.text.pa_rrf_run)
    __arm_cp.6_4                             0x08005938   Number         4  pa_rrf.o(.text.pa_rrf_run)
    __arm_cp.6_5                             0x0800593c   Number         4  pa_rrf.o(.text.pa_rrf_run)
    __arm_cp.6_6                             0x08005940   Number         4  pa_rrf.o(.text.pa_rrf_run)
    __arm_cp.6_12                            0x08005968   Number         4  pa_rrf.o(.text.pa_rrf_run)
    __arm_cp.6_13                            0x0800596c   Number         4  pa_rrf.o(.text.pa_rrf_run)
    __arm_cp.6_15                            0x08005970   Number         4  pa_rrf.o(.text.pa_rrf_run)
    __arm_cp.6_16                            0x08005974   Number         4  pa_rrf.o(.text.pa_rrf_run)
    __arm_cp.6_18                            0x08005998   Number         4  pa_rrf.o(.text.pa_rrf_run)
    __arm_cp.6_19                            0x0800599c   Number         4  pa_rrf.o(.text.pa_rrf_run)
    __arm_cp.6_20                            0x080059a0   Number         4  pa_rrf.o(.text.pa_rrf_run)
    [Anonymous Symbol]                       0x080059a8   Section        0  pa_rrf.o(.text.pa_rrf_start)
    __arm_cp.5_0                             0x08005a20   Number         4  pa_rrf.o(.text.pa_rrf_start)
    __arm_cp.5_2                             0x08005a40   Number         4  pa_rrf.o(.text.pa_rrf_start)
    __arm_cp.5_3                             0x08005a44   Number         4  pa_rrf.o(.text.pa_rrf_start)
    __arm_cp.5_4                             0x08005a48   Number         4  pa_rrf.o(.text.pa_rrf_start)
    __arm_cp.5_5                             0x08005a4c   Number         4  pa_rrf.o(.text.pa_rrf_start)
    __arm_cp.5_6                             0x08005a50   Number         4  pa_rrf.o(.text.pa_rrf_start)
    __arm_cp.5_7                             0x08005a54   Number         4  pa_rrf.o(.text.pa_rrf_start)
    __arm_cp.5_8                             0x08005a58   Number         4  pa_rrf.o(.text.pa_rrf_start)
    [Anonymous Symbol]                       0x08005a70   Section        0  main.o(.text.process_cmd)
    __arm_cp.0_0                             0x08005ce8   Number         4  main.o(.text.process_cmd)
    __arm_cp.0_1                             0x08005cec   Number         4  main.o(.text.process_cmd)
    __arm_cp.0_5                             0x08005d48   Number         4  main.o(.text.process_cmd)
    __arm_cp.0_6                             0x08005d4c   Number         4  main.o(.text.process_cmd)
    __arm_cp.0_9                             0x08005d80   Number         4  main.o(.text.process_cmd)
    __arm_cp.0_11                            0x08005d84   Number         4  main.o(.text.process_cmd)
    __arm_cp.0_12                            0x08005d88   Number         4  main.o(.text.process_cmd)
    __arm_cp.0_13                            0x08005d8c   Number         4  main.o(.text.process_cmd)
    __arm_cp.0_14                            0x08005d90   Number         4  main.o(.text.process_cmd)
    [Anonymous Symbol]                       0x08005d94   Section        0  main.o(.text.process_triggered)
    __arm_cp.11_0                            0x08005ff4   Number         4  main.o(.text.process_triggered)
    __arm_cp.11_1                            0x08005ff8   Number         4  main.o(.text.process_triggered)
    __arm_cp.11_2                            0x08005ffc   Number         4  main.o(.text.process_triggered)
    __arm_cp.11_3                            0x08006000   Number         4  main.o(.text.process_triggered)
    __arm_cp.11_4                            0x08006004   Number         4  main.o(.text.process_triggered)
    __arm_cp.11_6                            0x08006008   Number         4  main.o(.text.process_triggered)
    __arm_cp.11_7                            0x0800600c   Number         4  main.o(.text.process_triggered)
    [Anonymous Symbol]                       0x08006010   Section        0  rrf_comm.o(.text.rrf_comm_init)
    [Anonymous Symbol]                       0x08006024   Section        0  rrf_comm.o(.text.rrf_feed_byte)
    __arm_cp.4_0                             0x08006080   Number         4  rrf_comm.o(.text.rrf_feed_byte)
    __arm_cp.4_1                             0x08006084   Number         4  rrf_comm.o(.text.rrf_feed_byte)
    __arm_cp.4_2                             0x08006088   Number         4  rrf_comm.o(.text.rrf_feed_byte)
    [Anonymous Symbol]                       0x08006094   Section        0  rrf_comm.o(.text.rrf_ok_consume)
    [Anonymous Symbol]                       0x080060a4   Section        0  rrf_comm.o(.text.rrf_ok_pending)
    [Anonymous Symbol]                       0x080060b0   Section        0  rrf_comm.o(.text.rrf_reset_line_counter)
    [Anonymous Symbol]                       0x080060b8   Section        0  rrf_comm.o(.text.rrf_send)
    __arm_cp.2_0                             0x080062e4   Number         4  rrf_comm.o(.text.rrf_send)
    __arm_cp.2_1                             0x080062e8   Number         4  rrf_comm.o(.text.rrf_send)
    __arm_cp.2_2                             0x080062ec   Number         4  rrf_comm.o(.text.rrf_send)
    [Anonymous Symbol]                       0x080062f0   Section        0  rrf_comm.o(.text.rrf_send_raw)
    [Anonymous Symbol]                       0x08006314   Section        0  main.o(.text.set_open)
    __arm_cp.3_0                             0x08006358   Number         4  main.o(.text.set_open)
    __arm_cp.3_1                             0x0800635c   Number         4  main.o(.text.set_open)
    __arm_cp.3_2                             0x08006360   Number         4  main.o(.text.set_open)
    i.__0sprintf$1                           0x08006364   Section        0  printf1.o(i.__0sprintf$1)
    i.__ARM_clz                              0x0800638c   Section        0  depilogue.o(i.__ARM_clz)
    i.__aeabi_errno_addr                     0x080063bc   Section        0  errno.o(i.__aeabi_errno_addr)
    i.__read_errno                           0x080063c4   Section        0  errno.o(i.__read_errno)
    i.__scatterload_copy                     0x080063d0   Section       14  handlers.o(i.__scatterload_copy)
    i.__scatterload_null                     0x080063de   Section        2  handlers.o(i.__scatterload_null)
    i.__scatterload_zeroinit                 0x080063e0   Section       14  handlers.o(i.__scatterload_zeroinit)
    i.__set_errno                            0x080063f0   Section        0  errno.o(i.__set_errno)
    i._is_digit                              0x080063fc   Section        0  scanf_fp.o(i._is_digit)
    _printf_core                             0x0800640d   Thumb Code   332  printf1.o(i._printf_core)
    i._printf_core                           0x0800640c   Section        0  printf1.o(i._printf_core)
    _sputc                                   0x0800655d   Thumb Code    10  printf1.o(i._sputc)
    i._sputc                                 0x0800655c   Section        0  printf1.o(i._sputc)
    i.atof                                   0x08006566   Section        0  atof.o(i.atof)
    i.find_normal                            0x08006594   Section        0  pa.o(i.find_normal)
    i.get_low_value                          0x08006624   Section        0  pa.o(i.get_low_value)
    i.has_plus                               0x0800692c   Section        0  pa.o(i.has_plus)
    .constdata                               0x08006998   Section      129  ctype_o.o(.constdata)
    table                                    0x08006a1c   Data           4  ctype_o.o(.constdata)
    .constdata                               0x08006a1c   Section        4  ctype_o.o(.constdata)
    [Anonymous Symbol]                       0x08006a60   Section        0  main.o(.rodata.str1.1)
    [Anonymous Symbol]                       0x08006ae8   Section        0  pa_rrf.o(.rodata.str1.1)
    [Anonymous Symbol]                       0x08006c50   Section        0  pa_rrf.o(.rodata.str1.4)
    .data                                    0x20000000   Section       56  pa.o(.data)
    _errno                                   0x20000038   Data           4  errno.o(.data)
    .data                                    0x20000038   Section        4  errno.o(.data)
    [Anonymous Symbol]                       0x2000003c   Section        0  stm32c0xx_hal.o(.data..L_MergedGlobals)
    .bss                                     0x20000050   Section      512  pa.o(.bss)
    [Anonymous Symbol]                       0x20000250   Section        0  main.o(.bss..L_MergedGlobals)
    first_byte_state                         0x20000252   Data           1  main.o(.bss..L_MergedGlobals)
    s_dispatch_len                           0x20000254   Data           1  main.o(.bss..L_MergedGlobals)
    s_ok_count                               0x200002b0   Data           1  rrf_comm.o(.bss..L_MergedGlobals)
    [Anonymous Symbol]                       0x200002b0   Section        0  rrf_comm.o(.bss..L_MergedGlobals)
    s_rx_len                                 0x200002b1   Data           1  rrf_comm.o(.bss..L_MergedGlobals)
    s_line_num                               0x200002b4   Data           4  rrf_comm.o(.bss..L_MergedGlobals)
    s_state                                  0x200002b8   Data           1  pa_rrf.o(.bss..L_MergedGlobals)
    [Anonymous Symbol]                       0x200002b8   Section        0  pa_rrf.o(.bss..L_MergedGlobals)
    s_data_count                             0x200002b9   Data           1  pa_rrf.o(.bss..L_MergedGlobals)
    s_step                                   0x200002ba   Data           1  pa_rrf.o(.bss..L_MergedGlobals)
    s_pa_list_snapshot                       0x200002bb   Data           1  pa_rrf.o(.bss..L_MergedGlobals)
    s_last_ok_time                           0x200002bc   Data           4  pa_rrf.o(.bss..L_MergedGlobals)
    s_rx_read                                0x200002c0   Data           4  pa_rrf.o(.bss..L_MergedGlobals)
    s_result                                 0x200002c8   Data           8  pa_rrf.o(.bss..L_MergedGlobals)
    s_params                                 0x200002d0   Data          52  pa_rrf.o(.bss..L_MergedGlobals)
    s_data                                   0x20000d20   Data         512  pa_rrf.o(.bss.s_data)
    [Anonymous Symbol]                       0x20000d20   Section        0  pa_rrf.o(.bss.s_data)
    s_dispatch_buf                           0x20000f20   Data         128  main.o(.bss.s_dispatch_buf)
    [Anonymous Symbol]                       0x20000f20   Section        0  main.o(.bss.s_dispatch_buf)
    s_rx_buf                                 0x20000fa0   Data         128  rrf_comm.o(.bss.s_rx_buf)
    [Anonymous Symbol]                       0x20000fa0   Section        0  rrf_comm.o(.bss.s_rx_buf)
    s_tx_buf                                 0x20001020   Data         256  rrf_comm.o(.bss.s_tx_buf)
    [Anonymous Symbol]                       0x20001020   Section        0  rrf_comm.o(.bss.s_tx_buf)
    STACK                                    0x20001128   Section     1024  startup_stm32c011xx.o(STACK)

    Global Symbols

    Symbol Name                              Value     Ov Type        Size  Object(Section)

    BuildAttributes$$THM_ISAv3M$S$PE$A:L22$X:L11$S22$IEEE1$IW$~IW$USESV6$~STKCKD$USESV7$~SHL$OTIME$ROPI$IEEEJ$EBA8$MICROLIB$REQ8$PRES8$EABIv2 0x00000000   Number         0  anon$$obj.o ABSOLUTE
    _printf_a                                0x00000000   Number         0  printfstubs.o ABSOLUTE
    _printf_c                                0x00000000   Number         0  printfstubs.o ABSOLUTE
    _printf_charcount                        0x00000000   Number         0  printfstubs.o ABSOLUTE
    _printf_d                                0x00000000   Number         0  printfstubs.o ABSOLUTE
    _printf_e                                0x00000000   Number         0  printfstubs.o ABSOLUTE
    _printf_f                                0x00000000   Number         0  printfstubs.o ABSOLUTE
    _printf_flags                            0x00000000   Number         0  printfstubs.o ABSOLUTE
    _printf_fp_dec                           0x00000000   Number         0  printfstubs.o ABSOLUTE
    _printf_fp_hex                           0x00000000   Number         0  printfstubs.o ABSOLUTE
    _printf_g                                0x00000000   Number         0  printfstubs.o ABSOLUTE
    _printf_i                                0x00000000   Number         0  printfstubs.o ABSOLUTE
    _printf_int_dec                          0x00000000   Number         0  printfstubs.o ABSOLUTE
    _printf_l                                0x00000000   Number         0  printfstubs.o ABSOLUTE
    _printf_lc                               0x00000000   Number         0  printfstubs.o ABSOLUTE
    _printf_ll                               0x00000000   Number         0  printfstubs.o ABSOLUTE
    _printf_lld                              0x00000000   Number         0  printfstubs.o ABSOLUTE
    _printf_lli                              0x00000000   Number         0  printfstubs.o ABSOLUTE
    _printf_llo                              0x00000000   Number         0  printfstubs.o ABSOLUTE
    _printf_llu                              0x00000000   Number         0  printfstubs.o ABSOLUTE
    _printf_llx                              0x00000000   Number         0  printfstubs.o ABSOLUTE
    _printf_longlong_dec                     0x00000000   Number         0  printfstubs.o ABSOLUTE
    _printf_longlong_hex                     0x00000000   Number         0  printfstubs.o ABSOLUTE
    _printf_longlong_oct                     0x00000000   Number         0  printfstubs.o ABSOLUTE
    _printf_ls                               0x00000000   Number         0  printfstubs.o ABSOLUTE
    _printf_mbtowc                           0x00000000   Number         0  printfstubs.o ABSOLUTE
    _printf_n                                0x00000000   Number         0  printfstubs.o ABSOLUTE
    _printf_o                                0x00000000   Number         0  printfstubs.o ABSOLUTE
    _printf_p                                0x00000000   Number         0  printfstubs.o ABSOLUTE
    _printf_percent                          0x00000000   Number         0  printfstubs.o ABSOLUTE
    _printf_pre_padding                      0x00000000   Number         0  printfstubs.o ABSOLUTE
    _printf_return_value                     0x00000000   Number         0  printfstubs.o ABSOLUTE
    _printf_s                                0x00000000   Number         0  printfstubs.o ABSOLUTE
    _printf_sizespec                         0x00000000   Number         0  printfstubs.o ABSOLUTE
    _printf_str                              0x00000000   Number         0  printfstubs.o ABSOLUTE
    _printf_truncate_signed                  0x00000000   Number         0  printfstubs.o ABSOLUTE
    _printf_truncate_unsigned                0x00000000   Number         0  printfstubs.o ABSOLUTE
    _printf_u                                0x00000000   Number         0  printfstubs.o ABSOLUTE
    _printf_wc                               0x00000000   Number         0  printfstubs.o ABSOLUTE
    _printf_wctomb                           0x00000000   Number         0  printfstubs.o ABSOLUTE
    _printf_widthprec                        0x00000000   Number         0  printfstubs.o ABSOLUTE
    _printf_x                                0x00000000   Number         0  printfstubs.o ABSOLUTE
    __cpp_initialize__aeabi_                  - Undefined Weak Reference
    __cxa_finalize                            - Undefined Weak Reference
    __decompress                              - Undefined Weak Reference
    _clock_init                               - Undefined Weak Reference
    _microlib_exit                            - Undefined Weak Reference
    __Vectors_Size                           0x000000c0   Number         0  startup_stm32c011xx.o ABSOLUTE
    __Vectors                                0x08000000   Data           4  startup_stm32c011xx.o(RESET)
    __Vectors_End                            0x080000c0   Data           0  startup_stm32c011xx.o(RESET)
    __main                                   0x080000c1   Thumb Code     0  entry.o(.ARM.Collect$$$$00000000)
    _main_stk                                0x080000c1   Thumb Code     0  entry2.o(.ARM.Collect$$$$00000001)
    _main_scatterload                        0x080000c5   Thumb Code     0  entry5.o(.ARM.Collect$$$$00000004)
    __main_after_scatterload                 0x080000c9   Thumb Code     0  entry5.o(.ARM.Collect$$$$00000004)
    _main_clock                              0x080000c9   Thumb Code     0  entry7b.o(.ARM.Collect$$$$00000008)
    _main_cpp_init                           0x080000c9   Thumb Code     0  entry8b.o(.ARM.Collect$$$$0000000A)
    _main_init                               0x080000c9   Thumb Code     0  entry9a.o(.ARM.Collect$$$$0000000B)
    __rt_final_cpp                           0x080000d1   Thumb Code     0  entry10a.o(.ARM.Collect$$$$0000000D)
    __rt_final_exit                          0x080000d1   Thumb Code     0  entry11a.o(.ARM.Collect$$$$0000000F)
    Reset_Handler                            0x080000d5   Thumb Code     8  startup_stm32c011xx.o(.text)
    ADC1_IRQHandler                          0x080000e7   Thumb Code     0  startup_stm32c011xx.o(.text)
    DMA1_Channel1_IRQHandler                 0x080000e7   Thumb Code     0  startup_stm32c011xx.o(.text)
    DMA1_Channel2_3_IRQHandler               0x080000e7   Thumb Code     0  startup_stm32c011xx.o(.text)
    DMAMUX1_IRQHandler                       0x080000e7   Thumb Code     0  startup_stm32c011xx.o(.text)
    EXTI0_1_IRQHandler                       0x080000e7   Thumb Code     0  startup_stm32c011xx.o(.text)
    EXTI2_3_IRQHandler                       0x080000e7   Thumb Code     0  startup_stm32c011xx.o(.text)
    FLASH_IRQHandler                         0x080000e7   Thumb Code     0  startup_stm32c011xx.o(.text)
    RCC_IRQHandler                           0x080000e7   Thumb Code     0  startup_stm32c011xx.o(.text)
    RTC_IRQHandler                           0x080000e7   Thumb Code     0  startup_stm32c011xx.o(.text)
    SPI1_IRQHandler                          0x080000e7   Thumb Code     0  startup_stm32c011xx.o(.text)
    TIM16_IRQHandler                         0x080000e7   Thumb Code     0  startup_stm32c011xx.o(.text)
    TIM17_IRQHandler                         0x080000e7   Thumb Code     0  startup_stm32c011xx.o(.text)
    TIM1_BRK_UP_TRG_COM_IRQHandler           0x080000e7   Thumb Code     0  startup_stm32c011xx.o(.text)
    TIM1_CC_IRQHandler                       0x080000e7   Thumb Code     0  startup_stm32c011xx.o(.text)
    USART1_IRQHandler                        0x080000e7   Thumb Code     0  startup_stm32c011xx.o(.text)
    USART2_IRQHandler                        0x080000e7   Thumb Code     0  startup_stm32c011xx.o(.text)
    WWDG_IRQHandler                          0x080000e7   Thumb Code     0  startup_stm32c011xx.o(.text)
    __aeabi_memcpy                           0x080000f1   Thumb Code    36  memcpya.o(.text)
    __aeabi_memcpy4                          0x080000f1   Thumb Code     0  memcpya.o(.text)
    __aeabi_memcpy8                          0x080000f1   Thumb Code     0  memcpya.o(.text)
    __aeabi_memset                           0x08000115   Thumb Code    14  memseta.o(.text)
    __aeabi_memset4                          0x08000115   Thumb Code     0  memseta.o(.text)
    __aeabi_memset8                          0x08000115   Thumb Code     0  memseta.o(.text)
    __aeabi_memclr                           0x08000123   Thumb Code     4  memseta.o(.text)
    __aeabi_memclr4                          0x08000123   Thumb Code     0  memseta.o(.text)
    __aeabi_memclr8                          0x08000123   Thumb Code     0  memseta.o(.text)
    _memset$wrapper                          0x08000127   Thumb Code    18  memseta.o(.text)
    strchr                                   0x08000139   Thumb Code    20  strchr.o(.text)
    strlen                                   0x0800014d   Thumb Code    14  strlen.o(.text)
    memcmp                                   0x0800015b   Thumb Code    26  memcmp.o(.text)
    atoi                                     0x08000175   Thumb Code    26  atoi.o(.text)
    __aeabi_fadd                             0x0800018f   Thumb Code   162  fadd.o(.text)
    __aeabi_fsub                             0x08000231   Thumb Code     8  fadd.o(.text)
    __aeabi_frsub                            0x08000239   Thumb Code     8  fadd.o(.text)
    __aeabi_fmul                             0x08000241   Thumb Code   122  fmul.o(.text)
    __aeabi_fcmple                           0x080002bb   Thumb Code    28  fcmple.o(.text)
    __aeabi_fcmplt                           0x080002d7   Thumb Code    28  fcmplt.o(.text)
    __aeabi_fcmpge                           0x080002f3   Thumb Code    28  fcmpge.o(.text)
    __aeabi_ui2f                             0x0800030f   Thumb Code    14  ffltui.o(.text)
    __aeabi_f2uiz                            0x0800031d   Thumb Code    40  ffixui.o(.text)
    __aeabi_f2d                              0x08000345   Thumb Code    40  f2d.o(.text)
    __aeabi_d2f                              0x0800036d   Thumb Code    56  d2f.o(.text)
    __aeabi_uidiv                            0x080003a5   Thumb Code     0  uidiv_div0.o(.text)
    __aeabi_uidivmod                         0x080003a5   Thumb Code    62  uidiv_div0.o(.text)
    __aeabi_idiv                             0x080003e5   Thumb Code     0  idiv_div0.o(.text)
    __aeabi_idivmod                          0x080003e5   Thumb Code    74  idiv_div0.o(.text)
    __strtod_int                             0x08000475   Thumb Code    98  strtod.o(.text)
    strtol                                   0x080004e9   Thumb Code   108  strtol.o(.text)
    __I$use$fp                               0x08000559   Thumb Code     0  iusefp.o(.text)
    _float_round                             0x08000559   Thumb Code    16  fepilogue.o(.text)
    _float_epilogue                          0x08000569   Thumb Code   114  fepilogue.o(.text)
    __aeabi_dmul                             0x080005dd   Thumb Code   202  dmul.o(.text)
    __aeabi_ddiv                             0x080006ad   Thumb Code   234  ddiv.o(.text)
    __scatterload                            0x0800079d   Thumb Code    38  init.o(.text)
    __scatterload_rt2                        0x0800079d   Thumb Code     0  init.o(.text)
    __aeabi_llsl                             0x080007cd   Thumb Code    32  llshl.o(.text)
    _ll_shift_l                              0x080007cd   Thumb Code     0  llshl.o(.text)
    __aeabi_llsr                             0x080007ed   Thumb Code    34  llushr.o(.text)
    _ll_ushift_r                             0x080007ed   Thumb Code     0  llushr.o(.text)
    __rt_ctype_table                         0x08000811   Thumb Code     4  ctype_o.o(.text)
    isspace                                  0x08000819   Thumb Code    18  isspace_o.o(.text)
    _scanf_real                              0x0800094b   Thumb Code     0  scanf_fp.o(.text)
    _scanf_really_real                       0x0800094b   Thumb Code   584  scanf_fp.o(.text)
    _sgetc                                   0x08000ba1   Thumb Code    32  _sgetc.o(.text)
    _sbackspace                              0x08000bc1   Thumb Code    36  _sgetc.o(.text)
    _strtoul                                 0x08000be5   Thumb Code   166  _strtoul.o(.text)
    _double_round                            0x08000c8b   Thumb Code    26  depilogue.o(.text)
    _double_epilogue                         0x08000ca5   Thumb Code   164  depilogue.o(.text)
    __aeabi_lmul                             0x08000d49   Thumb Code    48  llmul.o(.text)
    _ll_mul                                  0x08000d49   Thumb Code     0  llmul.o(.text)
    _chval                                   0x08000d79   Thumb Code    30  _chval.o(.text)
    __aeabi_ul2d                             0x08000d99   Thumb Code    22  dfltul.o(.text)
    ADS1220_Init                             0x08000db5   Thumb Code   112  ads1220.o(.text.ADS1220_Init)
    CofigAD                                  0x08000e25   Thumb Code   132  ads1220.o(.text.CofigAD)
    EXTI4_15_IRQHandler                      0x08000eb5   Thumb Code    12  stm32c0xx_it.o(.text.EXTI4_15_IRQHandler)
    Error_Handler                            0x08000ec1   Thumb Code     4  main.o(.text.Error_Handler)
    FLASH_WaitForLastOperation               0x08000ec5   Thumb Code    76  stm32c0xx_hal_flash.o(.text.FLASH_WaitForLastOperation)
    GetAD                                    0x08000f19   Thumb Code   136  ads1220.o(.text.GetAD)
    HAL_DMA_Abort_IT                         0x08000fa9   Thumb Code   116  stm32c0xx_hal_dma.o(.text.HAL_DMA_Abort_IT)
    HAL_DMA_GetState                         0x08001025   Thumb Code     6  stm32c0xx_hal_dma.o(.text.HAL_DMA_GetState)
    HAL_Delay                                0x0800102d   Thumb Code    32  stm32c0xx_hal.o(.text.HAL_Delay)
    HAL_FLASHEx_Erase                        0x08001051   Thumb Code   180  stm32c0xx_hal_flash_ex.o(.text.HAL_FLASHEx_Erase)
    HAL_FLASHEx_OBGetConfig                  0x08001111   Thumb Code   168  stm32c0xx_hal_flash_ex.o(.text.HAL_FLASHEx_OBGetConfig)
    HAL_FLASHEx_OBProgram                    0x080011c1   Thumb Code   356  stm32c0xx_hal_flash_ex.o(.text.HAL_FLASHEx_OBProgram)
    HAL_FLASH_Lock                           0x08001335   Thumb Code    20  stm32c0xx_hal_flash.o(.text.HAL_FLASH_Lock)
    HAL_FLASH_OB_Launch                      0x08001349   Thumb Code    16  stm32c0xx_hal_flash.o(.text.HAL_FLASH_OB_Launch)
    HAL_FLASH_OB_Lock                        0x08001359   Thumb Code    24  stm32c0xx_hal_flash.o(.text.HAL_FLASH_OB_Lock)
    HAL_FLASH_OB_Unlock                      0x08001375   Thumb Code    28  stm32c0xx_hal_flash.o(.text.HAL_FLASH_OB_Unlock)
    HAL_FLASH_Program                        0x0800139d   Thumb Code   380  stm32c0xx_hal_flash.o(.text.HAL_FLASH_Program)
    HAL_FLASH_Unlock                         0x08001525   Thumb Code    28  stm32c0xx_hal_flash.o(.text.HAL_FLASH_Unlock)
    HAL_GPIO_EXTI_Falling_Callback           0x0800154d   Thumb Code    44  iousart.o(.text.HAL_GPIO_EXTI_Falling_Callback)
    HAL_GPIO_EXTI_IRQHandler                 0x08001581   Thumb Code    36  stm32c0xx_hal_gpio.o(.text.HAL_GPIO_EXTI_IRQHandler)
    HAL_GPIO_EXTI_Rising_Callback            0x080015a9   Thumb Code     2  stm32c0xx_hal_gpio.o(.text.HAL_GPIO_EXTI_Rising_Callback)
    HAL_GPIO_Init                            0x080015ad   Thumb Code   388  stm32c0xx_hal_gpio.o(.text.HAL_GPIO_Init)
    HAL_GPIO_ReadPin                         0x08001745   Thumb Code    10  stm32c0xx_hal_gpio.o(.text.HAL_GPIO_ReadPin)
    HAL_GPIO_WritePin                        0x0800174f   Thumb Code    16  stm32c0xx_hal_gpio.o(.text.HAL_GPIO_WritePin)
    HAL_GetTick                              0x08001761   Thumb Code     8  stm32c0xx_hal.o(.text.HAL_GetTick)
    HAL_I2CEx_ConfigAnalogFilter             0x0800176d   Thumb Code    66  stm32c0xx_hal_i2c_ex.o(.text.HAL_I2CEx_ConfigAnalogFilter)
    HAL_I2CEx_ConfigDigitalFilter            0x080017af   Thumb Code    66  stm32c0xx_hal_i2c_ex.o(.text.HAL_I2CEx_ConfigDigitalFilter)
    HAL_I2C_AbortCpltCallback                0x080017f1   Thumb Code     2  stm32c0xx_hal_i2c.o(.text.HAL_I2C_AbortCpltCallback)
    HAL_I2C_AddrCallback                     0x080017f5   Thumb Code    56  main.o(.text.HAL_I2C_AddrCallback)
    HAL_I2C_ER_IRQHandler                    0x0800182d   Thumb Code   130  stm32c0xx_hal_i2c.o(.text.HAL_I2C_ER_IRQHandler)
    HAL_I2C_EV_IRQHandler                    0x080018af   Thumb Code    18  stm32c0xx_hal_i2c.o(.text.HAL_I2C_EV_IRQHandler)
    HAL_I2C_EnableListen_IT                  0x080018c1   Thumb Code    40  stm32c0xx_hal_i2c.o(.text.HAL_I2C_EnableListen_IT)
    HAL_I2C_ErrorCallback                    0x080018e9   Thumb Code     2  stm32c0xx_hal_i2c.o(.text.HAL_I2C_ErrorCallback)
    HAL_I2C_Init                             0x080018ed   Thumb Code   172  stm32c0xx_hal_i2c.o(.text.HAL_I2C_Init)
    HAL_I2C_ListenCpltCallback               0x0800199d   Thumb Code    24  main.o(.text.HAL_I2C_ListenCpltCallback)
    HAL_I2C_MspInit                          0x080019b5   Thumb Code   140  stm32c0xx_hal_msp.o(.text.HAL_I2C_MspInit)
    HAL_I2C_SlaveRxCpltCallback              0x08001a49   Thumb Code    52  main.o(.text.HAL_I2C_SlaveRxCpltCallback)
    HAL_I2C_SlaveTxCpltCallback              0x08001a7d   Thumb Code    40  main.o(.text.HAL_I2C_SlaveTxCpltCallback)
    HAL_I2C_Slave_Seq_Receive_IT             0x08001aad   Thumb Code   244  stm32c0xx_hal_i2c.o(.text.HAL_I2C_Slave_Seq_Receive_IT)
    HAL_I2C_Slave_Seq_Transmit_IT            0x08001ba1   Thumb Code   236  stm32c0xx_hal_i2c.o(.text.HAL_I2C_Slave_Seq_Transmit_IT)
    HAL_IncTick                              0x08001c99   Thumb Code    16  stm32c0xx_hal.o(.text.HAL_IncTick)
    HAL_Init                                 0x08001cad   Thumb Code    24  stm32c0xx_hal.o(.text.HAL_Init)
    HAL_InitTick                             0x08001cc5   Thumb Code    64  stm32c0xx_hal.o(.text.HAL_InitTick)
    HAL_MspInit                              0x08001d09   Thumb Code    40  stm32c0xx_hal_msp.o(.text.HAL_MspInit)
    HAL_NVIC_EnableIRQ                       0x08001d35   Thumb Code    20  stm32c0xx_hal_cortex.o(.text.HAL_NVIC_EnableIRQ)
    HAL_NVIC_SetPriority                     0x08001d4d   Thumb Code    48  stm32c0xx_hal_cortex.o(.text.HAL_NVIC_SetPriority)
    HAL_RCCEx_PeriphCLKConfig                0x08001d85   Thumb Code   292  stm32c0xx_hal_rcc_ex.o(.text.HAL_RCCEx_PeriphCLKConfig)
    HAL_RCC_ClockConfig                      0x08001eb1   Thumb Code   416  stm32c0xx_hal_rcc.o(.text.HAL_RCC_ClockConfig)
    HAL_RCC_OscConfig                        0x08002069   Thumb Code   580  stm32c0xx_hal_rcc.o(.text.HAL_RCC_OscConfig)
    HAL_SYSTICK_Config                       0x080022c1   Thumb Code    40  stm32c0xx_hal_cortex.o(.text.HAL_SYSTICK_Config)
    HAL_TIMEx_Break2Callback                 0x080022f5   Thumb Code     2  stm32c0xx_hal_tim_ex.o(.text.HAL_TIMEx_Break2Callback)
    HAL_TIMEx_BreakCallback                  0x080022f7   Thumb Code     2  stm32c0xx_hal_tim_ex.o(.text.HAL_TIMEx_BreakCallback)
    HAL_TIMEx_CommutCallback                 0x080022f9   Thumb Code     2  stm32c0xx_hal_tim_ex.o(.text.HAL_TIMEx_CommutCallback)
    HAL_TIMEx_MasterConfigSynchronization    0x080022fd   Thumb Code    88  stm32c0xx_hal_tim_ex.o(.text.HAL_TIMEx_MasterConfigSynchronization)
    HAL_TIM_Base_Init                        0x08002355   Thumb Code   188  stm32c0xx_hal_tim.o(.text.HAL_TIM_Base_Init)
    HAL_TIM_Base_MspInit                     0x0800241d   Thumb Code   116  stm32c0xx_hal_msp.o(.text.HAL_TIM_Base_MspInit)
    HAL_TIM_Base_Start_IT                    0x08002499   Thumb Code    72  stm32c0xx_hal_tim.o(.text.HAL_TIM_Base_Start_IT)
    HAL_TIM_Base_Stop_IT                     0x080024ed   Thumb Code    52  stm32c0xx_hal_tim.o(.text.HAL_TIM_Base_Stop_IT)
    HAL_TIM_ConfigClockSource                0x08002529   Thumb Code   340  stm32c0xx_hal_tim.o(.text.HAL_TIM_ConfigClockSource)
    HAL_TIM_IC_CaptureCallback               0x08002685   Thumb Code     2  stm32c0xx_hal_tim.o(.text.HAL_TIM_IC_CaptureCallback)
    HAL_TIM_IRQHandler                       0x08002689   Thumb Code   464  stm32c0xx_hal_tim.o(.text.HAL_TIM_IRQHandler)
    HAL_TIM_OC_DelayElapsedCallback          0x0800285d   Thumb Code     2  stm32c0xx_hal_tim.o(.text.HAL_TIM_OC_DelayElapsedCallback)
    HAL_TIM_PWM_PulseFinishedCallback        0x0800285f   Thumb Code     2  stm32c0xx_hal_tim.o(.text.HAL_TIM_PWM_PulseFinishedCallback)
    HAL_TIM_PeriodElapsedCallback            0x08002861   Thumb Code   120  iousart.o(.text.HAL_TIM_PeriodElapsedCallback)
    HAL_TIM_TriggerCallback                  0x080028f5   Thumb Code     2  stm32c0xx_hal_tim.o(.text.HAL_TIM_TriggerCallback)
    HardFault_Handler                        0x080028f7   Thumb Code     2  stm32c0xx_it.o(.text.HardFault_Handler)
    I2C1_IRQHandler                          0x080028f9   Thumb Code    32  stm32c0xx_it.o(.text.I2C1_IRQHandler)
    NMI_Handler                              0x08003009   Thumb Code     2  stm32c0xx_it.o(.text.NMI_Handler)
    PendSV_Handler                           0x0800300b   Thumb Code     2  stm32c0xx_it.o(.text.PendSV_Handler)
    ReadOneByte                              0x0800300d   Thumb Code   362  ads1220.o(.text.ReadOneByte)
    SVC_Handler                              0x08003177   Thumb Code     2  stm32c0xx_it.o(.text.SVC_Handler)
    SysTick_Handler                          0x08003179   Thumb Code     8  stm32c0xx_it.o(.text.SysTick_Handler)
    SystemInit                               0x08003181   Thumb Code    12  system_stm32c0xx.o(.text.SystemInit)
    TIM14_IRQHandler                         0x08003191   Thumb Code    12  stm32c0xx_it.o(.text.TIM14_IRQHandler)
    TIM3_IRQHandler                          0x080031a1   Thumb Code    12  stm32c0xx_it.o(.text.TIM3_IRQHandler)
    USART2_printf                            0x080031b1   Thumb Code  1852  main.o(.text.USART2_printf)
    WriteOneByte                             0x080038ed   Thumb Code   304  ads1220.o(.text.WriteOneByte)
    find_normal_endstop                      0x08003fc9   Thumb Code   308  main.o(.text.find_normal_endstop)
    iouart1_SendByte                         0x08004105   Thumb Code   472  iousart.o(.text.iouart1_SendByte)
    main                                     0x080042e1   Thumb Code  1464  main.o(.text.main)
    pa_rrf_abort                             0x08004905   Thumb Code    48  pa_rrf.o(.text.pa_rrf_abort)
    pa_rrf_get_state                         0x08004955   Thumb Code     8  pa_rrf.o(.text.pa_rrf_get_state)
    pa_rrf_params_default                    0x08004961   Thumb Code    56  pa_rrf.o(.text.pa_rrf_params_default)
    pa_rrf_parse_params                      0x080049c1   Thumb Code   336  pa_rrf.o(.text.pa_rrf_parse_params)
    pa_rrf_run                               0x08004b1d   Thumb Code  3604  pa_rrf.o(.text.pa_rrf_run)
    pa_rrf_start                             0x080059a9   Thumb Code   120  pa_rrf.o(.text.pa_rrf_start)
    process_cmd                              0x08005a71   Thumb Code   632  main.o(.text.process_cmd)
    process_triggered                        0x08005d95   Thumb Code   608  main.o(.text.process_triggered)
    rrf_comm_init                            0x08006011   Thumb Code    20  rrf_comm.o(.text.rrf_comm_init)
    rrf_feed_byte                            0x08006025   Thumb Code    92  rrf_comm.o(.text.rrf_feed_byte)
    rrf_ok_consume                           0x08006095   Thumb Code    16  rrf_comm.o(.text.rrf_ok_consume)
    rrf_ok_pending                           0x080060a5   Thumb Code    12  rrf_comm.o(.text.rrf_ok_pending)
    rrf_reset_line_counter                   0x080060b1   Thumb Code     8  rrf_comm.o(.text.rrf_reset_line_counter)
    rrf_send                                 0x080060b9   Thumb Code   556  rrf_comm.o(.text.rrf_send)
    rrf_send_raw                             0x080062f1   Thumb Code    34  rrf_comm.o(.text.rrf_send_raw)
    set_open                                 0x08006315   Thumb Code    68  main.o(.text.set_open)
    __0sprintf$1                             0x08006365   Thumb Code    36  printf1.o(i.__0sprintf$1)
    __1sprintf$1                             0x08006365   Thumb Code     0  printf1.o(i.__0sprintf$1)
    __2sprintf                               0x08006365   Thumb Code     0  printf1.o(i.__0sprintf$1)
    __ARM_clz                                0x0800638d   Thumb Code    46  depilogue.o(i.__ARM_clz)
    __aeabi_errno_addr                       0x080063bd   Thumb Code     4  errno.o(i.__aeabi_errno_addr)
    __rt_errno_addr                          0x080063bd   Thumb Code     0  errno.o(i.__aeabi_errno_addr)
    __read_errno                             0x080063c5   Thumb Code     6  errno.o(i.__read_errno)
    __scatterload_copy                       0x080063d1   Thumb Code    14  handlers.o(i.__scatterload_copy)
    __scatterload_null                       0x080063df   Thumb Code     2  handlers.o(i.__scatterload_null)
    __scatterload_zeroinit                   0x080063e1   Thumb Code    14  handlers.o(i.__scatterload_zeroinit)
    __set_errno                              0x080063f1   Thumb Code     6  errno.o(i.__set_errno)
    _is_digit                                0x080063fd   Thumb Code    14  scanf_fp.o(i._is_digit)
    atof                                     0x08006567   Thumb Code    44  atof.o(i.atof)
    find_normal                              0x08006595   Thumb Code   138  pa.o(i.find_normal)
    get_low_value                            0x08006625   Thumb Code   738  pa.o(i.get_low_value)
    has_plus                                 0x0800692d   Thumb Code   104  pa.o(i.has_plus)
    __ctype_table                            0x08006998   Data         129  ctype_o.o(.constdata)
    AHBPrescTable                            0x08006a20   Data          64  system_stm32c0xx.o(.rodata.AHBPrescTable)
    Region$$Table$$Base                      0x08006d30   Number         0  anon$$obj.o(Region$$Table)
    Region$$Table$$Limit                     0x08006d50   Number         0  anon$$obj.o(Region$$Table)
    threshold                                0x20000000   Data           4  pa.o(.data)
    normal                                   0x20000004   Data           4  pa.o(.data)
    low_count                                0x20000008   Data           4  pa.o(.data)
    H_left                                   0x2000000c   Data           4  pa.o(.data)
    L_left                                   0x20000010   Data           4  pa.o(.data)
    H_right                                  0x20000014   Data           4  pa.o(.data)
    L_right                                  0x20000018   Data           4  pa.o(.data)
    H_left_value                             0x2000001c   Data           4  pa.o(.data)
    L_left_value                             0x20000020   Data           4  pa.o(.data)
    H_right_value                            0x20000024   Data           4  pa.o(.data)
    L_right_value                            0x20000028   Data           4  pa.o(.data)
    k_left                                   0x2000002c   Data           4  pa.o(.data)
    k_right                                  0x20000030   Data           4  pa.o(.data)
    i                                        0x20000034   Data           4  pa.o(.data)
    uwTickFreq                               0x2000003c   Data           1  stm32c0xx_hal.o(.data..L_MergedGlobals)
    uwTickPrio                               0x20000040   Data           4  stm32c0xx_hal.o(.data..L_MergedGlobals)
    SystemCoreClock                          0x20000044   Data           4  system_stm32c0xx.o(.data.SystemCoreClock)
    recvStat                                 0x20000048   Data           1  iousart.o(.data.recvStat)
    low_data                                 0x20000050   Data         512  pa.o(.bss)
    status_clk_old                           0x20000250   Data           1  main.o(.bss..L_MergedGlobals)
    pa_list                                  0x20000251   Data           1  main.o(.bss..L_MergedGlobals)
    offset                                   0x20000253   Data           1  main.o(.bss..L_MergedGlobals)
    r_index                                  0x20000258   Data           4  main.o(.bss..L_MergedGlobals)
    re_index                                 0x2000025c   Data           4  main.o(.bss..L_MergedGlobals)
    re_end                                   0x20000260   Data           4  main.o(.bss..L_MergedGlobals)
    normal_z                                 0x20000264   Data           4  main.o(.bss..L_MergedGlobals)
    tim14_n                                  0x20000268   Data           4  main.o(.bss..L_MergedGlobals)
    end_z                                    0x2000026c   Data           4  main.o(.bss..L_MergedGlobals)
    ram_i2c                                  0x20000270   Data           4  main.o(.bss..L_MergedGlobals)
    edge                                     0x20000274   Data           4  main.o(.bss..L_MergedGlobals)
    R_CMD                                    0x20000278   Data          54  main.o(.bss..L_MergedGlobals)
    Init_Config                              0x20000304   Data           4  ads1220.o(.bss.Init_Config)
    PolarFlag                                0x20000308   Data           1  ads1220.o(.bss.PolarFlag)
    hi2c1                                    0x2000030c   Data          84  main.o(.bss.hi2c1)
    htim1                                    0x20000360   Data          76  main.o(.bss.htim1)
    htim14                                   0x200003ac   Data          76  main.o(.bss.htim14)
    htim3                                    0x200003f8   Data          76  main.o(.bss.htim3)
    pFlash                                   0x20000444   Data          24  stm32c0xx_hal_flash.o(.bss.pFlash)
    pa_result                                0x2000045c   Data         128  main.o(.bss.pa_result)
    raw_dat                                  0x200004dc   Data        2048  main.o(.bss.raw_dat)
    recvData                                 0x20000cdc   Data           1  iousart.o(.bss.recvData)
    rxData                                   0x20000ce0   Data          64  main.o(.bss.rxData)
    uwTick                                   0x20001120   Data           4  stm32c0xx_hal.o(.bss.uwTick)
    __initial_sp                             0x20001528   Data           0  startup_stm32c011xx.o(STACK)



==============================================================================

Memory Map of the image

  Image Entry point : 0x080000c1

  Load Region LR_IROM1 (Base: 0x08000000, Size: 0x00006da0, Max: 0x00008000, ABSOLUTE)

    Execution Region ER_IROM1 (Exec base: 0x08000000, Load base: 0x08000000, Size: 0x00006d50, Max: 0x00008000, ABSOLUTE)

    Exec Addr    Load Addr    Size         Type   Attr      Idx    E Section Name        Object

    0x08000000   0x08000000   0x000000c0   Data   RO            3    RESET               startup_stm32c011xx.o
    0x080000c0   0x080000c0   0x00000000   Code   RO         1312  * .ARM.Collect$$$$00000000  mc_p.l(entry.o)
    0x080000c0   0x080000c0   0x00000004   Code   RO         1616    .ARM.Collect$$$$00000001  mc_p.l(entry2.o)
    0x080000c4   0x080000c4   0x00000004   Code   RO         1619    .ARM.Collect$$$$00000004  mc_p.l(entry5.o)
    0x080000c8   0x080000c8   0x00000000   Code   RO         1621    .ARM.Collect$$$$00000008  mc_p.l(entry7b.o)
    0x080000c8   0x080000c8   0x00000000   Code   RO         1623    .ARM.Collect$$$$0000000A  mc_p.l(entry8b.o)
    0x080000c8   0x080000c8   0x00000008   Code   RO         1624    .ARM.Collect$$$$0000000B  mc_p.l(entry9a.o)
    0x080000d0   0x080000d0   0x00000000   Code   RO         1626    .ARM.Collect$$$$0000000D  mc_p.l(entry10a.o)
    0x080000d0   0x080000d0   0x00000000   Code   RO         1628    .ARM.Collect$$$$0000000F  mc_p.l(entry11a.o)
    0x080000d0   0x080000d0   0x00000004   Code   RO         1617    .ARM.Collect$$$$00002712  mc_p.l(entry2.o)
    0x080000d4   0x080000d4   0x0000001c   Code   RO            4    .text               startup_stm32c011xx.o
    0x080000f0   0x080000f0   0x00000024   Code   RO         1323    .text               mc_p.l(memcpya.o)
    0x08000114   0x08000114   0x00000024   Code   RO         1325    .text               mc_p.l(memseta.o)
    0x08000138   0x08000138   0x00000014   Code   RO         1327    .text               mc_p.l(strchr.o)
    0x0800014c   0x0800014c   0x0000000e   Code   RO         1329    .text               mc_p.l(strlen.o)
    0x0800015a   0x0800015a   0x0000001a   Code   RO         1331    .text               mc_p.l(memcmp.o)
    0x08000174   0x08000174   0x0000001a   Code   RO         1596    .text               mc_p.l(atoi.o)
    0x0800018e   0x0800018e   0x000000b2   Code   RO         1598    .text               mf_p.l(fadd.o)
    0x08000240   0x08000240   0x0000007a   Code   RO         1600    .text               mf_p.l(fmul.o)
    0x080002ba   0x080002ba   0x0000001c   Code   RO         1602    .text               mf_p.l(fcmple.o)
    0x080002d6   0x080002d6   0x0000001c   Code   RO         1604    .text               mf_p.l(fcmplt.o)
    0x080002f2   0x080002f2   0x0000001c   Code   RO         1606    .text               mf_p.l(fcmpge.o)
    0x0800030e   0x0800030e   0x0000000e   Code   RO         1608    .text               mf_p.l(ffltui.o)
    0x0800031c   0x0800031c   0x00000028   Code   RO         1610    .text               mf_p.l(ffixui.o)
    0x08000344   0x08000344   0x00000028   Code   RO         1612    .text               mf_p.l(f2d.o)
    0x0800036c   0x0800036c   0x00000038   Code   RO         1614    .text               mf_p.l(d2f.o)
    0x080003a4   0x080003a4   0x0000003e   Code   RO         1639    .text               mc_p.l(uidiv_div0.o)
    0x080003e2   0x080003e2   0x00000002   PAD
    0x080003e4   0x080003e4   0x00000050   Code   RO         1641    .text               mc_p.l(idiv_div0.o)
    0x08000434   0x08000434   0x000000b4   Code   RO         1654    .text               mc_p.l(strtod.o)
    0x080004e8   0x080004e8   0x00000070   Code   RO         1656    .text               mc_p.l(strtol.o)
    0x08000558   0x08000558   0x00000000   Code   RO         1658    .text               mc_p.l(iusefp.o)
    0x08000558   0x08000558   0x00000082   Code   RO         1659    .text               mf_p.l(fepilogue.o)
    0x080005da   0x080005da   0x00000002   PAD
    0x080005dc   0x080005dc   0x000000d0   Code   RO         1663    .text               mf_p.l(dmul.o)
    0x080006ac   0x080006ac   0x000000f0   Code   RO         1665    .text               mf_p.l(ddiv.o)
    0x0800079c   0x0800079c   0x00000030   Code   RO         1671    .text               mc_p.l(init.o)
    0x080007cc   0x080007cc   0x00000020   Code   RO         1674    .text               mc_p.l(llshl.o)
    0x080007ec   0x080007ec   0x00000022   Code   RO         1676    .text               mc_p.l(llushr.o)
    0x0800080e   0x0800080e   0x00000002   PAD
    0x08000810   0x08000810   0x00000008   Code   RO         1682    .text               mc_p.l(ctype_o.o)
    0x08000818   0x08000818   0x00000012   Code   RO         1704    .text               mc_p.l(isspace_o.o)
    0x0800082a   0x0800082a   0x00000002   PAD
    0x0800082c   0x0800082c   0x00000374   Code   RO         1710    .text               mc_p.l(scanf_fp.o)
    0x08000ba0   0x08000ba0   0x00000044   Code   RO         1714    .text               mc_p.l(_sgetc.o)
    0x08000be4   0x08000be4   0x000000a6   Code   RO         1716    .text               mc_p.l(_strtoul.o)
    0x08000c8a   0x08000c8a   0x000000be   Code   RO         1719    .text               mf_p.l(depilogue.o)
    0x08000d48   0x08000d48   0x00000030   Code   RO         1723    .text               mc_p.l(llmul.o)
    0x08000d78   0x08000d78   0x0000001e   Code   RO         1728    .text               mc_p.l(_chval.o)
    0x08000d96   0x08000d96   0x00000002   PAD
    0x08000d98   0x08000d98   0x0000001c   Code   RO         1730    .text               mf_p.l(dfltul.o)
    0x08000db4   0x08000db4   0x00000070   Code   RO           51    .text.ADS1220_Init  ads1220.o
    0x08000e24   0x08000e24   0x00000090   Code   RO           49    .text.CofigAD       ads1220.o
    0x08000eb4   0x08000eb4   0x0000000c   Code   RO          138    .text.EXTI4_15_IRQHandler  stm32c0xx_it.o
    0x08000ec0   0x08000ec0   0x00000004   Code   RO          101    .text.Error_Handler  main.o
    0x08000ec4   0x08000ec4   0x00000054   Code   RO          395    .text.FLASH_WaitForLastOperation  stm32c0xx_hal_flash.o
    0x08000f18   0x08000f18   0x00000090   Code   RO           53    .text.GetAD         ads1220.o
    0x08000fa8   0x08000fa8   0x0000007c   Code   RO          494    .text.HAL_DMA_Abort_IT  stm32c0xx_hal_dma.o
    0x08001024   0x08001024   0x00000006   Code   RO          504    .text.HAL_DMA_GetState  stm32c0xx_hal_dma.o
    0x0800102a   0x0800102a   0x00000002   PAD
    0x0800102c   0x0800102c   0x00000024   Code   RO          251    .text.HAL_Delay     stm32c0xx_hal.o
    0x08001050   0x08001050   0x000000c0   Code   RO          426    .text.HAL_FLASHEx_Erase  stm32c0xx_hal_flash_ex.o
    0x08001110   0x08001110   0x000000b0   Code   RO          434    .text.HAL_FLASHEx_OBGetConfig  stm32c0xx_hal_flash_ex.o
    0x080011c0   0x080011c0   0x00000174   Code   RO          432    .text.HAL_FLASHEx_OBProgram  stm32c0xx_hal_flash_ex.o
    0x08001334   0x08001334   0x00000014   Code   RO          407    .text.HAL_FLASH_Lock  stm32c0xx_hal_flash.o
    0x08001348   0x08001348   0x00000010   Code   RO          413    .text.HAL_FLASH_OB_Launch  stm32c0xx_hal_flash.o
    0x08001358   0x08001358   0x0000001c   Code   RO          411    .text.HAL_FLASH_OB_Lock  stm32c0xx_hal_flash.o
    0x08001374   0x08001374   0x00000028   Code   RO          409    .text.HAL_FLASH_OB_Unlock  stm32c0xx_hal_flash.o
    0x0800139c   0x0800139c   0x00000188   Code   RO          393    .text.HAL_FLASH_Program  stm32c0xx_hal_flash.o
    0x08001524   0x08001524   0x00000028   Code   RO          405    .text.HAL_FLASH_Unlock  stm32c0xx_hal_flash.o
    0x0800154c   0x0800154c   0x00000034   Code   RO           19    .text.HAL_GPIO_EXTI_Falling_Callback  iousart.o
    0x08001580   0x08001580   0x00000028   Code   RO          470    .text.HAL_GPIO_EXTI_IRQHandler  stm32c0xx_hal_gpio.o
    0x080015a8   0x080015a8   0x00000002   Code   RO          472    .text.HAL_GPIO_EXTI_Rising_Callback  stm32c0xx_hal_gpio.o
    0x080015aa   0x080015aa   0x00000002   PAD
    0x080015ac   0x080015ac   0x00000198   Code   RO          456    .text.HAL_GPIO_Init  stm32c0xx_hal_gpio.o
    0x08001744   0x08001744   0x0000000a   Code   RO          460    .text.HAL_GPIO_ReadPin  stm32c0xx_hal_gpio.o
    0x0800174e   0x0800174e   0x00000010   Code   RO          462    .text.HAL_GPIO_WritePin  stm32c0xx_hal_gpio.o
    0x0800175e   0x0800175e   0x00000002   PAD
    0x08001760   0x08001760   0x0000000c   Code   RO          243    .text.HAL_GetTick   stm32c0xx_hal.o
    0x0800176c   0x0800176c   0x00000042   Code   RO          774    .text.HAL_I2CEx_ConfigAnalogFilter  stm32c0xx_hal_i2c_ex.o
    0x080017ae   0x080017ae   0x00000042   Code   RO          776    .text.HAL_I2CEx_ConfigDigitalFilter  stm32c0xx_hal_i2c_ex.o
    0x080017f0   0x080017f0   0x00000002   Code   RO          746    .text.HAL_I2C_AbortCpltCallback  stm32c0xx_hal_i2c.o
    0x080017f2   0x080017f2   0x00000002   PAD
    0x080017f4   0x080017f4   0x00000038   Code   RO           81    .text.HAL_I2C_AddrCallback  main.o
    0x0800182c   0x0800182c   0x00000082   Code   RO          724    .text.HAL_I2C_ER_IRQHandler  stm32c0xx_hal_i2c.o
    0x080018ae   0x080018ae   0x00000012   Code   RO          722    .text.HAL_I2C_EV_IRQHandler  stm32c0xx_hal_i2c.o
    0x080018c0   0x080018c0   0x00000028   Code   RO          716    .text.HAL_I2C_EnableListen_IT  stm32c0xx_hal_i2c.o
    0x080018e8   0x080018e8   0x00000002   Code   RO          744    .text.HAL_I2C_ErrorCallback  stm32c0xx_hal_i2c.o
    0x080018ea   0x080018ea   0x00000002   PAD
    0x080018ec   0x080018ec   0x000000b0   Code   RO          622    .text.HAL_I2C_Init  stm32c0xx_hal_i2c.o
    0x0800199c   0x0800199c   0x00000018   Code   RO           79    .text.HAL_I2C_ListenCpltCallback  main.o
    0x080019b4   0x080019b4   0x00000094   Code   RO          155    .text.HAL_I2C_MspInit  stm32c0xx_hal_msp.o
    0x08001a48   0x08001a48   0x00000034   Code   RO           83    .text.HAL_I2C_SlaveRxCpltCallback  main.o
    0x08001a7c   0x08001a7c   0x00000030   Code   RO           85    .text.HAL_I2C_SlaveTxCpltCallback  main.o
    0x08001aac   0x08001aac   0x000000f4   Code   RO          712    .text.HAL_I2C_Slave_Seq_Receive_IT  stm32c0xx_hal_i2c.o
    0x08001ba0   0x08001ba0   0x000000f8   Code   RO          706    .text.HAL_I2C_Slave_Seq_Transmit_IT  stm32c0xx_hal_i2c.o
    0x08001c98   0x08001c98   0x00000014   Code   RO          241    .text.HAL_IncTick   stm32c0xx_hal.o
    0x08001cac   0x08001cac   0x00000018   Code   RO          231    .text.HAL_Init      stm32c0xx_hal.o
    0x08001cc4   0x08001cc4   0x00000044   Code   RO          233    .text.HAL_InitTick  stm32c0xx_hal.o
    0x08001d08   0x08001d08   0x0000002c   Code   RO          153    .text.HAL_MspInit   stm32c0xx_hal_msp.o
    0x08001d34   0x08001d34   0x00000018   Code   RO          301    .text.HAL_NVIC_EnableIRQ  stm32c0xx_hal_cortex.o
    0x08001d4c   0x08001d4c   0x00000038   Code   RO          299    .text.HAL_NVIC_SetPriority  stm32c0xx_hal_cortex.o
    0x08001d84   0x08001d84   0x0000012c   Code   RO          375    .text.HAL_RCCEx_PeriphCLKConfig  stm32c0xx_hal_rcc_ex.o
    0x08001eb0   0x08001eb0   0x000001b8   Code   RO          341    .text.HAL_RCC_ClockConfig  stm32c0xx_hal_rcc.o
    0x08002068   0x08002068   0x00000258   Code   RO          339    .text.HAL_RCC_OscConfig  stm32c0xx_hal_rcc.o
    0x080022c0   0x080022c0   0x00000034   Code   RO          307    .text.HAL_SYSTICK_Config  stm32c0xx_hal_cortex.o
    0x080022f4   0x080022f4   0x00000002   Code   RO         1111    .text.HAL_TIMEx_Break2Callback  stm32c0xx_hal_tim_ex.o
    0x080022f6   0x080022f6   0x00000002   Code   RO         1109    .text.HAL_TIMEx_BreakCallback  stm32c0xx_hal_tim_ex.o
    0x080022f8   0x080022f8   0x00000002   Code   RO         1105    .text.HAL_TIMEx_CommutCallback  stm32c0xx_hal_tim_ex.o
    0x080022fa   0x080022fa   0x00000002   PAD
    0x080022fc   0x080022fc   0x00000058   Code   RO         1089    .text.HAL_TIMEx_MasterConfigSynchronization  stm32c0xx_hal_tim_ex.o
    0x08002354   0x08002354   0x000000c8   Code   RO          794    .text.HAL_TIM_Base_Init  stm32c0xx_hal_tim.o
    0x0800241c   0x0800241c   0x0000007c   Code   RO          159    .text.HAL_TIM_Base_MspInit  stm32c0xx_hal_msp.o
    0x08002498   0x08002498   0x00000054   Code   RO          808    .text.HAL_TIM_Base_Start_IT  stm32c0xx_hal_tim.o
    0x080024ec   0x080024ec   0x0000003c   Code   RO          810    .text.HAL_TIM_Base_Stop_IT  stm32c0xx_hal_tim.o
    0x08002528   0x08002528   0x0000015c   Code   RO          974    .text.HAL_TIM_ConfigClockSource  stm32c0xx_hal_tim.o
    0x08002684   0x08002684   0x00000002   Code   RO          930    .text.HAL_TIM_IC_CaptureCallback  stm32c0xx_hal_tim.o
    0x08002686   0x08002686   0x00000002   PAD
    0x08002688   0x08002688   0x000001d4   Code   RO          928    .text.HAL_TIM_IRQHandler  stm32c0xx_hal_tim.o
    0x0800285c   0x0800285c   0x00000002   Code   RO          932    .text.HAL_TIM_OC_DelayElapsedCallback  stm32c0xx_hal_tim.o
    0x0800285e   0x0800285e   0x00000002   Code   RO          934    .text.HAL_TIM_PWM_PulseFinishedCallback  stm32c0xx_hal_tim.o
    0x08002860   0x08002860   0x00000094   Code   RO           21    .text.HAL_TIM_PeriodElapsedCallback  iousart.o
    0x080028f4   0x080028f4   0x00000002   Code   RO          938    .text.HAL_TIM_TriggerCallback  stm32c0xx_hal_tim.o
    0x080028f6   0x080028f6   0x00000002   Code   RO          130    .text.HardFault_Handler  stm32c0xx_it.o
    0x080028f8   0x080028f8   0x00000024   Code   RO          144    .text.I2C1_IRQHandler  stm32c0xx_it.o
    0x0800291c   0x0800291c   0x0000003e   Code   RO          708    .text.I2C_DMAAbort  stm32c0xx_hal_i2c.o
    0x0800295a   0x0800295a   0x00000002   PAD
    0x0800295c   0x0800295c   0x0000009c   Code   RO          762    .text.I2C_ITAddrCplt  stm32c0xx_hal_i2c.o
    0x080029f8   0x080029f8   0x00000158   Code   RO          726    .text.I2C_ITError   stm32c0xx_hal_i2c.o
    0x08002b50   0x08002b50   0x00000204   Code   RO          758    .text.I2C_ITSlaveCplt  stm32c0xx_hal_i2c.o
    0x08002d54   0x08002d54   0x0000007c   Code   RO          760    .text.I2C_ITSlaveSeqCplt  stm32c0xx_hal_i2c.o
    0x08002dd0   0x08002dd0   0x00000238   Code   RO          654    .text.I2C_Slave_ISR_IT  stm32c0xx_hal_i2c.o
    0x08003008   0x08003008   0x00000002   Code   RO          128    .text.NMI_Handler   stm32c0xx_it.o
    0x0800300a   0x0800300a   0x00000002   Code   RO          134    .text.PendSV_Handler  stm32c0xx_it.o
    0x0800300c   0x0800300c   0x0000016a   Code   RO           35    .text.ReadOneByte   ads1220.o
    0x08003176   0x08003176   0x00000002   Code   RO          132    .text.SVC_Handler   stm32c0xx_it.o
    0x08003178   0x08003178   0x00000008   Code   RO          136    .text.SysTick_Handler  stm32c0xx_it.o
    0x08003180   0x08003180   0x00000010   Code   RO         1125    .text.SystemInit    system_stm32c0xx.o
    0x08003190   0x08003190   0x00000010   Code   RO          142    .text.TIM14_IRQHandler  stm32c0xx_it.o
    0x080031a0   0x080031a0   0x00000010   Code   RO          140    .text.TIM3_IRQHandler  stm32c0xx_it.o
    0x080031b0   0x080031b0   0x0000073c   Code   RO           71    .text.USART2_printf  main.o
    0x080038ec   0x080038ec   0x00000130   Code   RO           33    .text.WriteOneByte  ads1220.o
    0x08003a1c   0x08003a1c   0x0000031c   Code   RO          215    .text._f_s          pa_rrf.o
    0x08003d38   0x08003d38   0x000000f8   Code   RO          213    .text._u32_s        pa_rrf.o
    0x08003e30   0x08003e30   0x00000140   Code   RO          217    .text._wait_ok_with_adc  pa_rrf.o
    0x08003f70   0x08003f70   0x00000058   Code   RO           77    .text.config_save   main.o
    0x08003fc8   0x08003fc8   0x0000013c   Code   RO           73    .text.find_normal_endstop  main.o
    0x08004104   0x08004104   0x000001dc   Code   RO           17    .text.iouart1_SendByte  iousart.o
    0x080042e0   0x080042e0   0x00000624   Code   RO           97    .text.main          main.o
    0x08004904   0x08004904   0x00000050   Code   RO          207    .text.pa_rrf_abort  pa_rrf.o
    0x08004954   0x08004954   0x0000000c   Code   RO          203    .text.pa_rrf_get_state  pa_rrf.o
    0x08004960   0x08004960   0x00000060   Code   RO          199    .text.pa_rrf_params_default  pa_rrf.o
    0x080049c0   0x080049c0   0x0000015c   Code   RO          201    .text.pa_rrf_parse_params  pa_rrf.o
    0x08004b1c   0x08004b1c   0x00000e8c   Code   RO          211    .text.pa_rrf_run    pa_rrf.o
    0x080059a8   0x080059a8   0x000000c8   Code   RO          209    .text.pa_rrf_start  pa_rrf.o
    0x08005a70   0x08005a70   0x00000324   Code   RO           69    .text.process_cmd   main.o
    0x08005d94   0x08005d94   0x0000027c   Code   RO           91    .text.process_triggered  main.o
    0x08006010   0x08006010   0x00000014   Code   RO          171    .text.rrf_comm_init  rrf_comm.o
    0x08006024   0x08006024   0x00000070   Code   RO          179    .text.rrf_feed_byte  rrf_comm.o
    0x08006094   0x08006094   0x00000010   Code   RO          183    .text.rrf_ok_consume  rrf_comm.o
    0x080060a4   0x080060a4   0x0000000c   Code   RO          181    .text.rrf_ok_pending  rrf_comm.o
    0x080060b0   0x080060b0   0x00000008   Code   RO          173    .text.rrf_reset_line_counter  rrf_comm.o
    0x080060b8   0x080060b8   0x00000238   Code   RO          175    .text.rrf_send      rrf_comm.o
    0x080062f0   0x080062f0   0x00000022   Code   RO          177    .text.rrf_send_raw  rrf_comm.o
    0x08006312   0x08006312   0x00000002   PAD
    0x08006314   0x08006314   0x00000050   Code   RO           75    .text.set_open      main.o
    0x08006364   0x08006364   0x00000028   Code   RO         1382    i.__0sprintf$1      mc_p.l(printf1.o)
    0x0800638c   0x0800638c   0x0000002e   Code   RO         1721    i.__ARM_clz         mf_p.l(depilogue.o)
    0x080063ba   0x080063ba   0x00000002   PAD
    0x080063bc   0x080063bc   0x00000008   Code   RO         1647    i.__aeabi_errno_addr  mc_p.l(errno.o)
    0x080063c4   0x080063c4   0x0000000c   Code   RO         1648    i.__read_errno      mc_p.l(errno.o)
    0x080063d0   0x080063d0   0x0000000e   Code   RO         1734    i.__scatterload_copy  mc_p.l(handlers.o)
    0x080063de   0x080063de   0x00000002   Code   RO         1735    i.__scatterload_null  mc_p.l(handlers.o)
    0x080063e0   0x080063e0   0x0000000e   Code   RO         1736    i.__scatterload_zeroinit  mc_p.l(handlers.o)
    0x080063ee   0x080063ee   0x00000002   PAD
    0x080063f0   0x080063f0   0x0000000c   Code   RO         1649    i.__set_errno       mc_p.l(errno.o)
    0x080063fc   0x080063fc   0x0000000e   Code   RO         1712    i._is_digit         mc_p.l(scanf_fp.o)
    0x0800640a   0x0800640a   0x00000002   PAD
    0x0800640c   0x0800640c   0x00000150   Code   RO         1387    i._printf_core      mc_p.l(printf1.o)
    0x0800655c   0x0800655c   0x0000000a   Code   RO         1389    i._sputc            mc_p.l(printf1.o)
    0x08006566   0x08006566   0x0000002c   Code   RO         1309    i.atof              m_ps.l(atof.o)
    0x08006592   0x08006592   0x00000002   PAD
    0x08006594   0x08006594   0x00000090   Code   RO         1141    i.find_normal       pa.lib(pa.o)
    0x08006624   0x08006624   0x00000308   Code   RO         1142    i.get_low_value     pa.lib(pa.o)
    0x0800692c   0x0800692c   0x0000006c   Code   RO         1143    i.has_plus          pa.lib(pa.o)
    0x08006998   0x08006998   0x00000081   Data   RO         1683    .constdata          mc_p.l(ctype_o.o)
    0x08006a19   0x08006a19   0x00000003   PAD
    0x08006a1c   0x08006a1c   0x00000004   Data   RO         1684    .constdata          mc_p.l(ctype_o.o)
    0x08006a20   0x08006a20   0x00000040   Data   RO         1130    .rodata.AHBPrescTable  system_stm32c0xx.o
    0x08006a60   0x08006a60   0x00000088   Data   RO          107    .rodata.str1.1      main.o
    0x08006ae8   0x08006ae8   0x00000167   Data   RO          220    .rodata.str1.1      pa_rrf.o
    0x08006c4f   0x08006c4f   0x00000001   PAD
    0x08006c50   0x08006c50   0x000000dd   Data   RO          221    .rodata.str1.4      pa_rrf.o
    0x08006d2d   0x08006d2d   0x00000003   PAD
    0x08006d30   0x08006d30   0x00000020   Data   RO         1733    Region$$Table       anon$$obj.o


    Execution Region RW_IRAM1 (Exec base: 0x20000000, Load base: 0x08006d50, Size: 0x00001528, Max: 0x00001800, ABSOLUTE)

    Exec Addr    Load Addr    Size         Type   Attr      Idx    E Section Name        Object

    0x20000000   0x08006d50   0x00000038   Data   RW         1147    .data               pa.lib(pa.o)
    0x20000038   0x08006d88   0x00000004   Data   RW         1650    .data               mc_p.l(errno.o)
    0x2000003c   0x08006d8c   0x00000008   Data   RW          290    .data..L_MergedGlobals  stm32c0xx_hal.o
    0x20000044   0x08006d94   0x00000004   Data   RW         1129    .data.SystemCoreClock  system_stm32c0xx.o
    0x20000048   0x08006d98   0x00000001   Data   RW           24    .data.recvStat      iousart.o
    0x20000049   0x08006d99   0x00000007   PAD
    0x20000050        -       0x00000200   Zero   RW         1144    .bss                pa.lib(pa.o)
    0x20000250        -       0x0000005e   Zero   RW          119    .bss..L_MergedGlobals  main.o
    0x200002ae   0x08006d99   0x00000002   PAD
    0x200002b0        -       0x00000008   Zero   RW          190    .bss..L_MergedGlobals  rrf_comm.o
    0x200002b8        -       0x0000004c   Zero   RW          222    .bss..L_MergedGlobals  pa_rrf.o
    0x20000304        -       0x00000004   Zero   RW           55    .bss.Init_Config    ads1220.o
    0x20000308        -       0x00000001   Zero   RW           56    .bss.PolarFlag      ads1220.o
    0x20000309   0x08006d99   0x00000003   PAD
    0x2000030c        -       0x00000054   Zero   RW          113    .bss.hi2c1          main.o
    0x20000360        -       0x0000004c   Zero   RW          110    .bss.htim1          main.o
    0x200003ac        -       0x0000004c   Zero   RW          111    .bss.htim14         main.o
    0x200003f8        -       0x0000004c   Zero   RW          114    .bss.htim3          main.o
    0x20000444        -       0x00000018   Zero   RW          417    .bss.pFlash         stm32c0xx_hal_flash.o
    0x2000045c        -       0x00000080   Zero   RW          109    .bss.pa_result      main.o
    0x200004dc        -       0x00000800   Zero   RW          108    .bss.raw_dat        main.o
    0x20000cdc        -       0x00000001   Zero   RW           23    .bss.recvData       iousart.o
    0x20000cdd   0x08006d99   0x00000003   PAD
    0x20000ce0        -       0x00000040   Zero   RW          106    .bss.rxData         main.o
    0x20000d20        -       0x00000200   Zero   RW          219    .bss.s_data         pa_rrf.o
    0x20000f20        -       0x00000080   Zero   RW          117    .bss.s_dispatch_buf  main.o
    0x20000fa0        -       0x00000080   Zero   RW          187    .bss.s_rx_buf       rrf_comm.o
    0x20001020        -       0x00000100   Zero   RW          188    .bss.s_tx_buf       rrf_comm.o
    0x20001120        -       0x00000004   Zero   RW          289    .bss.uwTick         stm32c0xx_hal.o
    0x20001124   0x08006d99   0x00000004   PAD
    0x20001128        -       0x00000400   Zero   RW            1    STACK               startup_stm32c011xx.o


==============================================================================

Image component sizes


      Code (inc. data)   RO Data    RW Data    ZI Data      Debug   Object Name

      1066         20          0          0          5       5606   ads1220.o
       676         40          0          1          1       7047   iousart.o
      5532        476        136          0       2774      30926   main.o
      5824        716        580          0        588      20113   pa_rrf.o
       770         32          0          0        392       5089   rrf_comm.o
        28          8        192          0       1024        624   startup_stm32c011xx.o
       160         16          0          8          4       6819   stm32c0xx_hal.o
       132         24          0          0          0       6521   stm32c0xx_hal_cortex.o
       130          8          0          0          0       9320   stm32c0xx_hal_dma.o
       620         48          0          0         24       8772   stm32c0xx_hal_flash.o
       740         36          0          0          0       7781   stm32c0xx_hal_flash_ex.o
       476         24          0          0          0       5024   stm32c0xx_hal_gpio.o
      2630         52          0          0          0      67063   stm32c0xx_hal_i2c.o
       132          0          0          0          0       6052   stm32c0xx_hal_i2c_ex.o
       316         20          0          0          0       8668   stm32c0xx_hal_msp.o
      1040         44          0          0          0       7569   stm32c0xx_hal_rcc.o
       300          8          0          0          0       4885   stm32c0xx_hal_rcc_ex.o
      1168         44          0          0          0      70367   stm32c0xx_hal_tim.o
        94          0          0          0          0      27229   stm32c0xx_hal_tim_ex.o
        96         12          0          0          0       2702   stm32c0xx_it.o
        16          4         64          4          0       1963   system_stm32c0xx.o

    ----------------------------------------------------------------------
     21964       1632       1008         16       4828     310140   Object Totals
         0          0         32          0          0          0   (incl. Generated)
        18          0          4          3         16          0   (incl. Padding)

    ----------------------------------------------------------------------

      Code (inc. data)   RO Data    RW Data    ZI Data      Debug   Library Member Name

        44          0          0          0          0         76   atof.o
        30          0          0          0          0         60   _chval.o
        68          0          0          0          0         76   _sgetc.o
       166          0          0          0          0         84   _strtoul.o
        26          0          0          0          0         72   atoi.o
         8          4        133          0          0         60   ctype_o.o
         0          0          0          0          0          0   entry.o
         0          0          0          0          0          0   entry10a.o
         0          0          0          0          0          0   entry11a.o
         8          4          0          0          0          0   entry2.o
         4          0          0          0          0          0   entry5.o
         0          0          0          0          0          0   entry7b.o
         0          0          0          0          0          0   entry8b.o
         8          4          0          0          0          0   entry9a.o
        32         16          0          4          0        180   errno.o
        30          0          0          0          0          0   handlers.o
        80          6          0          0          0         72   idiv_div0.o
        48         10          0          0          0         68   init.o
        18          0          0          0          0         68   isspace_o.o
         0          0          0          0          0          0   iusefp.o
        48          0          0          0          0         72   llmul.o
        32          0          0          0          0         68   llshl.o
        34          0          0          0          0         68   llushr.o
        26          0          0          0          0         72   memcmp.o
        36          0          0          0          0         60   memcpya.o
        36          0          0          0          0        100   memseta.o
       386          8          0          0          0        228   printf1.o
       898         14          0          0          0        184   scanf_fp.o
        20          0          0          0          0         60   strchr.o
        14          0          0          0          0         60   strlen.o
       180         18          0          0          0        120   strtod.o
       112          4          0          0          0         76   strtol.o
        62          0          0          0          0         72   uidiv_div0.o
        56          0          0          0          0         68   d2f.o
       240          6          0          0          0         84   ddiv.o
       236          0          0          0          0        216   depilogue.o
        28          6          0          0          0         68   dfltul.o
       208          6          0          0          0         88   dmul.o
        40          0          0          0          0         60   f2d.o
       178          0          0          0          0        108   fadd.o
        28          0          0          0          0         60   fcmpge.o
        28          0          0          0          0         60   fcmple.o
        28          0          0          0          0         60   fcmplt.o
       130          0          0          0          0        144   fepilogue.o
        40          0          0          0          0         60   ffixui.o
        14          0          0          0          0         68   ffltui.o
       122          0          0          0          0         72   fmul.o
      1028         48          0         56        512       8663   pa.o

    ----------------------------------------------------------------------
      4876        154        136         60        512      11935   Library Totals
        18          0          3          0          0          0   (incl. Padding)

    ----------------------------------------------------------------------

      Code (inc. data)   RO Data    RW Data    ZI Data      Debug   Library Name

        44          0          0          0          0         76   m_ps.l
      2410         88        133          4          0       1980   mc_p.l
      1376         18          0          0          0       1216   mf_p.l
      1028         48          0         56        512       8663   pa.lib

    ----------------------------------------------------------------------
      4876        154        136         60        512      11935   Library Totals

    ----------------------------------------------------------------------

==============================================================================


      Code (inc. data)   RO Data    RW Data    ZI Data      Debug   

     26840       1786       1144         76       5340     319999   Grand Totals
     26840       1786       1144         76       5340     319999   ELF Image Totals
     26840       1786       1144         76          0          0   ROM Totals

==============================================================================

    Total RO  Size (Code + RO Data)                27984 (  27.33kB)
    Total RW  Size (RW Data + ZI Data)              5416 (   5.29kB)
    Total ROM Size (Code + RO Data + RW Data)      28060 (  27.40kB)

==============================================================================

