Component: Arm Compiler for Embedded 6.24 Tool: armlink [5f371500]

==============================================================================

Section Cross References

    startup_stm32c011xx.o(STACK) refers (Special) to heapauxi.o(.text) for __use_two_region_memory
    startup_stm32c011xx.o(HEAP) refers (Special) to heapauxi.o(.text) for __use_two_region_memory
    startup_stm32c011xx.o(RESET) refers (Special) to heapauxi.o(.text) for __use_two_region_memory
    startup_stm32c011xx.o(RESET) refers to startup_stm32c011xx.o(STACK) for __initial_sp
    startup_stm32c011xx.o(RESET) refers to startup_stm32c011xx.o(.text) for Reset_Handler
    startup_stm32c011xx.o(RESET) refers to stm32c0xx_it.o(.text.NMI_Handler) for NMI_Handler
    startup_stm32c011xx.o(RESET) refers to stm32c0xx_it.o(.text.HardFault_Handler) for HardFault_Handler
    startup_stm32c011xx.o(RESET) refers to stm32c0xx_it.o(.text.SVC_Handler) for SVC_Handler
    startup_stm32c011xx.o(RESET) refers to stm32c0xx_it.o(.text.PendSV_Handler) for PendSV_Handler
    startup_stm32c011xx.o(RESET) refers to stm32c0xx_it.o(.text.SysTick_Handler) for SysTick_Handler
    startup_stm32c011xx.o(RESET) refers to stm32c0xx_it.o(.text.EXTI4_15_IRQHandler) for EXTI4_15_IRQHandler
    startup_stm32c011xx.o(RESET) refers to stm32c0xx_it.o(.text.TIM3_IRQHandler) for TIM3_IRQHandler
    startup_stm32c011xx.o(RESET) refers to stm32c0xx_it.o(.text.TIM14_IRQHandler) for TIM14_IRQHandler
    startup_stm32c011xx.o(RESET) refers to stm32c0xx_it.o(.text.I2C1_IRQHandler) for I2C1_IRQHandler
    startup_stm32c011xx.o(.text) refers (Special) to heapauxi.o(.text) for __use_two_region_memory
    startup_stm32c011xx.o(.text) refers to system_stm32c0xx.o(.text.SystemInit) for SystemInit
    startup_stm32c011xx.o(.text) refers to __main.o(!!!main) for __main
    startup_stm32c011xx.o(.text) refers to startup_stm32c011xx.o(HEAP) for Heap_Mem
    startup_stm32c011xx.o(.text) refers to startup_stm32c011xx.o(STACK) for Stack_Mem
    iousart.o(.text.iouart1_TXD) refers to stm32c0xx_hal_gpio.o(.text.HAL_GPIO_WritePin) for HAL_GPIO_WritePin
    iousart.o(.ARM.exidx.text.iouart1_TXD) refers to iousart.o(.text.iouart1_TXD) for [Anonymous Symbol]
    iousart.o(.text.iouart1_RXD) refers to stm32c0xx_hal_gpio.o(.text.HAL_GPIO_ReadPin) for HAL_GPIO_ReadPin
    iousart.o(.ARM.exidx.text.iouart1_RXD) refers to iousart.o(.text.iouart1_RXD) for [Anonymous Symbol]
    iousart.o(.text.iouart1_delayUs) refers to main.o(.bss.htim1) for htim1
    iousart.o(.ARM.exidx.text.iouart1_delayUs) refers to iousart.o(.text.iouart1_delayUs) for [Anonymous Symbol]
    iousart.o(.text.iouart1_SendByte) refers to stm32c0xx_hal_gpio.o(.text.HAL_GPIO_WritePin) for HAL_GPIO_WritePin
    iousart.o(.text.iouart1_SendByte) refers to main.o(.bss.htim1) for htim1
    iousart.o(.ARM.exidx.text.iouart1_SendByte) refers to iousart.o(.text.iouart1_SendByte) for [Anonymous Symbol]
    iousart.o(.text.HAL_GPIO_EXTI_Falling_Callback) refers to stm32c0xx_hal_gpio.o(.text.HAL_GPIO_ReadPin) for HAL_GPIO_ReadPin
    iousart.o(.text.HAL_GPIO_EXTI_Falling_Callback) refers to stm32c0xx_hal_tim.o(.text.HAL_TIM_Base_Start_IT) for HAL_TIM_Base_Start_IT
    iousart.o(.text.HAL_GPIO_EXTI_Falling_Callback) refers to iousart.o(.data.recvStat) for recvStat
    iousart.o(.text.HAL_GPIO_EXTI_Falling_Callback) refers to main.o(.bss.htim3) for htim3
    iousart.o(.ARM.exidx.text.HAL_GPIO_EXTI_Falling_Callback) refers to iousart.o(.text.HAL_GPIO_EXTI_Falling_Callback) for [Anonymous Symbol]
    iousart.o(.text.HAL_TIM_PeriodElapsedCallback) refers to stm32c0xx_hal_tim.o(.text.HAL_TIM_Base_Stop_IT) for HAL_TIM_Base_Stop_IT
    iousart.o(.text.HAL_TIM_PeriodElapsedCallback) refers to stm32c0xx_hal_gpio.o(.text.HAL_GPIO_ReadPin) for HAL_GPIO_ReadPin
    iousart.o(.text.HAL_TIM_PeriodElapsedCallback) refers to main.o(.bss.htim3) for htim3
    iousart.o(.text.HAL_TIM_PeriodElapsedCallback) refers to iousart.o(.data.recvStat) for recvStat
    iousart.o(.text.HAL_TIM_PeriodElapsedCallback) refers to iousart.o(.bss.recvData) for recvData
    iousart.o(.text.HAL_TIM_PeriodElapsedCallback) refers to main.o(.bss.htim14) for htim14
    iousart.o(.text.HAL_TIM_PeriodElapsedCallback) refers to main.o(.bss..L_MergedGlobals) for tim14_n
    iousart.o(.text.HAL_TIM_PeriodElapsedCallback) refers to main.o(.bss.rxData) for rxData
    iousart.o(.ARM.exidx.text.HAL_TIM_PeriodElapsedCallback) refers to iousart.o(.text.HAL_TIM_PeriodElapsedCallback) for [Anonymous Symbol]
    ads1220.o(.text.WriteOneByte) refers to stm32c0xx_hal_gpio.o(.text.HAL_GPIO_WritePin) for HAL_GPIO_WritePin
    ads1220.o(.ARM.exidx.text.WriteOneByte) refers to ads1220.o(.text.WriteOneByte) for [Anonymous Symbol]
    ads1220.o(.text.ReadOneByte) refers to stm32c0xx_hal_gpio.o(.text.HAL_GPIO_WritePin) for HAL_GPIO_WritePin
    ads1220.o(.text.ReadOneByte) refers to stm32c0xx_hal_gpio.o(.text.HAL_GPIO_ReadPin) for HAL_GPIO_ReadPin
[...]
    _fp_trap_init                             - Undefined Weak Reference
    _fp_trap_shutdown                         - Undefined Weak Reference
    _get_lc_collate                           - Undefined Weak Reference
    _get_lc_monetary                          - Undefined Weak Reference
    _get_lc_time                              - Undefined Weak Reference
    _getenv_init                              - Undefined Weak Reference
    _handle_redirection                       - Undefined Weak Reference
    _init_alloc                               - Undefined Weak Reference
    _init_user_alloc                          - Undefined Weak Reference
    _initio                                   - Undefined Weak Reference
    _printf_mbtowc                            - Undefined Weak Reference
    _printf_wc                                - Undefined Weak Reference
    _rand_init                                - Undefined Weak Reference
    _signal_finish                            - Undefined Weak Reference
    _signal_init                              - Undefined Weak Reference
    _terminate_alloc                          - Undefined Weak Reference
    _terminate_user_alloc                     - Undefined Weak Reference
    _terminateio                              - Undefined Weak Reference
    __Vectors_Size                           0x000000c0   Number         0  startup_stm32c011xx.o ABSOLUTE
    __Vectors                                0x08000000   Data           4  startup_stm32c011xx.o(RESET)
    __Vectors_End                            0x080000c0   Data           0  startup_stm32c011xx.o(RESET)
    __main                                   0x080000c1   Thumb Code     8  __main.o(!!!main)
    __scatterload                            0x080000c9   Thumb Code     0  __scatter.o(!!!scatter)
    __scatterload_rt2                        0x080000c9   Thumb Code    74  __scatter.o(!!!scatter)
    __scatterload_rt2_thumb_only             0x080000c9   Thumb Code     0  __scatter.o(!!!scatter)
    __scatterload_loop                       0x080000d3   Thumb Code     0  __scatter.o(!!!scatter)
    __scatterload_copy                       0x0800011d   Thumb Code    26  __scatter_copy.o(!!handler_copy)
    __scatterload_null                       0x08000139   Thumb Code     2  __scatter.o(!!handler_null)
    __scatterload_zeroinit                   0x0800013d   Thumb Code    28  __scatter_zi.o(!!handler_zi)
    _printf_percent                          0x08000159   Thumb Code     0  _printf_percent.o(.ARM.Collect$$_printf_percent$$00000000)
    _printf_n                                0x0800015b   Thumb Code     0  _printf_n.o(.ARM.Collect$$_printf_percent$$00000001)
    _printf_p                                0x08000165   Thumb Code     0  _printf_p.o(.ARM.Collect$$_printf_percent$$00000002)
    _printf_f                                0x0800016f   Thumb Code     0  _printf_f.o(.ARM.Collect$$_printf_percent$$00000003)
    _printf_e                                0x08000179   Thumb Code     0  _printf_e.o(.ARM.Collect$$_printf_percent$$00000004)
    _printf_g                                0x08000183   Thumb Code     0  _printf_g.o(.ARM.Collect$$_printf_percent$$00000005)
    _printf_a                                0x0800018d   Thumb Code     0  _printf_a.o(.ARM.Collect$$_printf_percent$$00000006)
    _printf_ll                               0x08000197   Thumb Code     0  _printf_ll.o(.ARM.Collect$$_printf_percent$$00000007)
    _printf_i                                0x080001a1   Thumb Code     0  _printf_i.o(.ARM.Collect$$_printf_percent$$00000008)
    _printf_d                                0x080001ab   Thumb Code     0  _printf_d.o(.ARM.Collect$$_printf_percent$$00000009)
    _printf_u                                0x080001b5   Thumb Code     0  _printf_u.o(.ARM.Collect$$_printf_percent$$0000000A)
    _printf_o                                0x080001bf   Thumb Code     0  _printf_o.o(.ARM.Collect$$_printf_percent$$0000000B)
    _printf_x                                0x080001c9   Thumb Code     0  _printf_x.o(.ARM.Collect$$_printf_percent$$0000000C)
    _printf_lli                              0x080001d3   Thumb Code     0  _printf_lli.o(.ARM.Collect$$_printf_percent$$0000000D)
    _printf_lld                              0x080001dd   Thumb Code     0  _printf_lld.o(.ARM.Collect$$_printf_percent$$0000000E)
    _printf_llu                              0x080001e7   Thumb Code     0  _printf_llu.o(.ARM.Collect$$_printf_percent$$0000000F)
    _printf_llo                              0x080001f1   Thumb Code     0  _printf_llo.o(.ARM.Collect$$_printf_percent$$00000010)
    _printf_llx                              0x080001fb   Thumb Code     0  _printf_llx.o(.ARM.Collect$$_printf_percent$$00000011)
    _printf_l                                0x08000205   Thumb Code     0  _printf_l.o(.ARM.Collect$$_printf_percent$$00000012)
    _printf_c                                0x0800020f   Thumb Code     0  _printf_c.o(.ARM.Collect$$_printf_percent$$00000013)
    _printf_s                                0x08000219   Thumb Code     0  _printf_s.o(.ARM.Collect$$_printf_percent$$00000014)
    _printf_lc                               0x08000223   Thumb Code     0  _printf_lc.o(.ARM.Collect$$_printf_percent$$00000015)
    _printf_ls                               0x0800022d   Thumb Code     0  _printf_ls.o(.ARM.Collect$$_printf_percent$$00000016)
    _printf_percent_end                      0x08000237   Thumb Code     0  _printf_percent_end.o(.ARM.Collect$$_printf_percent$$00000017)
    __rt_lib_init                            0x0800023b   Thumb Code     0  libinit.o(.ARM.Collect$$libinit$$00000000)
    __rt_lib_init_fp_1                       0x0800023d   Thumb Code     0  libinit2.o(.ARM.Collect$$libinit$$00000002)
    __rt_lib_init_heap_1                     0x0800023d   Thumb Code     0  libinit2.o(.ARM.Collect$$libinit$$0000000C)
    __rt_lib_init_lc_common                  0x0800023d   Thumb Code     0  libinit2.o(.ARM.Collect$$libinit$$00000011)
    __rt_lib_init_preinit_1                  0x0800023d   Thumb Code     0  libinit2.o(.ARM.Collect$$libinit$$00000006)
    __rt_lib_init_rand_1                     0x0800023d   Thumb Code     0  libinit2.o(.ARM.Collect$$libinit$$00000010)
    __rt_lib_init_relocate_pie_1             0x0800023d   Thumb Code     0  libinit2.o(.ARM.Collect$$libinit$$00000004)
    __rt_lib_init_user_alloc_1               0x0800023d   Thumb Code     0  libinit2.o(.ARM.Collect$$libinit$$0000000E)
    __rt_lib_init_lc_collate_1               0x08000243   Thumb Code     0  libinit2.o(.ARM.Collect$$libinit$$00000013)
    __rt_lib_init_lc_ctype_2                 0x08000243   Thumb Code     0  libinit2.o(.ARM.Collect$$libinit$$00000014)
    __rt_lib_init_lc_ctype_1                 0x0800024f   Thumb Code     0  libinit2.o(.ARM.Collect$$libinit$$00000015)
    __rt_lib_init_lc_monetary_1              0x0800024f   Thumb Code     0  libinit2.o(.ARM.Collect$$libinit$$00000017)
    __rt_lib_init_lc_numeric_2               0x0800024f   Thumb Code     0  libinit2.o(.ARM.Collect$$libinit$$00000018)
    __rt_lib_init_alloca_1                   0x08000259   Thumb Code     0  libinit2.o(.ARM.Collect$$libinit$$00000030)
    __rt_lib_init_argv_1                     0x08000259   Thumb Code     0  libinit2.o(.ARM.Collect$$libinit$$0000002E)
    __rt_lib_init_atexit_1                   0x08000259   Thumb Code     0  libinit2.o(.ARM.Collect$$libinit$$0000001D)
    __rt_lib_init_clock_1                    0x08000259   Thumb Code     0  libinit2.o(.ARM.Collect$$libinit$$00000023)
    __rt_lib_init_cpp_1                      0x08000259   Thumb Code     0  libinit2.o(.ARM.Collect$$libinit$$00000034)
    __rt_lib_init_exceptions_1               0x08000259   Thumb Code     0  libinit2.o(.ARM.Collect$$libinit$$00000032)
    __rt_lib_init_fp_trap_1                  0x08000259   Thumb Code     0  libinit2.o(.ARM.Collect$$libinit$$00000021)
    __rt_lib_init_getenv_1                   0x08000259   Thumb Code     0  libinit2.o(.ARM.Collect$$libinit$$00000025)
    __rt_lib_init_lc_numeric_1               0x08000259   Thumb Code     0  libinit2.o(.ARM.Collect$$libinit$$00000019)
    __rt_lib_init_lc_time_1                  0x08000259   Thumb Code     0  libinit2.o(.ARM.Collect$$libinit$$0000001B)
    __rt_lib_init_return                     0x08000259   Thumb Code     0  libinit2.o(.ARM.Collect$$libinit$$00000035)
    __rt_lib_init_signal_1                   0x08000259   Thumb Code     0  libinit2.o(.ARM.Collect$$libinit$$0000001F)
    __rt_lib_init_stdio_1                    0x08000259   Thumb Code     0  libinit2.o(.ARM.Collect$$libinit$$00000027)
    __rt_lib_shutdown                        0x0800025b   Thumb Code     0  libshutdown.o(.ARM.Collect$$libshutdown$$00000000)
    __rt_lib_shutdown_cpp_1                  0x0800025d   Thumb Code     0  libshutdown2.o(.ARM.Collect$$libshutdown$$00000002)
    __rt_lib_shutdown_fp_trap_1              0x0800025d   Thumb Code     0  libshutdown2.o(.ARM.Collect$$libshutdown$$00000007)
    __rt_lib_shutdown_heap_1                 0x0800025d   Thumb Code     0  libshutdown2.o(.ARM.Collect$$libshutdown$$0000000F)
    __rt_lib_shutdown_return                 0x0800025d   Thumb Code     0  libshutdown2.o(.ARM.Collect$$libshutdown$$00000010)
    __rt_lib_shutdown_signal_1               0x0800025d   Thumb Code     0  libshutdown2.o(.ARM.Collect$$libshutdown$$0000000A)
    __rt_lib_shutdown_stdio_1                0x0800025d   Thumb Code     0  libshutdown2.o(.ARM.Collect$$libshutdown$$00000004)
    __rt_lib_shutdown_user_alloc_1           0x0800025d   Thumb Code     0  libshutdown2.o(.ARM.Collect$$libshutdown$$0000000C)
    __rt_entry                               0x0800025f   Thumb Code     0  __rtentry.o(.ARM.Collect$$rtentry$$00000000)
    __rt_entry_presh_1                       0x0800025f   Thumb Code     0  __rtentry2.o(.ARM.Collect$$rtentry$$00000002)
    __rt_entry_sh                            0x0800025f   Thumb Code     0  __rtentry4.o(.ARM.Collect$$rtentry$$00000004)
    __rt_entry_li                            0x08000265   Thumb Code     0  __rtentry2.o(.ARM.Collect$$rtentry$$0000000A)
    __rt_entry_postsh_1                      0x08000265   Thumb Code     0  __rtentry2.o(.ARM.Collect$$rtentry$$00000009)
    __rt_entry_main                          0x08000269   Thumb Code     0  __rtentry2.o(.ARM.Collect$$rtentry$$0000000D)
    __rt_entry_postli_1                      0x08000269   Thumb Code     0  __rtentry2.o(.ARM.Collect$$rtentry$$0000000C)
    __rt_exit                                0x08000271   Thumb Code     0  rtexit.o(.ARM.Collect$$rtexit$$00000000)
    __rt_exit_ls                             0x08000273   Thumb Code     0  rtexit2.o(.ARM.Collect$$rtexit$$00000003)
    __rt_exit_prels_1                        0x08000273   Thumb Code     0  rtexit2.o(.ARM.Collect$$rtexit$$00000002)
    __rt_exit_exit                           0x08000277   Thumb Code     0  rtexit2.o(.ARM.Collect$$rtexit$$00000004)
    __aeabi_memcpy4                          0x0800027d   Thumb Code    56  rt_memcpy.o(.emb_text)
    __aeabi_memcpy8                          0x0800027d   Thumb Code     0  rt_memcpy.o(.emb_text)
    Reset_Handler                            0x080002b5   Thumb Code     8  startup_stm32c011xx.o(.text)
    ADC1_IRQHandler                          0x080002c7   Thumb Code     0  startup_stm32c011xx.o(.text)
    DMA1_Channel1_IRQHandler                 0x080002c7   Thumb Code     0  startup_stm32c011xx.o(.text)
    DMA1_Channel2_3_IRQHandler               0x080002c7   Thumb Code     0  startup_stm32c011xx.o(.text)
    DMAMUX1_IRQHandler                       0x080002c7   Thumb Code     0  startup_stm32c011xx.o(.text)
    EXTI0_1_IRQHandler                       0x080002c7   Thumb Code     0  startup_stm32c011xx.o(.text)
    EXTI2_3_IRQHandler                       0x080002c7   Thumb Code     0  startup_stm32c011xx.o(.text)
    FLASH_IRQHandler                         0x080002c7   Thumb Code     0  startup_stm32c011xx.o(.text)
    RCC_IRQHandler                           0x080002c7   Thumb Code     0  startup_stm32c011xx.o(.text)
    RTC_IRQHandler                           0x080002c7   Thumb Code     0  startup_stm32c011xx.o(.text)
    SPI1_IRQHandler                          0x080002c7   Thumb Code     0  startup_stm32c011xx.o(.text)
    TIM16_IRQHandler                         0x080002c7   Thumb Code     0  startup_stm32c011xx.o(.text)
    TIM17_IRQHandler                         0x080002c7   Thumb Code     0  startup_stm32c011xx.o(.text)
    TIM1_BRK_UP_TRG_COM_IRQHandler           0x080002c7   Thumb Code     0  startup_stm32c011xx.o(.text)
    TIM1_CC_IRQHandler                       0x080002c7   Thumb Code     0  startup_stm32c011xx.o(.text)
    USART1_IRQHandler                        0x080002c7   Thumb Code     0  startup_stm32c011xx.o(.text)
    USART2_IRQHandler                        0x080002c7   Thumb Code     0  startup_stm32c011xx.o(.text)
    WWDG_IRQHandler                          0x080002c7   Thumb Code     0  startup_stm32c011xx.o(.text)
    __user_initial_stackheap                 0x080002c9   Thumb Code     0  startup_stm32c011xx.o(.text)
    vsprintf                                 0x080002ed   Thumb Code    32  vsprintf.o(.text)
    __2sprintf                               0x08000311   Thumb Code    40  __2sprintf.o(.text)
    __2snprintf                              0x0800033d   Thumb Code    60  __2snprintf.o(.text)
    _printf_str                              0x0800037d   Thumb Code    82  _printf_str.o(.text)
    _printf_int_dec                          0x080003d1   Thumb Code    90  _printf_dec.o(.text)
    __printf                                 0x0800043d   Thumb Code   386  __printf_flags_ss_wp.o(.text)
    atoi                                     0x080005c5   Thumb Code    26  atoi.o(.text)
    strchr                                   0x080005df   Thumb Code    20  strchr.o(.text)
    memcmp                                   0x080005f3   Thumb Code    90  memcmp.o(.text)
    strlen                                   0x0800064d   Thumb Code    62  strlen.o(.text)
    _memset_w                                0x08000691   Thumb Code    26  rt_memclr.o(.text)
    _memset                                  0x080006ab   Thumb Code    30  rt_memclr.o(.text)
    __aeabi_memclr                           0x080006c9   Thumb Code     4  rt_memclr.o(.text)
    __rt_memclr                              0x080006c9   Thumb Code     0  rt_memclr.o(.text)
    __aeabi_memclr4                          0x080006cd   Thumb Code     0  rt_memclr.o(.text)
    __aeabi_memclr8                          0x080006cd   Thumb Code     0  rt_memclr.o(.text)
    __rt_memclr_w                            0x080006cd   Thumb Code     4  rt_memclr.o(.text)
    __aeabi_uidivmod                         0x080006d1   Thumb Code    28  aeabi_sdivfast.o(.text)
    __aeabi_idivmod                          0x080006ed   Thumb Code   472  aeabi_sdivfast.o(.text)
    __use_two_region_memory                  0x080008c9   Thumb Code     2  heapauxi.o(.text)
    __rt_heap_escrow$2region                 0x080008cb   Thumb Code     2  heapauxi.o(.text)
    __rt_heap_expand$2region                 0x080008cd   Thumb Code     2  heapauxi.o(.text)
    __aeabi_d2f                              0x080008d1   Thumb Code     0  d2f.o(.text)
    __truncdfsf2                             0x080008d1   Thumb Code     0  d2f.o(.text)
    _d2f                                     0x080008d1   Thumb Code   120  d2f.o(.text)
    __aeabi_f2d                              0x0800094d   Thumb Code     0  f2d.o(.text)
    __extendsfdf2                            0x0800094d   Thumb Code     0  f2d.o(.text)
    _f2d                                     0x0800094d   Thumb Code    80  f2d.o(.text)
    __aeabi_i2f_normalise                    0x080009a1   Thumb Code    72  fflti.o(.text)
    __aeabi_i2f                              0x080009e9   Thumb Code    16  fflti.o(.text)
    _fflt                                    0x080009e9   Thumb Code     0  fflti.o(.text)
    __aeabi_ui2f                             0x080009f9   Thumb Code     6  fflti.o(.text)
    _ffltu                                   0x080009f9   Thumb Code     0  fflti.o(.text)
    __aeabi_errno_addr                       0x08000a01   Thumb Code     8  rt_errno_addr_intlibspace.o(.text)
    __errno$intlibspace                      0x08000a01   Thumb Code     0  rt_errno_addr_intlibspace.o(.text)
    __rt_errno_addr$intlibspace              0x08000a01   Thumb Code     0  rt_errno_addr_intlibspace.o(.text)
    __read_errno                             0x08000a09   Thumb Code    10  _rserrno.o(.text)
    __set_errno                              0x08000a13   Thumb Code    12  _rserrno.o(.text)
    _printf_pre_padding                      0x08000a1f   Thumb Code    44  _printf_pad.o(.text)
    _printf_post_padding                     0x08000a4b   Thumb Code    34  _printf_pad.o(.text)
    _printf_truncate_signed                  0x08000a6d   Thumb Code    18  _printf_truncate.o(.text)
    _printf_truncate_unsigned                0x08000a7f   Thumb Code    18  _printf_truncate.o(.text)
    _printf_int_common                       0x08000a91   Thumb Code   176  _printf_intcommon.o(.text)
    _printf_charcount                        0x08000b41   Thumb Code    38  _printf_charcount.o(.text)
    _printf_fp_dec_real                      0x08000d05   Thumb Code   620  _printf_fp_dec.o(.text)
    _printf_char_common                      0x08000f87   Thumb Code    32  _printf_char_common.o(.text)
    _sputc                                   0x08000fad   Thumb Code    10  _sputc.o(.text)
    _snputc                                  0x08000fb7   Thumb Code    16  _snputc.o(.text)
    _printf_cs_common                        0x08000fc7   Thumb Code    22  _printf_char.o(.text)
    _printf_char                             0x08000fdd   Thumb Code    16  _printf_char.o(.text)
    _printf_string                           0x08000fed   Thumb Code     8  _printf_char.o(.text)
    _printf_wctomb                           0x08000ff5   Thumb Code   182  _printf_wctomb.o(.text)
    _printf_longlong_dec                     0x080010b1   Thumb Code    94  _printf_longlong_dec.o(.text)
    _printf_longlong_oct                     0x08001121   Thumb Code    68  _printf_oct_int_ll.o(.text)
    _printf_int_oct                          0x08001165   Thumb Code    24  _printf_oct_int_ll.o(.text)
    _printf_ll_oct                           0x0800117d   Thumb Code    10  _printf_oct_int_ll.o(.text)
    _printf_longlong_hex                     0x08001191   Thumb Code    88  _printf_hex_int_ll_ptr.o(.text)
    _printf_int_hex                          0x080011e9   Thumb Code    28  _printf_hex_int_ll_ptr.o(.text)
    _printf_ll_hex                           0x08001205   Thumb Code    10  _printf_hex_int_ll_ptr.o(.text)
    _printf_hex_ptr                          0x0800120f   Thumb Code    22  _printf_hex_int_ll_ptr.o(.text)
    __strtod_int                             0x0800126f   Thumb Code    98  strtod.o(.text)
    strtol                                   0x080012e1   Thumb Code   108  strtol.o(.text)
    __rt_udiv10                              0x08001351   Thumb Code    40  rtudiv10.o(.text)
    __user_libspace                          0x08001379   Thumb Code     8  libspace.o(.text)
    __user_perproc_libspace                  0x08001379   Thumb Code     0  libspace.o(.text)
    __user_perthread_libspace                0x08001379   Thumb Code     0  libspace.o(.text)
    __rt_ctype_table                         0x08001381   Thumb Code    16  rt_ctype_table.o(.text)
    __rt_locale                              0x08001391   Thumb Code     8  rt_locale_intlibspace.o(.text)
    _ll_udiv10                               0x08001399   Thumb Code   122  lludiv10.o(.text)
    isspace                                  0x08001413   Thumb Code    18  isspace.o(.text)
    _printf_fp_hex_real                      0x08001425   Thumb Code   718  _printf_fp_hex.o(.text)
    _printf_fp_infnan                        0x080016fd   Thumb Code   120  _printf_fp_infnan.o(.text)
    _printf_lcs_common                       0x08001785   Thumb Code    22  _printf_wchar.o(.text)
    _printf_wchar                            0x0800179b   Thumb Code    16  _printf_wchar.o(.text)
    _printf_wstring                          0x080017ab   Thumb Code     8  _printf_wchar.o(.text)
    _sgetc                                   0x080017b3   Thumb Code    32  _sgetc.o(.text)
    _sbackspace                              0x080017d3   Thumb Code    36  _sgetc.o(.text)
    _strtoul                                 0x080017f7   Thumb Code   166  _strtoul.o(.text)
    _btod_etento                             0x0800189d   Thumb Code   210  bigflt0.o(.text)
    _btod_d2e                                0x08001975   Thumb Code    64  btod.o(.text)
    _btod_emul                               0x08001da9   Thumb Code    28  btod.o(.text)
    _btod_emuld                              0x08001dc5   Thumb Code   144  btod.o(.text)
    _btod_ediv                               0x08001e55   Thumb Code    26  btod.o(.text)
    _btod_edivd                              0x08001e6f   Thumb Code   124  btod.o(.text)
    _c16rtomb                                0x08001ef5   Thumb Code    66  _c16rtomb.o(.text)
    _wcrtomb                                 0x08001ef5   Thumb Code     0  _c16rtomb.o(.text)
    __user_setup_stackheap                   0x08001f37   Thumb Code    62  sys_stackheap_outer.o(.text)
    _chval                                   0x08001f75   Thumb Code    30  _chval.o(.text)
    _scanf_really_real                       0x080021ef   Thumb Code   710  scanf_fp.o(.text)
    exit                                     0x080024b5   Thumb Code    16  exit.o(.text)
    strcmp                                   0x080024c5   Thumb Code   176  strcmpv6m.o(.text)
    __aeabi_llsl                             0x08002575   Thumb Code    32  llshl.o(.text)
    _ll_shift_l                              0x08002575   Thumb Code     0  llshl.o(.text)
    __aeabi_lmul                             0x08002595   Thumb Code    48  llmul.o(.text)
    _ll_mul                                  0x08002595   Thumb Code     0  llmul.o(.text)
    _sys_exit                                0x080025c5   Thumb Code     8  sys_exit.o(.text)
    _scanf_really_hex_real                   0x080025d1   Thumb Code   806  scanf_hexfp.o(.text)
    _scanf_really_infnan                     0x08002905   Thumb Code   300  scanf_infnan.o(.text)
    __I$use$semihosting                      0x08002a41   Thumb Code     0  use_no_semi.o(.text)
    __use_no_semihosting_swi                 0x08002a41   Thumb Code     2  use_no_semi.o(.text)
    __semihosting_library_function           0x08002a43   Thumb Code     0  indicate_semi.o(.text)
    __fpl_dcmp_InfNaN                        0x08002a45   Thumb Code   154  dcmpin.o(.text)
    __ARM_scalbn                             0x08002ae5   Thumb Code    84  dscalbn.o(.text)
    __fpl_cmpreturn                          0x08002b45   Thumb Code    46  cmpret.o(.text)
    __fpl_dcheck_NaN2                        0x08002b75   Thumb Code    14  dnan2.o(.text)
    __fpl_return_NaN                         0x08002b89   Thumb Code    94  retnan.o(.text)
    ADS1220_Init                             0x08002be7   Thumb Code   112  ads1220.o(.text.ADS1220_Init)
    CofigAD                                  0x08002c59   Thumb Code   132  ads1220.o(.text.CofigAD)
    EXTI4_15_IRQHandler                      0x08002ce9   Thumb Code    12  stm32c0xx_it.o(.text.EXTI4_15_IRQHandler)
    Error_Handler                            0x08002cf5   Thumb Code     4  main.o(.text.Error_Handler)
    FLASH_WaitForLastOperation               0x08002cf9   Thumb Code    76  stm32c0xx_hal_flash.o(.text.FLASH_WaitForLastOperation)
    GetAD                                    0x08002d4d   Thumb Code   136  ads1220.o(.text.GetAD)
    HAL_DMA_Abort_IT                         0x08002ddd   Thumb Code   116  stm32c0xx_hal_dma.o(.text.HAL_DMA_Abort_IT)
    HAL_DMA_GetState                         0x08002e59   Thumb Code     6  stm32c0xx_hal_dma.o(.text.HAL_DMA_GetState)
    HAL_Delay                                0x08002e61   Thumb Code    32  stm32c0xx_hal.o(.text.HAL_Delay)
    HAL_FLASHEx_Erase                        0x08002e85   Thumb Code   180  stm32c0xx_hal_flash_ex.o(.text.HAL_FLASHEx_Erase)
    HAL_FLASHEx_OBGetConfig                  0x08002f45   Thumb Code   168  stm32c0xx_hal_flash_ex.o(.text.HAL_FLASHEx_OBGetConfig)
    HAL_FLASHEx_OBProgram                    0x08002ff5   Thumb Code   356  stm32c0xx_hal_flash_ex.o(.text.HAL_FLASHEx_OBProgram)
    HAL_FLASH_Lock                           0x08003169   Thumb Code    20  stm32c0xx_hal_flash.o(.text.HAL_FLASH_Lock)
    HAL_FLASH_OB_Launch                      0x0800317d   Thumb Code    16  stm32c0xx_hal_flash.o(.text.HAL_FLASH_OB_Launch)
    HAL_FLASH_OB_Lock                        0x0800318d   Thumb Code    24  stm32c0xx_hal_flash.o(.text.HAL_FLASH_OB_Lock)
    HAL_FLASH_OB_Unlock                      0x080031a9   Thumb Code    28  stm32c0xx_hal_flash.o(.text.HAL_FLASH_OB_Unlock)
    HAL_FLASH_Program                        0x080031d1   Thumb Code   380  stm32c0xx_hal_flash.o(.text.HAL_FLASH_Program)
    HAL_FLASH_Unlock                         0x08003359   Thumb Code    28  stm32c0xx_hal_flash.o(.text.HAL_FLASH_Unlock)
    HAL_GPIO_EXTI_Falling_Callback           0x08003381   Thumb Code    44  iousart.o(.text.HAL_GPIO_EXTI_Falling_Callback)
    HAL_GPIO_EXTI_IRQHandler                 0x080033b5   Thumb Code    36  stm32c0xx_hal_gpio.o(.text.HAL_GPIO_EXTI_IRQHandler)
    HAL_GPIO_EXTI_Rising_Callback            0x080033dd   Thumb Code     2  stm32c0xx_hal_gpio.o(.text.HAL_GPIO_EXTI_Rising_Callback)
    HAL_GPIO_Init                            0x080033e1   Thumb Code   388  stm32c0xx_hal_gpio.o(.text.HAL_GPIO_Init)
    HAL_GPIO_ReadPin                         0x08003579   Thumb Code    10  stm32c0xx_hal_gpio.o(.text.HAL_GPIO_ReadPin)
    HAL_GPIO_WritePin                        0x08003583   Thumb Code    16  stm32c0xx_hal_gpio.o(.text.HAL_GPIO_WritePin)
    HAL_GetTick                              0x08003595   Thumb Code     8  stm32c0xx_hal.o(.text.HAL_GetTick)
    HAL_I2CEx_ConfigAnalogFilter             0x080035a1   Thumb Code    66  stm32c0xx_hal_i2c_ex.o(.text.HAL_I2CEx_ConfigAnalogFilter)
    HAL_I2CEx_ConfigDigitalFilter            0x080035e3   Thumb Code    66  stm32c0xx_hal_i2c_ex.o(.text.HAL_I2CEx_ConfigDigitalFilter)
    HAL_I2C_AbortCpltCallback                0x08003625   Thumb Code     2  stm32c0xx_hal_i2c.o(.text.HAL_I2C_AbortCpltCallback)
    HAL_I2C_AddrCallback                     0x08003629   Thumb Code    56  main.o(.text.HAL_I2C_AddrCallback)
    HAL_I2C_ER_IRQHandler                    0x08003661   Thumb Code   130  stm32c0xx_hal_i2c.o(.text.HAL_I2C_ER_IRQHandler)
    HAL_I2C_EV_IRQHandler                    0x080036e3   Thumb Code    18  stm32c0xx_hal_i2c.o(.text.HAL_I2C_EV_IRQHandler)
    HAL_I2C_EnableListen_IT                  0x080036f5   Thumb Code    40  stm32c0xx_hal_i2c.o(.text.HAL_I2C_EnableListen_IT)
    HAL_I2C_ErrorCallback                    0x0800371d   Thumb Code     2  stm32c0xx_hal_i2c.o(.text.HAL_I2C_ErrorCallback)
    HAL_I2C_Init                             0x08003721   Thumb Code   172  stm32c0xx_hal_i2c.o(.text.HAL_I2C_Init)
    HAL_I2C_ListenCpltCallback               0x080037d1   Thumb Code    24  main.o(.text.HAL_I2C_ListenCpltCallback)
    HAL_I2C_MspInit                          0x080037e9   Thumb Code   140  stm32c0xx_hal_msp.o(.text.HAL_I2C_MspInit)
    HAL_I2C_SlaveRxCpltCallback              0x0800387d   Thumb Code    52  main.o(.text.HAL_I2C_SlaveRxCpltCallback)
    HAL_I2C_SlaveTxCpltCallback              0x080038b1   Thumb Code    40  main.o(.text.HAL_I2C_SlaveTxCpltCallback)
    HAL_I2C_Slave_Seq_Receive_IT             0x080038e1   Thumb Code   244  stm32c0xx_hal_i2c.o(.text.HAL_I2C_Slave_Seq_Receive_IT)
    HAL_I2C_Slave_Seq_Transmit_IT            0x080039d5   Thumb Code   236  stm32c0xx_hal_i2c.o(.text.HAL_I2C_Slave_Seq_Transmit_IT)
    HAL_IncTick                              0x08003acd   Thumb Code    16  stm32c0xx_hal.o(.text.HAL_IncTick)
    HAL_Init                                 0x08003ae1   Thumb Code    24  stm32c0xx_hal.o(.text.HAL_Init)
    HAL_InitTick                             0x08003af9   Thumb Code    64  stm32c0xx_hal.o(.text.HAL_InitTick)
    HAL_MspInit                              0x08003b3d   Thumb Code    40  stm32c0xx_hal_msp.o(.text.HAL_MspInit)
    HAL_NVIC_EnableIRQ                       0x08003b69   Thumb Code    20  stm32c0xx_hal_cortex.o(.text.HAL_NVIC_EnableIRQ)
    HAL_NVIC_SetPriority                     0x08003b81   Thumb Code    48  stm32c0xx_hal_cortex.o(.text.HAL_NVIC_SetPriority)
    HAL_RCCEx_PeriphCLKConfig                0x08003bb9   Thumb Code   292  stm32c0xx_hal_rcc_ex.o(.text.HAL_RCCEx_PeriphCLKConfig)
    HAL_RCC_ClockConfig                      0x08003ce5   Thumb Code   416  stm32c0xx_hal_rcc.o(.text.HAL_RCC_ClockConfig)
    HAL_RCC_OscConfig                        0x08003e9d   Thumb Code   580  stm32c0xx_hal_rcc.o(.text.HAL_RCC_OscConfig)
    HAL_SYSTICK_Config                       0x080040f5   Thumb Code    40  stm32c0xx_hal_cortex.o(.text.HAL_SYSTICK_Config)
    HAL_TIMEx_Break2Callback                 0x08004129   Thumb Code     2  stm32c0xx_hal_tim_ex.o(.text.HAL_TIMEx_Break2Callback)
    HAL_TIMEx_BreakCallback                  0x0800412b   Thumb Code     2  stm32c0xx_hal_tim_ex.o(.text.HAL_TIMEx_BreakCallback)
    HAL_TIMEx_CommutCallback                 0x0800412d   Thumb Code     2  stm32c0xx_hal_tim_ex.o(.text.HAL_TIMEx_CommutCallback)
    HAL_TIMEx_MasterConfigSynchronization    0x08004131   Thumb Code    88  stm32c0xx_hal_tim_ex.o(.text.HAL_TIMEx_MasterConfigSynchronization)
    HAL_TIM_Base_Init                        0x08004189   Thumb Code   188  stm32c0xx_hal_tim.o(.text.HAL_TIM_Base_Init)
    HAL_TIM_Base_MspInit                     0x08004251   Thumb Code   116  stm32c0xx_hal_msp.o(.text.HAL_TIM_Base_MspInit)
    HAL_TIM_Base_Start_IT                    0x080042cd   Thumb Code    72  stm32c0xx_hal_tim.o(.text.HAL_TIM_Base_Start_IT)
    HAL_TIM_Base_Stop_IT                     0x08004321   Thumb Code    52  stm32c0xx_hal_tim.o(.text.HAL_TIM_Base_Stop_IT)
    HAL_TIM_ConfigClockSource                0x0800435d   Thumb Code   340  stm32c0xx_hal_tim.o(.text.HAL_TIM_ConfigClockSource)
    HAL_TIM_IC_CaptureCallback               0x080044b9   Thumb Code     2  stm32c0xx_hal_tim.o(.text.HAL_TIM_IC_CaptureCallback)
    HAL_TIM_IRQHandler                       0x080044bd   Thumb Code   464  stm32c0xx_hal_tim.o(.text.HAL_TIM_IRQHandler)
    HAL_TIM_OC_DelayElapsedCallback          0x08004691   Thumb Code     2  stm32c0xx_hal_tim.o(.text.HAL_TIM_OC_DelayElapsedCallback)
    HAL_TIM_PWM_PulseFinishedCallback        0x08004693   Thumb Code     2  stm32c0xx_hal_tim.o(.text.HAL_TIM_PWM_PulseFinishedCallback)
    HAL_TIM_PeriodElapsedCallback            0x08004695   Thumb Code   120  iousart.o(.text.HAL_TIM_PeriodElapsedCallback)
    HAL_TIM_TriggerCallback                  0x08004729   Thumb Code     2  stm32c0xx_hal_tim.o(.text.HAL_TIM_TriggerCallback)
    HardFault_Handler                        0x0800472b   Thumb Code     2  stm32c0xx_it.o(.text.HardFault_Handler)
    I2C1_IRQHandler                          0x0800472d   Thumb Code    32  stm32c0xx_it.o(.text.I2C1_IRQHandler)
    NMI_Handler                              0x08004e3d   Thumb Code     2  stm32c0xx_it.o(.text.NMI_Handler)
    PendSV_Handler                           0x08004e3f   Thumb Code     2  stm32c0xx_it.o(.text.PendSV_Handler)
    ReadOneByte                              0x08004e41   Thumb Code   362  ads1220.o(.text.ReadOneByte)
    SVC_Handler                              0x08004fab   Thumb Code     2  stm32c0xx_it.o(.text.SVC_Handler)
    SysTick_Handler                          0x08004fad   Thumb Code     8  stm32c0xx_it.o(.text.SysTick_Handler)
    SystemInit                               0x08004fb5   Thumb Code    12  system_stm32c0xx.o(.text.SystemInit)
    TIM14_IRQHandler                         0x08004fc5   Thumb Code    12  stm32c0xx_it.o(.text.TIM14_IRQHandler)
    TIM3_IRQHandler                          0x08004fd5   Thumb Code    12  stm32c0xx_it.o(.text.TIM3_IRQHandler)
    USART2_printf                            0x08004fe5   Thumb Code    88  main.o(.text.USART2_printf)
    WriteOneByte                             0x08005045   Thumb Code   304  ads1220.o(.text.WriteOneByte)
    find_normal_endstop                      0x08005319   Thumb Code   308  main.o(.text.find_normal_endstop)
    iouart1_SendByte                         0x08005455   Thumb Code   472  iousart.o(.text.iouart1_SendByte)
    main                                     0x08005631   Thumb Code  1464  main.o(.text.main)
    pa_rrf_abort                             0x08005c55   Thumb Code    48  pa_rrf.o(.text.pa_rrf_abort)
    pa_rrf_get_state                         0x08005ca9   Thumb Code     8  pa_rrf.o(.text.pa_rrf_get_state)
    pa_rrf_params_default                    0x08005cb5   Thumb Code    56  pa_rrf.o(.text.pa_rrf_params_default)
    pa_rrf_parse_params                      0x08005d15   Thumb Code   144  pa_rrf.o(.text.pa_rrf_parse_params)
    pa_rrf_run                               0x08005da5   Thumb Code  1604  pa_rrf.o(.text.pa_rrf_run)
    pa_rrf_start                             0x08006489   Thumb Code   120  pa_rrf.o(.text.pa_rrf_start)
    process_cmd                              0x08006551   Thumb Code   632  main.o(.text.process_cmd)
    process_triggered                        0x08006879   Thumb Code   608  main.o(.text.process_triggered)
    rrf_comm_init                            0x08006af5   Thumb Code    20  rrf_comm.o(.text.rrf_comm_init)
    rrf_feed_byte                            0x08006b09   Thumb Code    92  rrf_comm.o(.text.rrf_feed_byte)
    rrf_ok_consume                           0x08006b79   Thumb Code    16  rrf_comm.o(.text.rrf_ok_consume)
    rrf_ok_pending                           0x08006b89   Thumb Code    12  rrf_comm.o(.text.rrf_ok_pending)
    rrf_reset_line_counter                   0x08006b95   Thumb Code     8  rrf_comm.o(.text.rrf_reset_line_counter)
    rrf_send                                 0x08006b9d   Thumb Code   144  rrf_comm.o(.text.rrf_send)
    rrf_send_raw                             0x08006c45   Thumb Code    52  rrf_comm.o(.text.rrf_send_raw)
    set_open                                 0x08006c7d   Thumb Code    68  main.o(.text.set_open)
    __aeabi_uidiv                            0x08006ccd   Thumb Code    68  aeabi_sdivfast.o(.text_divfast)
    __aeabi_idiv                             0x08006d11   Thumb Code   434  aeabi_sdivfast.o(.text_divfast)
    __ARM_common_ll_muluu                    0x08006ec3   Thumb Code    48  btod.o(i.__ARM_common_ll_muluu)
    __ARM_fpclassify                         0x08006ef5   Thumb Code    40  fpclassify.o(i.__ARM_fpclassify)
    __mathlib_dbl_overflow                   0x08006f21   Thumb Code    16  dunder.o(i.__mathlib_dbl_overflow)
    __mathlib_dbl_underflow                  0x08006f35   Thumb Code    14  dunder.o(i.__mathlib_dbl_underflow)
    __mathlib_narrow                         0x08006f49   Thumb Code    16  narrow.o(i.__mathlib_narrow)
    __mathlib_tofloat                        0x08006f59   Thumb Code   190  narrow.o(i.__mathlib_tofloat)
    __support_ldexp                          0x08007021   Thumb Code    20  ldexp.o(i.__support_ldexp)
    _is_digit                                0x08007035   Thumb Code    14  __printf_wp.o(i._is_digit)
    atof                                     0x08007043   Thumb Code    44  atof.o(i.atof)
    find_normal                              0x08007071   Thumb Code   138  pa.o(i.find_normal)
    frexp                                    0x08007101   Thumb Code    72  frexp.o(i.frexp)
    get_low_value                            0x08007159   Thumb Code   738  pa.o(i.get_low_value)
    has_plus                                 0x08007461   Thumb Code   104  pa.o(i.has_plus)
    ldexp                                    0x080074cd   Thumb Code   112  ldexp.o(i.ldexp)
    _get_lc_numeric                          0x0800753d   Thumb Code    44  lc_numeric_c.o(locale$$code)
    _get_lc_ctype                            0x08007569   Thumb Code    44  lc_ctype_c.o(locale$$code)
    __aeabi_cdcmpeq                          0x08007595   Thumb Code     0  deqf.o(x$fpl$deqf)
    _dcmpeq                                  0x08007595   Thumb Code    94  deqf.o(x$fpl$deqf)
    __aeabi_cdrcmple                         0x080075f9   Thumb Code     0  drlef.o(x$fpl$drleqf)
    _drcmple                                 0x080075f9   Thumb Code   100  drlef.o(x$fpl$drleqf)
    __aeabi_fadd                             0x08007661   Thumb Code     0  faddsub.o(x$fpl$fadd)
    _fadd                                    0x08007661   Thumb Code   134  faddsub.o(x$fpl$fadd)
    __aeabi_fmul                             0x080076ed   Thumb Code     0  fmul.o(x$fpl$fmul)
    _fmul                                    0x080076ed   Thumb Code   172  fmul.o(x$fpl$fmul)
    __aeabi_fsub                             0x0800779d   Thumb Code     0  faddsub.o(x$fpl$fsub)
    _fsub                                    0x0800779d   Thumb Code   204  faddsub.o(x$fpl$fsub)
    _printf_fp_dec                           0x0800786d   Thumb Code    16  printf1.o(x$fpl$printf1)
    _printf_fp_hex                           0x0800787d   Thumb Code    16  printf2.o(x$fpl$printf2)
    _scanf_real                              0x0800788d   Thumb Code    16  scanf1.o(x$fpl$scanf1)
    _scanf_hex_real                          0x0800789d   Thumb Code    16  scanf2.o(x$fpl$scanf2)
    _scanf_infnan                            0x080078ad   Thumb Code    16  scanf2.o(x$fpl$scanf2)
    __I$use$fp                               0x080078bc   Number         0  usenofp.o(x$fpl$usenofp)
    AHBPrescTable                            0x080079bc   Data          64  system_stm32c0xx.o(.rodata.AHBPrescTable)
    Region$$Table$$Base                      0x08007d04   Number         0  anon$$obj.o(Region$$Table)
    Region$$Table$$Limit                     0x08007d24   Number         0  anon$$obj.o(Region$$Table)
    __aeabi_HUGE_VAL                         0x08007d24   Data           0  fpconst.o(c$$dinf)
    __aeabi_HUGE_VALL                        0x08007d24   Data           0  fpconst.o(c$$dinf)
    __aeabi_INFINITY                         0x08007d24   Data           0  fpconst.o(c$$dinf)
    __dInf                                   0x08007d24   Data           0  fpconst.o(c$$dinf)
    __huge_val                               0x08007d24   Data           0  fpconst.o(c$$dinf)
    __dbl_max                                0x08007d2c   Data           0  fpconst.o(c$$dmax)
    __ctype                                  0x08007d5d   Data           0  lc_ctype_c.o(locale$$data)
    threshold                                0x20000000   Data           4  pa.o(.data)
    normal                                   0x20000004   Data           4  pa.o(.data)
    low_count                                0x20000008   Data           4  pa.o(.data)
    H_left                                   0x2000000c   Data           4  pa.o(.data)
    L_left                                   0x20000010   Data           4  pa.o(.data)
    H_right                                  0x20000014   Data           4  pa.o(.data)
    L_right                                  0x20000018   Data           4  pa.o(.data)
    H_left_value                             0x2000001c   Data           4  pa.o(.data)
    L_left_value                             0x20000020   Data           4  pa.o(.data)
    H_right_value                            0x20000024   Data           4  pa.o(.data)
    L_right_value                            0x20000028   Data           4  pa.o(.data)
    k_left                                   0x2000002c   Data           4  pa.o(.data)
    k_right                                  0x20000030   Data           4  pa.o(.data)
    i                                        0x20000034   Data           4  pa.o(.data)
    uwTickFreq                               0x20000038   Data           1  stm32c0xx_hal.o(.data..L_MergedGlobals)
    uwTickPrio                               0x2000003c   Data           4  stm32c0xx_hal.o(.data..L_MergedGlobals)
    SystemCoreClock                          0x20000040   Data           4  system_stm32c0xx.o(.data.SystemCoreClock)
    recvStat                                 0x20000044   Data           1  iousart.o(.data.recvStat)
    low_data                                 0x20000048   Data         512  pa.o(.bss)
    __libspace_start                         0x20000248   Data          96  libspace.o(.bss)
    __temporary_stack_top$libspace           0x200002a8   Data           0  libspace.o(.bss)
    status_clk_old                           0x200002a8   Data           1  main.o(.bss..L_MergedGlobals)
    pa_list                                  0x200002a9   Data           1  main.o(.bss..L_MergedGlobals)
    offset                                   0x200002ab   Data           1  main.o(.bss..L_MergedGlobals)
    r_index                                  0x200002b0   Data           4  main.o(.bss..L_MergedGlobals)
    re_index                                 0x200002b4   Data           4  main.o(.bss..L_MergedGlobals)
    re_end                                   0x200002b8   Data           4  main.o(.bss..L_MergedGlobals)
    normal_z                                 0x200002bc   Data           4  main.o(.bss..L_MergedGlobals)
    tim14_n                                  0x200002c0   Data           4  main.o(.bss..L_MergedGlobals)
    end_z                                    0x200002c4   Data           4  main.o(.bss..L_MergedGlobals)
    ram_i2c                                  0x200002c8   Data           4  main.o(.bss..L_MergedGlobals)
    edge                                     0x200002cc   Data           4  main.o(.bss..L_MergedGlobals)
    R_CMD                                    0x200002d0   Data          54  main.o(.bss..L_MergedGlobals)
    Init_Config                              0x2000035c   Data           4  ads1220.o(.bss.Init_Config)
    PolarFlag                                0x20000360   Data           1  ads1220.o(.bss.PolarFlag)
    hi2c1                                    0x20000364   Data          84  main.o(.bss.hi2c1)
    htim1                                    0x200003b8   Data          76  main.o(.bss.htim1)
    htim14                                   0x20000404   Data          76  main.o(.bss.htim14)
    htim3                                    0x20000450   Data          76  main.o(.bss.htim3)
    pFlash                                   0x2000049c   Data          24  stm32c0xx_hal_flash.o(.bss.pFlash)
    pa_result                                0x200004b4   Data         128  main.o(.bss.pa_result)
    raw_dat                                  0x20000534   Data        2048  main.o(.bss.raw_dat)
    recvData                                 0x20000d34   Data           1  iousart.o(.bss.recvData)
    rxData                                   0x20000d38   Data          64  main.o(.bss.rxData)
    usart_txBuff                             0x20001178   Data         128  main.o(.bss.usart_txBuff)
    uwTick                                   0x200011f8   Data           4  stm32c0xx_hal.o(.bss.uwTick)



==============================================================================

Memory Map of the image

  Image Entry point : 0x080000c1

  Load Region LR_IROM1 (Base: 0x08000000, Size: 0x00007ea8, Max: 0x00008000, ABSOLUTE)

    Execution Region ER_IROM1 (Exec base: 0x08000000, Load base: 0x08000000, Size: 0x00007e60, Max: 0x00008000, ABSOLUTE)

    Exec Addr    Load Addr    Size         Type   Attr      Idx    E Section Name        Object

    0x08000000   0x08000000   0x000000c0   Data   RO            3    RESET               startup_stm32c011xx.o
    0x080000c0   0x080000c0   0x00000008   Code   RO         1370  * !!!main             c_p.l(__main.o)
    0x080000c8   0x080000c8   0x00000054   Code   RO         1789    !!!scatter          c_p.l(__scatter.o)
    0x0800011c   0x0800011c   0x0000001a   Code   RO         1793    !!handler_copy      c_p.l(__scatter_copy.o)
    0x08000136   0x08000136   0x00000002   PAD
    0x08000138   0x08000138   0x00000002   Code   RO         1790    !!handler_null      c_p.l(__scatter.o)
    0x0800013a   0x0800013a   0x00000002   PAD
    0x0800013c   0x0800013c   0x0000001c   Code   RO         1795    !!handler_zi        c_p.l(__scatter_zi.o)
    0x08000158   0x08000158   0x00000002   Code   RO         1345    .ARM.Collect$$_printf_percent$$00000000  c_p.l(_printf_percent.o)
    0x0800015a   0x0800015a   0x0000000a   Code   RO         1457    .ARM.Collect$$_printf_percent$$00000001  c_p.l(_printf_n.o)
    0x08000164   0x08000164   0x0000000a   Code   RO         1459    .ARM.Collect$$_printf_percent$$00000002  c_p.l(_printf_p.o)
    0x0800016e   0x0800016e   0x0000000a   Code   RO         1344    .ARM.Collect$$_printf_percent$$00000003  c_p.l(_printf_f.o)
    0x08000178   0x08000178   0x0000000a   Code   RO         1462    .ARM.Collect$$_printf_percent$$00000004  c_p.l(_printf_e.o)
    0x08000182   0x08000182   0x0000000a   Code   RO         1463    .ARM.Collect$$_printf_percent$$00000005  c_p.l(_printf_g.o)
    0x0800018c   0x0800018c   0x0000000a   Code   RO         1464    .ARM.Collect$$_printf_percent$$00000006  c_p.l(_printf_a.o)
    0x08000196   0x08000196   0x0000000a   Code   RO         1469    .ARM.Collect$$_printf_percent$$00000007  c_p.l(_printf_ll.o)
    0x080001a0   0x080001a0   0x0000000a   Code   RO         1461    .ARM.Collect$$_printf_percent$$00000008  c_p.l(_printf_i.o)
    0x080001aa   0x080001aa   0x0000000a   Code   RO         1342    .ARM.Collect$$_printf_percent$$00000009  c_p.l(_printf_d.o)
    0x080001b4   0x080001b4   0x0000000a   Code   RO         1343    .ARM.Collect$$_printf_percent$$0000000A  c_p.l(_printf_u.o)
    0x080001be   0x080001be   0x0000000a   Code   RO         1460    .ARM.Collect$$_printf_percent$$0000000B  c_p.l(_printf_o.o)
    0x080001c8   0x080001c8   0x0000000a   Code   RO         1458    .ARM.Collect$$_printf_percent$$0000000C  c_p.l(_printf_x.o)
    0x080001d2   0x080001d2   0x0000000a   Code   RO         1466    .ARM.Collect$$_printf_percent$$0000000D  c_p.l(_printf_lli.o)
    0x080001dc   0x080001dc   0x0000000a   Code   RO         1467    .ARM.Collect$$_printf_percent$$0000000E  c_p.l(_printf_lld.o)
    0x080001e6   0x080001e6   0x0000000a   Code   RO         1468    .ARM.Collect$$_printf_percent$$0000000F  c_p.l(_printf_llu.o)
    0x080001f0   0x080001f0   0x0000000a   Code   RO         1473    .ARM.Collect$$_printf_percent$$00000010  c_p.l(_printf_llo.o)
    0x080001fa   0x080001fa   0x0000000a   Code   RO         1474    .ARM.Collect$$_printf_percent$$00000011  c_p.l(_printf_llx.o)
    0x08000204   0x08000204   0x0000000a   Code   RO         1470    .ARM.Collect$$_printf_percent$$00000012  c_p.l(_printf_l.o)
    0x0800020e   0x0800020e   0x0000000a   Code   RO         1456    .ARM.Collect$$_printf_percent$$00000013  c_p.l(_printf_c.o)
    0x08000218   0x08000218   0x0000000a   Code   RO         1341    .ARM.Collect$$_printf_percent$$00000014  c_p.l(_printf_s.o)
    0x08000222   0x08000222   0x0000000a   Code   RO         1471    .ARM.Collect$$_printf_percent$$00000015  c_p.l(_printf_lc.o)
    0x0800022c   0x0800022c   0x0000000a   Code   RO         1472    .ARM.Collect$$_printf_percent$$00000016  c_p.l(_printf_ls.o)
    0x08000236   0x08000236   0x00000004   Code   RO         1465    .ARM.Collect$$_printf_percent$$00000017  c_p.l(_printf_percent_end.o)
    0x0800023a   0x0800023a   0x00000002   Code   RO         1579    .ARM.Collect$$libinit$$00000000  c_p.l(libinit.o)
    0x0800023c   0x0800023c   0x00000000   Code   RO         1581    .ARM.Collect$$libinit$$00000002  c_p.l(libinit2.o)
    0x0800023c   0x0800023c   0x00000000   Code   RO         1583    .ARM.Collect$$libinit$$00000004  c_p.l(libinit2.o)
    0x0800023c   0x0800023c   0x00000000   Code   RO         1585    .ARM.Collect$$libinit$$00000006  c_p.l(libinit2.o)
    0x0800023c   0x0800023c   0x00000000   Code   RO         1588    .ARM.Collect$$libinit$$0000000C  c_p.l(libinit2.o)
    0x0800023c   0x0800023c   0x00000000   Code   RO         1590    .ARM.Collect$$libinit$$0000000E  c_p.l(libinit2.o)
    0x0800023c   0x0800023c   0x00000000   Code   RO         1592    .ARM.Collect$$libinit$$00000010  c_p.l(libinit2.o)
    0x0800023c   0x0800023c   0x00000006   Code   RO         1593    .ARM.Collect$$libinit$$00000011  c_p.l(libinit2.o)
    0x08000242   0x08000242   0x00000000   Code   RO         1595    .ARM.Collect$$libinit$$00000013  c_p.l(libinit2.o)
    0x08000242   0x08000242   0x0000000c   Code   RO         1596    .ARM.Collect$$libinit$$00000014  c_p.l(libinit2.o)
    0x0800024e   0x0800024e   0x00000000   Code   RO         1597    .ARM.Collect$$libinit$$00000015  c_p.l(libinit2.o)
    0x0800024e   0x0800024e   0x00000000   Code   RO         1599    .ARM.Collect$$libinit$$00000017  c_p.l(libinit2.o)
    0x0800024e   0x0800024e   0x0000000a   Code   RO         1600    .ARM.Collect$$libinit$$00000018  c_p.l(libinit2.o)
    0x08000258   0x08000258   0x00000000   Code   RO         1601    .ARM.Collect$$libinit$$00000019  c_p.l(libinit2.o)
    0x08000258   0x08000258   0x00000000   Code   RO         1603    .ARM.Collect$$libinit$$0000001B  c_p.l(libinit2.o)
    0x08000258   0x08000258   0x00000000   Code   RO         1605    .ARM.Collect$$libinit$$0000001D  c_p.l(libinit2.o)
    0x08000258   0x08000258   0x00000000   Code   RO         1607    .ARM.Collect$$libinit$$0000001F  c_p.l(libinit2.o)
    0x08000258   0x08000258   0x00000000   Code   RO         1609    .ARM.Collect$$libinit$$00000021  c_p.l(libinit2.o)
    0x08000258   0x08000258   0x00000000   Code   RO         1611    .ARM.Collect$$libinit$$00000023  c_p.l(libinit2.o)
    0x08000258   0x08000258   0x00000000   Code   RO         1613    .ARM.Collect$$libinit$$00000025  c_p.l(libinit2.o)
    0x08000258   0x08000258   0x00000000   Code   RO         1615    .ARM.Collect$$libinit$$00000027  c_p.l(libinit2.o)
    0x08000258   0x08000258   0x00000000   Code   RO         1619    .ARM.Collect$$libinit$$0000002E  c_p.l(libinit2.o)
    0x08000258   0x08000258   0x00000000   Code   RO         1621    .ARM.Collect$$libinit$$00000030  c_p.l(libinit2.o)
    0x08000258   0x08000258   0x00000000   Code   RO         1623    .ARM.Collect$$libinit$$00000032  c_p.l(libinit2.o)
    0x08000258   0x08000258   0x00000000   Code   RO         1625    .ARM.Collect$$libinit$$00000034  c_p.l(libinit2.o)
    0x08000258   0x08000258   0x00000002   Code   RO         1626    .ARM.Collect$$libinit$$00000035  c_p.l(libinit2.o)
    0x0800025a   0x0800025a   0x00000002   Code   RO         1717    .ARM.Collect$$libshutdown$$00000000  c_p.l(libshutdown.o)
    0x0800025c   0x0800025c   0x00000000   Code   RO         1745    .ARM.Collect$$libshutdown$$00000002  c_p.l(libshutdown2.o)
    0x0800025c   0x0800025c   0x00000000   Code   RO         1747    .ARM.Collect$$libshutdown$$00000004  c_p.l(libshutdown2.o)
    0x0800025c   0x0800025c   0x00000000   Code   RO         1750    .ARM.Collect$$libshutdown$$00000007  c_p.l(libshutdown2.o)
    0x0800025c   0x0800025c   0x00000000   Code   RO         1753    .ARM.Collect$$libshutdown$$0000000A  c_p.l(libshutdown2.o)
    0x0800025c   0x0800025c   0x00000000   Code   RO         1755    .ARM.Collect$$libshutdown$$0000000C  c_p.l(libshutdown2.o)
    0x0800025c   0x0800025c   0x00000000   Code   RO         1758    .ARM.Collect$$libshutdown$$0000000F  c_p.l(libshutdown2.o)
    0x0800025c   0x0800025c   0x00000002   Code   RO         1759    .ARM.Collect$$libshutdown$$00000010  c_p.l(libshutdown2.o)
    0x0800025e   0x0800025e   0x00000000   Code   RO         1392    .ARM.Collect$$rtentry$$00000000  c_p.l(__rtentry.o)
    0x0800025e   0x0800025e   0x00000000   Code   RO         1492    .ARM.Collect$$rtentry$$00000002  c_p.l(__rtentry2.o)
    0x0800025e   0x0800025e   0x00000006   Code   RO         1504    .ARM.Collect$$rtentry$$00000004  c_p.l(__rtentry4.o)
    0x08000264   0x08000264   0x00000000   Code   RO         1494    .ARM.Collect$$rtentry$$00000009  c_p.l(__rtentry2.o)
    0x08000264   0x08000264   0x00000004   Code   RO         1495    .ARM.Collect$$rtentry$$0000000A  c_p.l(__rtentry2.o)
    0x08000268   0x08000268   0x00000000   Code   RO         1497    .ARM.Collect$$rtentry$$0000000C  c_p.l(__rtentry2.o)
    0x08000268   0x08000268   0x00000008   Code   RO         1498    .ARM.Collect$$rtentry$$0000000D  c_p.l(__rtentry2.o)
    0x08000270   0x08000270   0x00000002   Code   RO         1628    .ARM.Collect$$rtexit$$00000000  c_p.l(rtexit.o)
    0x08000272   0x08000272   0x00000000   Code   RO         1670    .ARM.Collect$$rtexit$$00000002  c_p.l(rtexit2.o)
    0x08000272   0x08000272   0x00000004   Code   RO         1671    .ARM.Collect$$rtexit$$00000003  c_p.l(rtexit2.o)
    0x08000276   0x08000276   0x00000006   Code   RO         1672    .ARM.Collect$$rtexit$$00000004  c_p.l(rtexit2.o)
    0x0800027c   0x0800027c   0x00000038   Code   RO         1354    .emb_text           c_p.l(rt_memcpy.o)
    0x080002b4   0x080002b4   0x00000038   Code   RO            4    .text               startup_stm32c011xx.o
    0x080002ec   0x080002ec   0x00000024   Code   RO         1305    .text               c_p.l(vsprintf.o)
    0x08000310   0x08000310   0x0000002c   Code   RO         1307    .text               c_p.l(__2sprintf.o)
    0x0800033c   0x0800033c   0x00000040   Code   RO         1309    .text               c_p.l(__2snprintf.o)
    0x0800037c   0x0800037c   0x00000052   Code   RO         1317    .text               c_p.l(_printf_str.o)
    0x080003ce   0x080003ce   0x00000002   PAD
    0x080003d0   0x080003d0   0x0000006c   Code   RO         1319    .text               c_p.l(_printf_dec.o)
    0x0800043c   0x0800043c   0x00000188   Code   RO         1338    .text               c_p.l(__printf_flags_ss_wp.o)
    0x080005c4   0x080005c4   0x0000001a   Code   RO         1346    .text               c_p.l(atoi.o)
    0x080005de   0x080005de   0x00000014   Code   RO         1348    .text               c_p.l(strchr.o)
    0x080005f2   0x080005f2   0x0000005a   Code   RO         1350    .text               c_p.l(memcmp.o)
    0x0800064c   0x0800064c   0x00000044   Code   RO         1352    .text               c_p.l(strlen.o)
    0x08000690   0x08000690   0x00000040   Code   RO         1358    .text               c_p.l(rt_memclr.o)
    0x080006d0   0x080006d0   0x000001f8   Code   RO         1360    .text               c_p.l(aeabi_sdivfast.o)
    0x080008c8   0x080008c8   0x00000006   Code   RO         1368    .text               c_p.l(heapauxi.o)
    0x080008ce   0x080008ce   0x00000002   PAD
    0x080008d0   0x080008d0   0x0000007c   Code   RO         1372    .text               fz_ps.l(d2f.o)
    0x0800094c   0x0800094c   0x00000054   Code   RO         1374    .text               fz_ps.l(f2d.o)
    0x080009a0   0x080009a0   0x0000005e   Code   RO         1382    .text               fz_ps.l(fflti.o)
    0x080009fe   0x080009fe   0x00000002   PAD
    0x08000a00   0x08000a00   0x00000008   Code   RO         1400    .text               c_p.l(rt_errno_addr_intlibspace.o)
    0x08000a08   0x08000a08   0x00000016   Code   RO         1402    .text               c_p.l(_rserrno.o)
    0x08000a1e   0x08000a1e   0x0000004e   Code   RO         1404    .text               c_p.l(_printf_pad.o)
    0x08000a6c   0x08000a6c   0x00000024   Code   RO         1406    .text               c_p.l(_printf_truncate.o)
    0x08000a90   0x08000a90   0x000000b0   Code   RO         1408    .text               c_p.l(_printf_intcommon.o)
    0x08000b40   0x08000b40   0x00000026   Code   RO         1410    .text               c_p.l(_printf_charcount.o)
    0x08000b66   0x08000b66   0x00000002   PAD
    0x08000b68   0x08000b68   0x00000414   Code   RO         1412    .text               c_p.l(_printf_fp_dec.o)
    0x08000f7c   0x08000f7c   0x00000030   Code   RO         1416    .text               c_p.l(_printf_char_common.o)
    0x08000fac   0x08000fac   0x0000000a   Code   RO         1418    .text               c_p.l(_sputc.o)
    0x08000fb6   0x08000fb6   0x00000010   Code   RO         1420    .text               c_p.l(_snputc.o)
    0x08000fc6   0x08000fc6   0x0000002e   Code   RO         1422    .text               c_p.l(_printf_char.o)
    0x08000ff4   0x08000ff4   0x000000bc   Code   RO         1424    .text               c_p.l(_printf_wctomb.o)
    0x080010b0   0x080010b0   0x00000070   Code   RO         1427    .text               c_p.l(_printf_longlong_dec.o)
    0x08001120   0x08001120   0x00000070   Code   RO         1433    .text               c_p.l(_printf_oct_int_ll.o)
    0x08001190   0x08001190   0x00000098   Code   RO         1453    .text               c_p.l(_printf_hex_int_ll_ptr.o)
    0x08001228   0x08001228   0x000000b8   Code   RO         1475    .text               c_p.l(strtod.o)
    0x080012e0   0x080012e0   0x00000070   Code   RO         1477    .text               c_p.l(strtol.o)
    0x08001350   0x08001350   0x00000028   Code   RO         1479    .text               c_p.l(rtudiv10.o)
    0x08001378   0x08001378   0x00000008   Code   RO         1488    .text               c_p.l(libspace.o)
    0x08001380   0x08001380   0x00000010   Code   RO         1506    .text               c_p.l(rt_ctype_table.o)
    0x08001390   0x08001390   0x00000008   Code   RO         1513    .text               c_p.l(rt_locale_intlibspace.o)
    0x08001398   0x08001398   0x0000007a   Code   RO         1515    .text               c_p.l(lludiv10.o)
    0x08001412   0x08001412   0x00000012   Code   RO         1517    .text               c_p.l(isspace.o)
    0x08001424   0x08001424   0x000002d8   Code   RO         1519    .text               c_p.l(_printf_fp_hex.o)
    0x080016fc   0x080016fc   0x00000088   Code   RO         1522    .text               c_p.l(_printf_fp_infnan.o)
    0x08001784   0x08001784   0x0000002e   Code   RO         1526    .text               c_p.l(_printf_wchar.o)
    0x080017b2   0x080017b2   0x00000044   Code   RO         1528    .text               c_p.l(_sgetc.o)
    0x080017f6   0x080017f6   0x000000a6   Code   RO         1530    .text               c_p.l(_strtoul.o)
    0x0800189c   0x0800189c   0x000000d8   Code   RO         1532    .text               c_p.l(bigflt0.o)
    0x08001974   0x08001974   0x00000580   Code   RO         1535    .text               c_p.l(btod.o)
    0x08001ef4   0x08001ef4   0x00000042   Code   RO         1541    .text               c_p.l(_c16rtomb.o)
    0x08001f36   0x08001f36   0x0000003e   Code   RO         1552    .text               c_p.l(sys_stackheap_outer.o)
    0x08001f74   0x08001f74   0x0000001e   Code   RO         1555    .text               c_p.l(_chval.o)
    0x08001f92   0x08001f92   0x00000002   PAD
    0x08001f94   0x08001f94   0x00000520   Code   RO         1557    .text               c_p.l(scanf_fp.o)
    0x080024b4   0x080024b4   0x00000010   Code   RO         1566    .text               c_p.l(exit.o)
    0x080024c4   0x080024c4   0x000000b0   Code   RO         1572    .text               c_p.l(strcmpv6m.o)
    0x08002574   0x08002574   0x00000020   Code   RO         1632    .text               c_p.l(llshl.o)
    0x08002594   0x08002594   0x00000030   Code   RO         1636    .text               c_p.l(llmul.o)
    0x080025c4   0x080025c4   0x0000000c   Code   RO         1665    .text               c_p.l(sys_exit.o)
    0x080025d0   0x080025d0   0x00000334   Code   RO         1676    .text               c_p.l(scanf_hexfp.o)
    0x08002904   0x08002904   0x0000013c   Code   RO         1678    .text               c_p.l(scanf_infnan.o)
    0x08002a40   0x08002a40   0x00000002   Code   RO         1704    .text               c_p.l(use_no_semi.o)
    0x08002a42   0x08002a42   0x00000000   Code   RO         1706    .text               c_p.l(indicate_semi.o)
    0x08002a42   0x08002a42   0x00000002   PAD
    0x08002a44   0x08002a44   0x000000a0   Code   RO         1718    .text               fz_ps.l(dcmpin.o)
    0x08002ae4   0x08002ae4   0x00000060   Code   RO         1720    .text               fz_ps.l(dscalbn.o)
    0x08002b44   0x08002b44   0x0000002e   Code   RO         1760    .text               fz_ps.l(cmpret.o)
    0x08002b72   0x08002b72   0x00000002   PAD
    0x08002b74   0x08002b74   0x00000014   Code   RO         1762    .text               fz_ps.l(dnan2.o)
    0x08002b88   0x08002b88   0x0000005e   Code   RO         1785    .text               fz_ps.l(retnan.o)
    0x08002be6   0x08002be6   0x00000070   Code   RO           51    .text.ADS1220_Init  ads1220.o
    0x08002c56   0x08002c56   0x00000002   PAD
    0x08002c58   0x08002c58   0x00000090   Code   RO           49    .text.CofigAD       ads1220.o
    0x08002ce8   0x08002ce8   0x0000000c   Code   RO          138    .text.EXTI4_15_IRQHandler  stm32c0xx_it.o
    0x08002cf4   0x08002cf4   0x00000004   Code   RO          101    .text.Error_Handler  main.o
    0x08002cf8   0x08002cf8   0x00000054   Code   RO          390    .text.FLASH_WaitForLastOperation  stm32c0xx_hal_flash.o
    0x08002d4c   0x08002d4c   0x00000090   Code   RO           53    .text.GetAD         ads1220.o
    0x08002ddc   0x08002ddc   0x0000007c   Code   RO          489    .text.HAL_DMA_Abort_IT  stm32c0xx_hal_dma.o
    0x08002e58   0x08002e58   0x00000006   Code   RO          499    .text.HAL_DMA_GetState  stm32c0xx_hal_dma.o
    0x08002e5e   0x08002e5e   0x00000002   PAD
    0x08002e60   0x08002e60   0x00000024   Code   RO          246    .text.HAL_Delay     stm32c0xx_hal.o
    0x08002e84   0x08002e84   0x000000c0   Code   RO          421    .text.HAL_FLASHEx_Erase  stm32c0xx_hal_flash_ex.o
    0x08002f44   0x08002f44   0x000000b0   Code   RO          429    .text.HAL_FLASHEx_OBGetConfig  stm32c0xx_hal_flash_ex.o
    0x08002ff4   0x08002ff4   0x00000174   Code   RO          427    .text.HAL_FLASHEx_OBProgram  stm32c0xx_hal_flash_ex.o
    0x08003168   0x08003168   0x00000014   Code   RO          402    .text.HAL_FLASH_Lock  stm32c0xx_hal_flash.o
    0x0800317c   0x0800317c   0x00000010   Code   RO          408    .text.HAL_FLASH_OB_Launch  stm32c0xx_hal_flash.o
    0x0800318c   0x0800318c   0x0000001c   Code   RO          406    .text.HAL_FLASH_OB_Lock  stm32c0xx_hal_flash.o
    0x080031a8   0x080031a8   0x00000028   Code   RO          404    .text.HAL_FLASH_OB_Unlock  stm32c0xx_hal_flash.o
    0x080031d0   0x080031d0   0x00000188   Code   RO          388    .text.HAL_FLASH_Program  stm32c0xx_hal_flash.o
    0x08003358   0x08003358   0x00000028   Code   RO          400    .text.HAL_FLASH_Unlock  stm32c0xx_hal_flash.o
    0x08003380   0x08003380   0x00000034   Code   RO           19    .text.HAL_GPIO_EXTI_Falling_Callback  iousart.o
    0x080033b4   0x080033b4   0x00000028   Code   RO          465    .text.HAL_GPIO_EXTI_IRQHandler  stm32c0xx_hal_gpio.o
    0x080033dc   0x080033dc   0x00000002   Code   RO          467    .text.HAL_GPIO_EXTI_Rising_Callback  stm32c0xx_hal_gpio.o
    0x080033de   0x080033de   0x00000002   PAD
    0x080033e0   0x080033e0   0x00000198   Code   RO          451    .text.HAL_GPIO_Init  stm32c0xx_hal_gpio.o
    0x08003578   0x08003578   0x0000000a   Code   RO          455    .text.HAL_GPIO_ReadPin  stm32c0xx_hal_gpio.o
    0x08003582   0x08003582   0x00000010   Code   RO          457    .text.HAL_GPIO_WritePin  stm32c0xx_hal_gpio.o
    0x08003592   0x08003592   0x00000002   PAD
    0x08003594   0x08003594   0x0000000c   Code   RO          238    .text.HAL_GetTick   stm32c0xx_hal.o
    0x080035a0   0x080035a0   0x00000042   Code   RO          769    .text.HAL_I2CEx_ConfigAnalogFilter  stm32c0xx_hal_i2c_ex.o
    0x080035e2   0x080035e2   0x00000042   Code   RO          771    .text.HAL_I2CEx_ConfigDigitalFilter  stm32c0xx_hal_i2c_ex.o
    0x08003624   0x08003624   0x00000002   Code   RO          741    .text.HAL_I2C_AbortCpltCallback  stm32c0xx_hal_i2c.o
    0x08003626   0x08003626   0x00000002   PAD
    0x08003628   0x08003628   0x00000038   Code   RO           81    .text.HAL_I2C_AddrCallback  main.o
    0x08003660   0x08003660   0x00000082   Code   RO          719    .text.HAL_I2C_ER_IRQHandler  stm32c0xx_hal_i2c.o
    0x080036e2   0x080036e2   0x00000012   Code   RO          717    .text.HAL_I2C_EV_IRQHandler  stm32c0xx_hal_i2c.o
    0x080036f4   0x080036f4   0x00000028   Code   RO          711    .text.HAL_I2C_EnableListen_IT  stm32c0xx_hal_i2c.o
    0x0800371c   0x0800371c   0x00000002   Code   RO          739    .text.HAL_I2C_ErrorCallback  stm32c0xx_hal_i2c.o
    0x0800371e   0x0800371e   0x00000002   PAD
    0x08003720   0x08003720   0x000000b0   Code   RO          617    .text.HAL_I2C_Init  stm32c0xx_hal_i2c.o
    0x080037d0   0x080037d0   0x00000018   Code   RO           79    .text.HAL_I2C_ListenCpltCallback  main.o
    0x080037e8   0x080037e8   0x00000094   Code   RO          155    .text.HAL_I2C_MspInit  stm32c0xx_hal_msp.o
    0x0800387c   0x0800387c   0x00000034   Code   RO           83    .text.HAL_I2C_SlaveRxCpltCallback  main.o
    0x080038b0   0x080038b0   0x00000030   Code   RO           85    .text.HAL_I2C_SlaveTxCpltCallback  main.o
    0x080038e0   0x080038e0   0x000000f4   Code   RO          707    .text.HAL_I2C_Slave_Seq_Receive_IT  stm32c0xx_hal_i2c.o
    0x080039d4   0x080039d4   0x000000f8   Code   RO          701    .text.HAL_I2C_Slave_Seq_Transmit_IT  stm32c0xx_hal_i2c.o
    0x08003acc   0x08003acc   0x00000014   Code   RO          236    .text.HAL_IncTick   stm32c0xx_hal.o
    0x08003ae0   0x08003ae0   0x00000018   Code   RO          226    .text.HAL_Init      stm32c0xx_hal.o
    0x08003af8   0x08003af8   0x00000044   Code   RO          228    .text.HAL_InitTick  stm32c0xx_hal.o
    0x08003b3c   0x08003b3c   0x0000002c   Code   RO          153    .text.HAL_MspInit   stm32c0xx_hal_msp.o
    0x08003b68   0x08003b68   0x00000018   Code   RO          296    .text.HAL_NVIC_EnableIRQ  stm32c0xx_hal_cortex.o
    0x08003b80   0x08003b80   0x00000038   Code   RO          294    .text.HAL_NVIC_SetPriority  stm32c0xx_hal_cortex.o
    0x08003bb8   0x08003bb8   0x0000012c   Code   RO          370    .text.HAL_RCCEx_PeriphCLKConfig  stm32c0xx_hal_rcc_ex.o
    0x08003ce4   0x08003ce4   0x000001b8   Code   RO          336    .text.HAL_RCC_ClockConfig  stm32c0xx_hal_rcc.o
    0x08003e9c   0x08003e9c   0x00000258   Code   RO          334    .text.HAL_RCC_OscConfig  stm32c0xx_hal_rcc.o
    0x080040f4   0x080040f4   0x00000034   Code   RO          302    .text.HAL_SYSTICK_Config  stm32c0xx_hal_cortex.o
    0x08004128   0x08004128   0x00000002   Code   RO         1106    .text.HAL_TIMEx_Break2Callback  stm32c0xx_hal_tim_ex.o
    0x0800412a   0x0800412a   0x00000002   Code   RO         1104    .text.HAL_TIMEx_BreakCallback  stm32c0xx_hal_tim_ex.o
    0x0800412c   0x0800412c   0x00000002   Code   RO         1100    .text.HAL_TIMEx_CommutCallback  stm32c0xx_hal_tim_ex.o
    0x0800412e   0x0800412e   0x00000002   PAD
    0x08004130   0x08004130   0x00000058   Code   RO         1084    .text.HAL_TIMEx_MasterConfigSynchronization  stm32c0xx_hal_tim_ex.o
    0x08004188   0x08004188   0x000000c8   Code   RO          789    .text.HAL_TIM_Base_Init  stm32c0xx_hal_tim.o
    0x08004250   0x08004250   0x0000007c   Code   RO          159    .text.HAL_TIM_Base_MspInit  stm32c0xx_hal_msp.o
    0x080042cc   0x080042cc   0x00000054   Code   RO          803    .text.HAL_TIM_Base_Start_IT  stm32c0xx_hal_tim.o
    0x08004320   0x08004320   0x0000003c   Code   RO          805    .text.HAL_TIM_Base_Stop_IT  stm32c0xx_hal_tim.o
    0x0800435c   0x0800435c   0x0000015c   Code   RO          969    .text.HAL_TIM_ConfigClockSource  stm32c0xx_hal_tim.o
    0x080044b8   0x080044b8   0x00000002   Code   RO          925    .text.HAL_TIM_IC_CaptureCallback  stm32c0xx_hal_tim.o
    0x080044ba   0x080044ba   0x00000002   PAD
    0x080044bc   0x080044bc   0x000001d4   Code   RO          923    .text.HAL_TIM_IRQHandler  stm32c0xx_hal_tim.o
    0x08004690   0x08004690   0x00000002   Code   RO          927    .text.HAL_TIM_OC_DelayElapsedCallback  stm32c0xx_hal_tim.o
    0x08004692   0x08004692   0x00000002   Code   RO          929    .text.HAL_TIM_PWM_PulseFinishedCallback  stm32c0xx_hal_tim.o
    0x08004694   0x08004694   0x00000094   Code   RO           21    .text.HAL_TIM_PeriodElapsedCallback  iousart.o
    0x08004728   0x08004728   0x00000002   Code   RO          933    .text.HAL_TIM_TriggerCallback  stm32c0xx_hal_tim.o
    0x0800472a   0x0800472a   0x00000002   Code   RO          130    .text.HardFault_Handler  stm32c0xx_it.o
    0x0800472c   0x0800472c   0x00000024   Code   RO          144    .text.I2C1_IRQHandler  stm32c0xx_it.o
    0x08004750   0x08004750   0x0000003e   Code   RO          703    .text.I2C_DMAAbort  stm32c0xx_hal_i2c.o
    0x0800478e   0x0800478e   0x00000002   PAD
    0x08004790   0x08004790   0x0000009c   Code   RO          757    .text.I2C_ITAddrCplt  stm32c0xx_hal_i2c.o
    0x0800482c   0x0800482c   0x00000158   Code   RO          721    .text.I2C_ITError   stm32c0xx_hal_i2c.o
    0x08004984   0x08004984   0x00000204   Code   RO          753    .text.I2C_ITSlaveCplt  stm32c0xx_hal_i2c.o
    0x08004b88   0x08004b88   0x0000007c   Code   RO          755    .text.I2C_ITSlaveSeqCplt  stm32c0xx_hal_i2c.o
    0x08004c04   0x08004c04   0x00000238   Code   RO          649    .text.I2C_Slave_ISR_IT  stm32c0xx_hal_i2c.o
    0x08004e3c   0x08004e3c   0x00000002   Code   RO          128    .text.NMI_Handler   stm32c0xx_it.o
    0x08004e3e   0x08004e3e   0x00000002   Code   RO          134    .text.PendSV_Handler  stm32c0xx_it.o
    0x08004e40   0x08004e40   0x0000016a   Code   RO           35    .text.ReadOneByte   ads1220.o
    0x08004faa   0x08004faa   0x00000002   Code   RO          132    .text.SVC_Handler   stm32c0xx_it.o
    0x08004fac   0x08004fac   0x00000008   Code   RO          136    .text.SysTick_Handler  stm32c0xx_it.o
    0x08004fb4   0x08004fb4   0x00000010   Code   RO         1120    .text.SystemInit    system_stm32c0xx.o
    0x08004fc4   0x08004fc4   0x00000010   Code   RO          142    .text.TIM14_IRQHandler  stm32c0xx_it.o
    0x08004fd4   0x08004fd4   0x00000010   Code   RO          140    .text.TIM3_IRQHandler  stm32c0xx_it.o
    0x08004fe4   0x08004fe4   0x00000060   Code   RO           71    .text.USART2_printf  main.o
    0x08005044   0x08005044   0x00000130   Code   RO           33    .text.WriteOneByte  ads1220.o
    0x08005174   0x08005174   0x0000014c   Code   RO          213    .text._wait_ok_with_adc  pa_rrf.o
    0x080052c0   0x080052c0   0x00000058   Code   RO           77    .text.config_save   main.o
    0x08005318   0x08005318   0x0000013c   Code   RO           73    .text.find_normal_endstop  main.o
    0x08005454   0x08005454   0x000001dc   Code   RO           17    .text.iouart1_SendByte  iousart.o
    0x08005630   0x08005630   0x00000624   Code   RO           97    .text.main          main.o
    0x08005c54   0x08005c54   0x00000054   Code   RO          207    .text.pa_rrf_abort  pa_rrf.o
    0x08005ca8   0x08005ca8   0x0000000c   Code   RO          203    .text.pa_rrf_get_state  pa_rrf.o
    0x08005cb4   0x08005cb4   0x00000060   Code   RO          199    .text.pa_rrf_params_default  pa_rrf.o
    0x08005d14   0x08005d14   0x00000090   Code   RO          201    .text.pa_rrf_parse_params  pa_rrf.o
    0x08005da4   0x08005da4   0x000006e4   Code   RO          211    .text.pa_rrf_run    pa_rrf.o
    0x08006488   0x08006488   0x000000c8   Code   RO          209    .text.pa_rrf_start  pa_rrf.o
    0x08006550   0x08006550   0x00000328   Code   RO           69    .text.process_cmd   main.o
    0x08006878   0x08006878   0x0000027c   Code   RO           91    .text.process_triggered  main.o
    0x08006af4   0x08006af4   0x00000014   Code   RO          171    .text.rrf_comm_init  rrf_comm.o
    0x08006b08   0x08006b08   0x00000070   Code   RO          179    .text.rrf_feed_byte  rrf_comm.o
    0x08006b78   0x08006b78   0x00000010   Code   RO          183    .text.rrf_ok_consume  rrf_comm.o
    0x08006b88   0x08006b88   0x0000000c   Code   RO          181    .text.rrf_ok_pending  rrf_comm.o
    0x08006b94   0x08006b94   0x00000008   Code   RO          173    .text.rrf_reset_line_counter  rrf_comm.o
    0x08006b9c   0x08006b9c   0x000000a8   Code   RO          175    .text.rrf_send      rrf_comm.o
    0x08006c44   0x08006c44   0x00000038   Code   RO          177    .text.rrf_send_raw  rrf_comm.o
    0x08006c7c   0x08006c7c   0x00000050   Code   RO           75    .text.set_open      main.o
    0x08006ccc   0x08006ccc   0x000001f6   Code   RO         1361    .text_divfast       c_p.l(aeabi_sdivfast.o)
    0x08006ec2   0x08006ec2   0x00000030   Code   RO         1537    i.__ARM_common_ll_muluu  c_p.l(btod.o)
    0x08006ef2   0x08006ef2   0x00000002   PAD
    0x08006ef4   0x08006ef4   0x0000002c   Code   RO         1550    i.__ARM_fpclassify  m_ps.l(fpclassify.o)
    0x08006f20   0x08006f20   0x00000014   Code   RO         1768    i.__mathlib_dbl_overflow  m_ps.l(dunder.o)
    0x08006f34   0x08006f34   0x00000014   Code   RO         1770    i.__mathlib_dbl_underflow  m_ps.l(dunder.o)
    0x08006f48   0x08006f48   0x00000010   Code   RO         1659    i.__mathlib_narrow  m_ps.l(narrow.o)
    0x08006f58   0x08006f58   0x000000c8   Code   RO         1660    i.__mathlib_tofloat  m_ps.l(narrow.o)
    0x08007020   0x08007020   0x00000014   Code   RO         1723    i.__support_ldexp   m_ps.l(ldexp.o)
    0x08007034   0x08007034   0x0000000e   Code   RO         1331    i._is_digit         c_p.l(__printf_wp.o)
    0x08007042   0x08007042   0x0000002c   Code   RO         1389    i.atof              m_ps.l(atof.o)
    0x0800706e   0x0800706e   0x00000002   PAD
    0x08007070   0x08007070   0x00000090   Code   RO         1136    i.find_normal       pa.lib(pa.o)
    0x08007100   0x08007100   0x00000058   Code   RO         1693    i.frexp             m_ps.l(frexp.o)
    0x08007158   0x08007158   0x00000308   Code   RO         1137    i.get_low_value     pa.lib(pa.o)
    0x08007460   0x08007460   0x0000006c   Code   RO         1138    i.has_plus          pa.lib(pa.o)
    0x080074cc   0x080074cc   0x00000070   Code   RO         1724    i.ldexp             m_ps.l(ldexp.o)
    0x0800753c   0x0800753c   0x0000002c   Code   RO         1544    locale$$code        c_p.l(lc_numeric_c.o)
    0x08007568   0x08007568   0x0000002c   Code   RO         1564    locale$$code        c_p.l(lc_ctype_c.o)
    0x08007594   0x08007594   0x00000064   Code   RO         1688    x$fpl$deqf          fz_ps.l(deqf.o)
    0x080075f8   0x080075f8   0x00000068   Code   RO         1690    x$fpl$drleqf        fz_ps.l(drlef.o)
    0x08007660   0x08007660   0x0000008c   Code   RO         1376    x$fpl$fadd          fz_ps.l(faddsub.o)
    0x080076ec   0x080076ec   0x000000b0   Code   RO         1384    x$fpl$fmul          fz_ps.l(fmul.o)
    0x0800779c   0x0800779c   0x000000d0   Code   RO         1378    x$fpl$fsub          fz_ps.l(faddsub.o)
    0x0800786c   0x0800786c   0x00000010   Code   RO         1386    x$fpl$printf1       fz_ps.l(printf1.o)
    0x0800787c   0x0800787c   0x00000010   Code   RO         1481    x$fpl$printf2       fz_ps.l(printf2.o)
    0x0800788c   0x0800788c   0x00000010   Code   RO         1548    x$fpl$scanf1        fz_ps.l(scanf1.o)
    0x0800789c   0x0800789c   0x00000020   Code   RO         1653    x$fpl$scanf2        fz_ps.l(scanf2.o)
    0x080078bc   0x080078bc   0x00000000   Code   RO         1487    x$fpl$usenofp       fz_ps.l(usenofp.o)
    0x080078bc   0x080078bc   0x00000011   Data   RO         1339    .constdata          c_p.l(__printf_flags_ss_wp.o)
    0x080078cd   0x080078cd   0x00000003   PAD
    0x080078d0   0x080078d0   0x00000008   Data   RO         1425    .constdata          c_p.l(_printf_wctomb.o)
    0x080078d8   0x080078d8   0x00000028   Data   RO         1454    .constdata          c_p.l(_printf_hex_int_ll_ptr.o)
    0x08007900   0x08007900   0x00000026   Data   RO         1520    .constdata          c_p.l(_printf_fp_hex.o)
    0x08007926   0x08007926   0x00000002   PAD
    0x08007928   0x08007928   0x00000094   Data   RO         1533    .constdata          c_p.l(bigflt0.o)
    0x080079bc   0x080079bc   0x00000040   Data   RO         1125    .rodata.AHBPrescTable  system_stm32c0xx.o
    0x080079fc   0x080079fc   0x00000066   Data   RO          107    .rodata.str1.1      main.o
    0x08007a62   0x08007a62   0x000002a1   Data   RO          216    .rodata.str1.1      pa_rrf.o
    0x08007d03   0x08007d03   0x00000001   PAD
    0x08007d04   0x08007d04   0x00000020   Data   RO         1788    Region$$Table       anon$$obj.o
    0x08007d24   0x08007d24   0x00000008   Data   RO         1647    c$$dinf             fz_ps.l(fpconst.o)
    0x08007d2c   0x08007d2c   0x00000008   Data   RO         1650    c$$dmax             fz_ps.l(fpconst.o)
    0x08007d34   0x08007d34   0x0000001c   Data   RO         1543    locale$$data        c_p.l(lc_numeric_c.o)
    0x08007d50   0x08007d50   0x00000110   Data   RO         1563    locale$$data        c_p.l(lc_ctype_c.o)


    Execution Region RW_IRAM1 (Exec base: 0x20000000, Load base: 0x08007e60, Size: 0x00001800, Max: 0x00001800, ABSOLUTE)

    Exec Addr    Load Addr    Size         Type   Attr      Idx    E Section Name        Object

    0x20000000   0x08007e60   0x00000038   Data   RW         1142    .data               pa.lib(pa.o)
    0x20000038   0x08007e98   0x00000008   Data   RW          285    .data..L_MergedGlobals  stm32c0xx_hal.o
    0x20000040   0x08007ea0   0x00000004   Data   RW         1124    .data.SystemCoreClock  system_stm32c0xx.o
    0x20000044   0x08007ea4   0x00000001   Data   RW           24    .data.recvStat      iousart.o
    0x20000045   0x08007ea5   0x00000003   PAD
    0x20000048        -       0x00000200   Zero   RW         1139    .bss                pa.lib(pa.o)
    0x20000248        -       0x00000060   Zero   RW         1489    .bss                c_p.l(libspace.o)
    0x200002a8        -       0x0000005e   Zero   RW          119    .bss..L_MergedGlobals  main.o
    0x20000306   0x08007ea5   0x00000002   PAD
    0x20000308        -       0x00000008   Zero   RW          190    .bss..L_MergedGlobals  rrf_comm.o
    0x20000310        -       0x0000004c   Zero   RW          217    .bss..L_MergedGlobals  pa_rrf.o
    0x2000035c        -       0x00000004   Zero   RW           55    .bss.Init_Config    ads1220.o
    0x20000360        -       0x00000001   Zero   RW           56    .bss.PolarFlag      ads1220.o
    0x20000361   0x08007ea5   0x00000003   PAD
    0x20000364        -       0x00000054   Zero   RW          114    .bss.hi2c1          main.o
    0x200003b8        -       0x0000004c   Zero   RW          111    .bss.htim1          main.o
    0x20000404        -       0x0000004c   Zero   RW          112    .bss.htim14         main.o
    0x20000450        -       0x0000004c   Zero   RW          115    .bss.htim3          main.o
    0x2000049c        -       0x00000018   Zero   RW          412    .bss.pFlash         stm32c0xx_hal_flash.o
    0x200004b4        -       0x00000080   Zero   RW          110    .bss.pa_result      main.o
    0x20000534        -       0x00000800   Zero   RW          108    .bss.raw_dat        main.o
    0x20000d34        -       0x00000001   Zero   RW           23    .bss.recvData       iousart.o
    0x20000d35   0x08007ea5   0x00000003   PAD
    0x20000d38        -       0x00000040   Zero   RW          106    .bss.rxData         main.o
    0x20000d78        -       0x00000200   Zero   RW          215    .bss.s_data         pa_rrf.o
    0x20000f78        -       0x00000080   Zero   RW          117    .bss.s_dispatch_buf  main.o
    0x20000ff8        -       0x00000080   Zero   RW          187    .bss.s_rx_buf       rrf_comm.o
    0x20001078        -       0x00000100   Zero   RW          188    .bss.s_tx_buf       rrf_comm.o
    0x20001178        -       0x00000080   Zero   RW          109    .bss.usart_txBuff   main.o
    0x200011f8        -       0x00000004   Zero   RW          284    .bss.uwTick         stm32c0xx_hal.o
    0x200011fc   0x08007ea5   0x00000004   PAD
    0x20001200        -       0x00000200   Zero   RW            2    HEAP                startup_stm32c011xx.o
    0x20001400        -       0x00000400   Zero   RW            1    STACK               startup_stm32c011xx.o


==============================================================================

Image component sizes


      Code (inc. data)   RO Data    RW Data    ZI Data      Debug   Object Name

      1066         20          0          0          5       5606   ads1220.o
       676         40          0          1          1       7047   iousart.o
      3780        464        102          0       2902      23956   main.o
      2632        600        673          0        588       7938   pa_rrf.o
       392         48          0          0        392       3369   rrf_comm.o
        56         26        192          0       1536        632   startup_stm32c011xx.o
       160         16          0          8          4       6819   stm32c0xx_hal.o
       132         24          0          0          0       6521   stm32c0xx_hal_cortex.o
       130          8          0          0          0       9320   stm32c0xx_hal_dma.o
       620         48          0          0         24       8772   stm32c0xx_hal_flash.o
       740         36          0          0          0       7781   stm32c0xx_hal_flash_ex.o
       476         24          0          0          0       5024   stm32c0xx_hal_gpio.o
      2630         52          0          0          0      67063   stm32c0xx_hal_i2c.o
       132          0          0          0          0       6052   stm32c0xx_hal_i2c_ex.o
       316         20          0          0          0       8668   stm32c0xx_hal_msp.o
      1040         44          0          0          0       7569   stm32c0xx_hal_rcc.o
       300          8          0          0          0       4885   stm32c0xx_hal_rcc_ex.o
      1168         44          0          0          0      70367   stm32c0xx_hal_tim.o
        94          0          0          0          0      27229   stm32c0xx_hal_tim_ex.o
        96         12          0          0          0       2702   stm32c0xx_it.o
        16          4         64          4          0       1963   system_stm32c0xx.o

    ----------------------------------------------------------------------
     16670       1538       1064         16       5464     289283   Object Totals
         0          0         32          0          0          0   (incl. Generated)
        18          0          1          3         12          0   (incl. Padding)

    ----------------------------------------------------------------------

      Code (inc. data)   RO Data    RW Data    ZI Data      Debug   Library Member Name

        64          4          0          0          0         84   __2snprintf.o
        44          4          0          0          0         84   __2sprintf.o
         8          0          0          0          0         68   __main.o
       392          6         17          0          0         76   __printf_flags_ss_wp.o
        14          0          0          0          0         60   __printf_wp.o
         0          0          0          0          0          0   __rtentry.o
        12          0          0          0          0          0   __rtentry2.o
         6          0          0          0          0          0   __rtentry4.o
        86         10          0          0          0          0   __scatter.o
        26          0          0          0          0          0   __scatter_copy.o
        28          0          0          0          0          0   __scatter_zi.o
        66          0          0          0          0         76   _c16rtomb.o
        30          0          0          0          0         60   _chval.o
        10          0          0          0          0          0   _printf_a.o
        10          0          0          0          0          0   _printf_c.o
        46          0          0          0          0        100   _printf_char.o
        48          6          0          0          0         88   _printf_char_common.o
        38          0          0          0          0         60   _printf_charcount.o
        10          0          0          0          0          0   _printf_d.o
       108         18          0          0          0         76   _printf_dec.o
        10          0          0          0          0          0   _printf_e.o
        10          0          0          0          0          0   _printf_f.o
      1044         12          0          0          0        116   _printf_fp_dec.o
       728         10         38          0          0         84   _printf_fp_hex.o
       136         16          0          0          0         76   _printf_fp_infnan.o
        10          0          0          0          0          0   _printf_g.o
       152          4         40          0          0        148   _printf_hex_int_ll_ptr.o
        10          0          0          0          0          0   _printf_i.o
       176          0          0          0          0         84   _printf_intcommon.o
        10          0          0          0          0          0   _printf_l.o
        10          0          0          0          0          0   _printf_lc.o
        10          0          0          0          0          0   _printf_ll.o
        10          0          0          0          0          0   _printf_lld.o
        10          0          0          0          0          0   _printf_lli.o
        10          0          0          0          0          0   _printf_llo.o
        10          0          0          0          0          0   _printf_llu.o
        10          0          0          0          0          0   _printf_llx.o
       112         18          0          0          0         76   _printf_longlong_dec.o
        10          0          0          0          0          0   _printf_ls.o
        10          0          0          0          0          0   _printf_n.o
        10          0          0          0          0          0   _printf_o.o
       112         10          0          0          0        112   _printf_oct_int_ll.o
        10          0          0          0          0          0   _printf_p.o
        78          0          0          0          0        100   _printf_pad.o
         2          0          0          0          0          0   _printf_percent.o
         4          0          0          0          0          0   _printf_percent_end.o
        10          0          0          0          0          0   _printf_s.o
        82          0          0          0          0         72   _printf_str.o
        36          0          0          0          0         76   _printf_truncate.o
        10          0          0          0          0          0   _printf_u.o
        46          0          0          0          0        100   _printf_wchar.o
       188          6          8          0          0         80   _printf_wctomb.o
        10          0          0          0          0          0   _printf_x.o
        22          0          0          0          0         92   _rserrno.o
        68          0          0          0          0         76   _sgetc.o
        16          0          0          0          0         60   _snputc.o
        10          0          0          0          0         60   _sputc.o
       166          0          0          0          0         84   _strtoul.o
      1006          4          0          0          0        184   aeabi_sdivfast.o
        26          0          0          0          0         72   atoi.o
       216          6        148          0          0         80   bigflt0.o
      1456         30          0          0          0        336   btod.o
        16          0          0          0          0         68   exit.o
         6          0          0          0          0        136   heapauxi.o
         0          0          0          0          0          0   indicate_semi.o
        18          0          0          0          0         68   isspace.o
        44         10        272          0          0         76   lc_ctype_c.o
        44         10         28          0          0         76   lc_numeric_c.o
         2          0          0          0          0          0   libinit.o
        30          0          0          0          0          0   libinit2.o
         2          0          0          0          0          0   libshutdown.o
         2          0          0          0          0          0   libshutdown2.o
         8          4          0          0         96         68   libspace.o
        48          0          0          0          0         72   llmul.o
        32          0          0          0          0         68   llshl.o
       122          0          0          0          0         72   lludiv10.o
        90          0          0          0          0         68   memcmp.o
        16          4          0          0          0         76   rt_ctype_table.o
         8          4          0          0          0         68   rt_errno_addr_intlibspace.o
         8          4          0          0          0         68   rt_locale_intlibspace.o
        64          0          0          0          0        108   rt_memclr.o
        56          0          0          0          0         68   rt_memcpy.o
         2          0          0          0          0          0   rtexit.o
        10          0          0          0          0          0   rtexit2.o
        40          0          0          0          0         60   rtudiv10.o
      1312         26          0          0          0        124   scanf_fp.o
       820         14          0          0          0         84   scanf_hexfp.o
       316         16          0          0          0         84   scanf_infnan.o
        20          0          0          0          0         60   strchr.o
       176          4          0          0          0         80   strcmpv6m.o
        68          6          0          0          0         72   strlen.o
       184         16          0          0          0        120   strtod.o
       112          4          0          0          0         76   strtol.o
        12          4          0          0          0         60   sys_exit.o
        62          0          0          0          0         80   sys_stackheap_outer.o
         2          0          0          0          0         68   use_no_semi.o
        36          4          0          0          0         68   vsprintf.o
        46          0          0          0          0         60   cmpret.o
       124          4          0          0          0         72   d2f.o
       160          6          0          0          0         76   dcmpin.o
       100          4          0          0          0         92   deqf.o
        20          6          0          0          0         68   dnan2.o
       104          4          0          0          0        104   drlef.o
        96         12          0          0          0         72   dscalbn.o
        84          4          0          0          0         60   f2d.o
       348          8          0          0          0        160   faddsub.o
        94          0          0          0          0         92   fflti.o
       176          4          0          0          0         80   fmul.o
         0          0         16          0          0          0   fpconst.o
        16          4          0          0          0         76   printf1.o
        16          4          0          0          0         76   printf2.o
        94          0          0          0          0         68   retnan.o
        16          4          0          0          0         76   scanf1.o
        32          8          0          0          0        100   scanf2.o
         0          0          0          0          0          0   usenofp.o
        44          0          0          0          0         76   atof.o
        40         10          0          0          0        136   dunder.o
        44          4          0          0          0         60   fpclassify.o
        88         16          0          0          0         72   frexp.o
       132          0          0          0          0        140   ldexp.o
       216         10          0          0          0        144   narrow.o
      1028         48          0         56        512       8663   pa.o

    ----------------------------------------------------------------------
     14046        454        572         56        608      15819   Library Totals
        22          0          5          0          0          0   (incl. Padding)

    ----------------------------------------------------------------------

      Code (inc. data)   RO Data    RW Data    ZI Data      Debug   Library Name

     10906        294        551          0         96       5196   c_p.l
      1526         72         16          0          0       1332   fz_ps.l
       564         40          0          0          0        628   m_ps.l
      1028         48          0         56        512       8663   pa.lib

    ----------------------------------------------------------------------
     14046        454        572         56        608      15819   Library Totals

    ----------------------------------------------------------------------

==============================================================================


      Code (inc. data)   RO Data    RW Data    ZI Data      Debug   

     30716       1992       1636         72       6072     300902   Grand Totals
     30716       1992       1636         72       6072     300902   ELF Image Totals
     30716       1992       1636         72          0          0   ROM Totals

==============================================================================

    Total RO  Size (Code + RO Data)                32352 (  31.59kB)
    Total RW  Size (RW Data + ZI Data)              6144 (   6.00kB)
    Total ROM Size (Code + RO Data + RW Data)      32424 (  31.66kB)

==============================================================================

